Archive member included to satisfy reference by file (symbol)

/Applications/STM32CubeIDE.app/Contents/Eclipse/plugins/com.st.stm32cube.ide.mcu.externaltools.gnu-tools-for-stm32.10.3-2021.10.macos64_1.0.200.202301161003/tools/bin/../lib/gcc/arm-none-eabi/10.3.1/../../../../arm-none-eabi/lib/thumb/v7e-m+dp/hard/libc_nano.a(lib_a-errno.o)
                              ./Core/Src/syscalls.o (__errno)
/Applications/STM32CubeIDE.app/Contents/Eclipse/plugins/com.st.stm32cube.ide.mcu.externaltools.gnu-tools-for-stm32.10.3-2021.10.macos64_1.0.200.202301161003/tools/bin/../lib/gcc/arm-none-eabi/10.3.1/../../../../arm-none-eabi/lib/thumb/v7e-m+dp/hard/libc_nano.a(lib_a-exit.o)
                              /Applications/STM32CubeIDE.app/Contents/Eclipse/plugins/com.st.stm32cube.ide.mcu.externaltools.gnu-tools-for-stm32.10.3-2021.10.macos64_1.0.200.202301161003/tools/bin/../lib/gcc/arm-none-eabi/10.3.1/../../../../arm-none-eabi/lib/thumb/v7e-m+dp/hard/crt0.o (exit)
/Applications/STM32CubeIDE.app/Contents/Eclipse/plugins/com.st.stm32cube.ide.mcu.externaltools.gnu-tools-for-stm32.10.3-2021.10.macos64_1.0.200.202301161003/tools/bin/../lib/gcc/arm-none-eabi/10.3.1/../../../../arm-none-eabi/lib/thumb/v7e-m+dp/hard/libc_nano.a(lib_a-impure.o)
                              /Applications/STM32CubeIDE.app/Contents/Eclipse/plugins/com.st.stm32cube.ide.mcu.externaltools.gnu-tools-for-stm32.10.3-2021.10.macos64_1.0.200.202301161003/tools/bin/../lib/gcc/arm-none-eabi/10.3.1/../../../../arm-none-eabi/lib/thumb/v7e-m+dp/hard/libc_nano.a(lib_a-exit.o) (_global_impure_ptr)
/Applications/STM32CubeIDE.app/Contents/Eclipse/plugins/com.st.stm32cube.ide.mcu.externaltools.gnu-tools-for-stm32.10.3-2021.10.macos64_1.0.200.202301161003/tools/bin/../lib/gcc/arm-none-eabi/10.3.1/../../../../arm-none-eabi/lib/thumb/v7e-m+dp/hard/libc_nano.a(lib_a-init.o)
                              /Applications/STM32CubeIDE.app/Contents/Eclipse/plugins/com.st.stm32cube.ide.mcu.externaltools.gnu-tools-for-stm32.10.3-2021.10.macos64_1.0.200.202301161003/tools/bin/../lib/gcc/arm-none-eabi/10.3.1/../../../../arm-none-eabi/lib/thumb/v7e-m+dp/hard/crt0.o (__libc_init_array)
/Applications/STM32CubeIDE.app/Contents/Eclipse/plugins/com.st.stm32cube.ide.mcu.externaltools.gnu-tools-for-stm32.10.3-2021.10.macos64_1.0.200.202301161003/tools/bin/../lib/gcc/arm-none-eabi/10.3.1/../../../../arm-none-eabi/lib/thumb/v7e-m+dp/hard/libc_nano.a(lib_a-malloc.o)
                              ./Core/Src/main.o (malloc)
/Applications/STM32CubeIDE.app/Contents/Eclipse/plugins/com.st.stm32cube.ide.mcu.externaltools.gnu-tools-for-stm32.10.3-2021.10.macos64_1.0.200.202301161003/tools/bin/../lib/gcc/arm-none-eabi/10.3.1/../../../../arm-none-eabi/lib/thumb/v7e-m+dp/hard/libc_nano.a(lib_a-memcpy-stub.o)
                              ./Middlewares/Third_Party/FreeRTOS/Source/CMSIS_RTOS_V2/cmsis_os2.o (memcpy)
/Applications/STM32CubeIDE.app/Contents/Eclipse/plugins/com.st.stm32cube.ide.mcu.externaltools.gnu-tools-for-stm32.10.3-2021.10.macos64_1.0.200.202301161003/tools/bin/../lib/gcc/arm-none-eabi/10.3.1/../../../../arm-none-eabi/lib/thumb/v7e-m+dp/hard/libc_nano.a(lib_a-memset.o)
                              /Applications/STM32CubeIDE.app/Contents/Eclipse/plugins/com.st.stm32cube.ide.mcu.externaltools.gnu-tools-for-stm32.10.3-2021.10.macos64_1.0.200.202301161003/tools/bin/../lib/gcc/arm-none-eabi/10.3.1/../../../../arm-none-eabi/lib/thumb/v7e-m+dp/hard/crt0.o (memset)
/Applications/STM32CubeIDE.app/Contents/Eclipse/plugins/com.st.stm32cube.ide.mcu.externaltools.gnu-tools-for-stm32.10.3-2021.10.macos64_1.0.200.202301161003/tools/bin/../lib/gcc/arm-none-eabi/10.3.1/../../../../arm-none-eabi/lib/thumb/v7e-m+dp/hard/libc_nano.a(lib_a-nano-freer.o)
                              /Applications/STM32CubeIDE.app/Contents/Eclipse/plugins/com.st.stm32cube.ide.mcu.externaltools.gnu-tools-for-stm32.10.3-2021.10.macos64_1.0.200.202301161003/tools/bin/../lib/gcc/arm-none-eabi/10.3.1/../../../../arm-none-eabi/lib/thumb/v7e-m+dp/hard/libc_nano.a(lib_a-malloc.o) (_free_r)
/Applications/STM32CubeIDE.app/Contents/Eclipse/plugins/com.st.stm32cube.ide.mcu.externaltools.gnu-tools-for-stm32.10.3-2021.10.macos64_1.0.200.202301161003/tools/bin/../lib/gcc/arm-none-eabi/10.3.1/../../../../arm-none-eabi/lib/thumb/v7e-m+dp/hard/libc_nano.a(lib_a-nano-mallocr.o)
                              /Applications/STM32CubeIDE.app/Contents/Eclipse/plugins/com.st.stm32cube.ide.mcu.externaltools.gnu-tools-for-stm32.10.3-2021.10.macos64_1.0.200.202301161003/tools/bin/../lib/gcc/arm-none-eabi/10.3.1/../../../../arm-none-eabi/lib/thumb/v7e-m+dp/hard/libc_nano.a(lib_a-malloc.o) (_malloc_r)
/Applications/STM32CubeIDE.app/Contents/Eclipse/plugins/com.st.stm32cube.ide.mcu.externaltools.gnu-tools-for-stm32.10.3-2021.10.macos64_1.0.200.202301161003/tools/bin/../lib/gcc/arm-none-eabi/10.3.1/../../../../arm-none-eabi/lib/thumb/v7e-m+dp/hard/libc_nano.a(lib_a-puts.o)
                              ./Core/Src/main.o (puts)
[...]
Memory Configuration

Name             Origin             Length             Attributes
FLASH            0x0000000008000000 0x0000000000200000 xr
DTCMRAM          0x0000000020000000 0x0000000000020000 xrw
RAM_D1           0x0000000024000000 0x0000000000080000 xrw
RAM_D2           0x0000000030000000 0x0000000000048000 xrw
RAM_D3           0x0000000038000000 0x0000000000010000 xrw
ITCMRAM          0x0000000000000000 0x0000000000010000 xrw
*default*        0x0000000000000000 0xffffffffffffffff

Linker script and memory map

LOAD /Applications/STM32CubeIDE.app/Contents/Eclipse/plugins/com.st.stm32cube.ide.mcu.externaltools.gnu-tools-for-stm32.10.3-2021.10.macos64_1.0.200.202301161003/tools/bin/../lib/gcc/arm-none-eabi/10.3.1/thumb/v7e-m+dp/hard/crti.o
LOAD /Applications/STM32CubeIDE.app/Contents/Eclipse/plugins/com.st.stm32cube.ide.mcu.externaltools.gnu-tools-for-stm32.10.3-2021.10.macos64_1.0.200.202301161003/tools/bin/../lib/gcc/arm-none-eabi/10.3.1/thumb/v7e-m+dp/hard/crtbegin.o
LOAD /Applications/STM32CubeIDE.app/Contents/Eclipse/plugins/com.st.stm32cube.ide.mcu.externaltools.gnu-tools-for-stm32.10.3-2021.10.macos64_1.0.200.202301161003/tools/bin/../lib/gcc/arm-none-eabi/10.3.1/../../../../arm-none-eabi/lib/thumb/v7e-m+dp/hard/crt0.o
LOAD ./Core/Src/freertos.o
LOAD ./Core/Src/main.o
LOAD ./Core/Src/stm32h7xx_hal_msp.o
LOAD ./Core/Src/stm32h7xx_hal_timebase_tim.o
LOAD ./Core/Src/stm32h7xx_it.o
LOAD ./Core/Src/syscalls.o
LOAD ./Core/Src/sysmem.o
LOAD ./Core/Src/system_stm32h7xx.o
LOAD ./Core/Startup/startup_stm32h753vitx.o
LOAD ./Drivers/STM32H7xx_HAL_Driver/Src/stm32h7xx_hal.o
LOAD ./Drivers/STM32H7xx_HAL_Driver/Src/stm32h7xx_hal_adc.o
LOAD ./Drivers/STM32H7xx_HAL_Driver/Src/stm32h7xx_hal_adc_ex.o
LOAD ./Drivers/STM32H7xx_HAL_Driver/Src/stm32h7xx_hal_cortex.o
LOAD ./Drivers/STM32H7xx_HAL_Driver/Src/stm32h7xx_hal_dac.o
LOAD ./Drivers/STM32H7xx_HAL_Driver/Src/stm32h7xx_hal_dac_ex.o
LOAD ./Drivers/STM32H7xx_HAL_Driver/Src/stm32h7xx_hal_dma.o
LOAD ./Drivers/STM32H7xx_HAL_Driver/Src/stm32h7xx_hal_dma_ex.o
LOAD ./Drivers/STM32H7xx_HAL_Driver/Src/stm32h7xx_hal_exti.o
LOAD ./Drivers/STM32H7xx_HAL_Driver/Src/stm32h7xx_hal_flash.o
LOAD ./Drivers/STM32H7xx_HAL_Driver/Src/stm32h7xx_hal_flash_ex.o
LOAD ./Drivers/STM32H7xx_HAL_Driver/Src/stm32h7xx_hal_gpio.o
LOAD ./Drivers/STM32H7xx_HAL_Driver/Src/stm32h7xx_hal_hsem.o
LOAD ./Drivers/STM32H7xx_HAL_Driver/Src/stm32h7xx_hal_i2c.o
LOAD ./Drivers/STM32H7xx_HAL_Driver/Src/stm32h7xx_hal_i2c_ex.o
LOAD ./Drivers/STM32H7xx_HAL_Driver/Src/stm32h7xx_hal_mdma.o
LOAD ./Drivers/STM32H7xx_HAL_Driver/Src/stm32h7xx_hal_pwr.o
LOAD ./Drivers/STM32H7xx_HAL_Driver/Src/stm32h7xx_hal_pwr_ex.o
LOAD ./Drivers/STM32H7xx_HAL_Driver/Src/stm32h7xx_hal_rcc.o
LOAD ./Drivers/STM32H7xx_HAL_Driver/Src/stm32h7xx_hal_rcc_ex.o
LOAD ./Drivers/STM32H7xx_HAL_Driver/Src/stm32h7xx_hal_rtc.o
LOAD ./Drivers/STM32H7xx_HAL_Driver/Src/stm32h7xx_hal_rtc_ex.o
LOAD ./Drivers/STM32H7xx_HAL_Driver/Src/stm32h7xx_hal_spi.o
LOAD ./Drivers/STM32H7xx_HAL_Driver/Src/stm32h7xx_hal_spi_ex.o
LOAD ./Drivers/STM32H7xx_HAL_Driver/Src/stm32h7xx_hal_tim.o
LOAD ./Drivers/STM32H7xx_HAL_Driver/Src/stm32h7xx_hal_tim_ex.o
LOAD ./Drivers/STM32H7xx_HAL_Driver/Src/stm32h7xx_hal_uart.o
LOAD ./Drivers/STM32H7xx_HAL_Driver/Src/stm32h7xx_hal_uart_ex.o
LOAD ./Middlewares/Third_Party/FreeRTOS/Source/CMSIS_RTOS_V2/cmsis_os2.o
LOAD ./Middlewares/Third_Party/FreeRTOS/Source/croutine.o
LOAD ./Middlewares/Third_Party/FreeRTOS/Source/event_groups.o
LOAD ./Middlewares/Third_Party/FreeRTOS/Source/list.o
LOAD ./Middlewares/Third_Party/FreeRTOS/Source/queue.o
LOAD ./Middlewares/Third_Party/FreeRTOS/Source/stream_buffer.o
LOAD ./Middlewares/Third_Party/FreeRTOS/Source/tasks.o
LOAD ./Middlewares/Third_Party/FreeRTOS/Source/timers.o
LOAD ./Middlewares/Third_Party/FreeRTOS/Source/portable/GCC/ARM_CM4F/port.o
LOAD ./Middlewares/Third_Party/FreeRTOS/Source/portable/MemMang/heap_4.o
START GROUP
LOAD /Applications/STM32CubeIDE.app/Contents/Eclipse/plugins/com.st.stm32cube.ide.mcu.externaltools.gnu-tools-for-stm32.10.3-2021.10.macos64_1.0.200.202301161003/tools/bin/../lib/gcc/arm-none-eabi/10.3.1/../../../../arm-none-eabi/lib/thumb/v7e-m+dp/hard/libc_nano.a
LOAD /Applications/STM32CubeIDE.app/Contents/Eclipse/plugins/com.st.stm32cube.ide.mcu.externaltools.gnu-tools-for-stm32.10.3-2021.10.macos64_1.0.200.202301161003/tools/bin/../lib/gcc/arm-none-eabi/10.3.1/../../../../arm-none-eabi/lib/thumb/v7e-m+dp/hard/libm.a
END GROUP
START GROUP
LOAD /Applications/STM32CubeIDE.app/Contents/Eclipse/plugins/com.st.stm32cube.ide.mcu.externaltools.gnu-tools-for-stm32.10.3-2021.10.macos64_1.0.200.202301161003/tools/bin/../lib/gcc/arm-none-eabi/10.3.1/thumb/v7e-m+dp/hard/libgcc.a
LOAD /Applications/STM32CubeIDE.app/Contents/Eclipse/plugins/com.st.stm32cube.ide.mcu.externaltools.gnu-tools-for-stm32.10.3-2021.10.macos64_1.0.200.202301161003/tools/bin/../lib/gcc/arm-none-eabi/10.3.1/../../../../arm-none-eabi/lib/thumb/v7e-m+dp/hard/libc_nano.a
END GROUP
START GROUP
LOAD /Applications/STM32CubeIDE.app/Contents/Eclipse/plugins/com.st.stm32cube.ide.mcu.externaltools.gnu-tools-for-stm32.10.3-2021.10.macos64_1.0.200.202301161003/tools/bin/../lib/gcc/arm-none-eabi/10.3.1/thumb/v7e-m+dp/hard/libgcc.a
LOAD /Applications/STM32CubeIDE.app/Contents/Eclipse/plugins/com.st.stm32cube.ide.mcu.externaltools.gnu-tools-for-stm32.10.3-2021.10.macos64_1.0.200.202301161003/tools/bin/../lib/gcc/arm-none-eabi/10.3.1/../../../../arm-none-eabi/lib/thumb/v7e-m+dp/hard/libc_nano.a
LOAD /Applications/STM32CubeIDE.app/Contents/Eclipse/plugins/com.st.stm32cube.ide.mcu.externaltools.gnu-tools-for-stm32.10.3-2021.10.macos64_1.0.200.202301161003/tools/bin/../lib/gcc/arm-none-eabi/10.3.1/../../../../arm-none-eabi/lib/thumb/v7e-m+dp/hard/libnosys.a
END GROUP
START GROUP
LOAD /Applications/STM32CubeIDE.app/Contents/Eclipse/plugins/com.st.stm32cube.ide.mcu.externaltools.gnu-tools-for-stm32.10.3-2021.10.macos64_1.0.200.202301161003/tools/bin/../lib/gcc/arm-none-eabi/10.3.1/thumb/v7e-m+dp/hard/libgcc.a
LOAD /Applications/STM32CubeIDE.app/Contents/Eclipse/plugins/com.st.stm32cube.ide.mcu.externaltools.gnu-tools-for-stm32.10.3-2021.10.macos64_1.0.200.202301161003/tools/bin/../lib/gcc/arm-none-eabi/10.3.1/../../../../arm-none-eabi/lib/thumb/v7e-m+dp/hard/libc_nano.a
LOAD /Applications/STM32CubeIDE.app/Contents/Eclipse/plugins/com.st.stm32cube.ide.mcu.externaltools.gnu-tools-for-stm32.10.3-2021.10.macos64_1.0.200.202301161003/tools/bin/../lib/gcc/arm-none-eabi/10.3.1/../../../../arm-none-eabi/lib/thumb/v7e-m+dp/hard/libnosys.a
END GROUP
LOAD /Applications/STM32CubeIDE.app/Contents/Eclipse/plugins/com.st.stm32cube.ide.mcu.externaltools.gnu-tools-for-stm32.10.3-2021.10.macos64_1.0.200.202301161003/tools/bin/../lib/gcc/arm-none-eabi/10.3.1/thumb/v7e-m+dp/hard/crtend.o
LOAD /Applications/STM32CubeIDE.app/Contents/Eclipse/plugins/com.st.stm32cube.ide.mcu.externaltools.gnu-tools-for-stm32.10.3-2021.10.macos64_1.0.200.202301161003/tools/bin/../lib/gcc/arm-none-eabi/10.3.1/thumb/v7e-m+dp/hard/crtn.o
                0x0000000024080000                _estack = (ORIGIN (RAM_D1) + LENGTH (RAM_D1))
                0x0000000000000200                _Min_Heap_Size = 0x200
                0x0000000000000400                _Min_Stack_Size = 0x400

.isr_vector     0x0000000008000000      0x298
                0x0000000008000000                . = ALIGN (0x4)
 *(.isr_vector)
 .isr_vector    0x0000000008000000      0x298 ./Core/Startup/startup_stm32h753vitx.o
                0x0000000008000000                g_pfnVectors
                0x0000000008000298                . = ALIGN (0x4)

.text           0x00000000080002a0    0x14ec0
                0x00000000080002a0                . = ALIGN (0x4)
 *(.text)
 .text          0x00000000080002a0       0x40 /Applications/STM32CubeIDE.app/Contents/Eclipse/plugins/com.st.stm32cube.ide.mcu.externaltools.gnu-tools-for-stm32.10.3-2021.10.macos64_1.0.200.202301161003/tools/bin/../lib/gcc/arm-none-eabi/10.3.1/thumb/v7e-m+dp/hard/crtbegin.o
 .text          0x00000000080002e0       0x30 /Applications/STM32CubeIDE.app/Contents/Eclipse/plugins/com.st.stm32cube.ide.mcu.externaltools.gnu-tools-for-stm32.10.3-2021.10.macos64_1.0.200.202301161003/tools/bin/../lib/gcc/arm-none-eabi/10.3.1/thumb/v7e-m+dp/hard/libgcc.a(_aeabi_uldivmod.o)
                0x00000000080002e0                __aeabi_uldivmod
 .text          0x0000000008000310      0x2d0 /Applications/STM32CubeIDE.app/Contents/Eclipse/plugins/com.st.stm32cube.ide.mcu.externaltools.gnu-tools-for-stm32.10.3-2021.10.macos64_1.0.200.202301161003/tools/bin/../lib/gcc/arm-none-eabi/10.3.1/thumb/v7e-m+dp/hard/libgcc.a(_udivmoddi4.o)
                0x0000000008000310                __udivmoddi4
 .text          0x00000000080005e0        0x4 /Applications/STM32CubeIDE.app/Contents/Eclipse/plugins/com.st.stm32cube.ide.mcu.externaltools.gnu-tools-for-stm32.10.3-2021.10.macos64_1.0.200.202301161003/tools/bin/../lib/gcc/arm-none-eabi/10.3.1/thumb/v7e-m+dp/hard/libgcc.a(_dvmd_tls.o)
                0x00000000080005e0                __aeabi_ldiv0
                0x00000000080005e0                __aeabi_idiv0
 *(.text*)
 .text.HAL_TIM_OC_DelayElapsedCallback
                0x00000000080005e4       0x6c ./Core/Src/main.o
                0x00000000080005e4                HAL_TIM_OC_DelayElapsedCallback
 .text.HAL_UART_RxCpltCallback
                0x0000000008000650      0x7f0 ./Core/Src/main.o
                0x0000000008000650                HAL_UART_RxCpltCallback
 .text.main     0x0000000008000e40      0x148 ./Core/Src/main.o
                0x0000000008000e40                main
 .text.SystemClock_Config
                0x0000000008000f88      0x164 ./Core/Src/main.o
                0x0000000008000f88                SystemClock_Config
 .text.PeriphCommonClock_Config
                0x00000000080010ec       0x60 ./Core/Src/main.o
                0x00000000080010ec                PeriphCommonClock_Config
 .text.MX_ADC1_Init
                0x000000000800114c      0x244 ./Core/Src/main.o
 .text.MX_ADC3_Init
                0x0000000008001390      0x124 ./Core/Src/main.o
 .text.MX_DAC1_Init
                0x00000000080014b4       0x64 ./Core/Src/main.o
 .text.MX_I2C1_Init
                0x0000000008001518       0x80 ./Core/Src/main.o
 .text.MX_RTC_Init
                0x0000000008001598       0xbc ./Core/Src/main.o
 .text.MX_SPI1_Init
                0x0000000008001654       0xb0 ./Core/Src/main.o
 .text.MX_SPI2_Init
                0x0000000008001704       0xb0 ./Core/Src/main.o
 .text.MX_TIM1_Init
                0x00000000080017b4      0x15c ./Core/Src/main.o
 .text.MX_TIM2_Init
                0x0000000008001910       0xec ./Core/Src/main.o
 .text.MX_TIM3_Init
                0x00000000080019fc       0x9c ./Core/Src/main.o
 .text.MX_USART1_UART_Init
                0x0000000008001a98       0x98 ./Core/Src/main.o
 .text.MX_DMA_Init
                0x0000000008001b30       0x60 ./Core/Src/main.o
 .text.MX_GPIO_Init
                0x0000000008001b90       0xf4 ./Core/Src/main.o
 .text.handshake
                0x0000000008001c84      0x11c ./Core/Src/main.o
                0x0000000008001c84                handshake
 .text.system_setup
                0x0000000008001da0       0x88 ./Core/Src/main.o
                0x0000000008001da0                system_setup
 .text.getTimestamp
                0x0000000008001e28       0x8c ./Core/Src/main.o
                0x0000000008001e28                getTimestamp
 .text.sample_pmt
                0x0000000008001eb4      0x10c ./Core/Src/main.o
                0x0000000008001eb4                sample_pmt
 .text.sample_erpa
                0x0000000008001fc0      0x164 ./Core/Src/main.o
                0x0000000008001fc0                sample_erpa
 .text.sample_hk
                0x0000000008002124      0x394 ./Core/Src/main.o
                0x0000000008002124                sample_hk
 .text.PMT_init
                0x00000000080024b8       0x44 ./Core/Src/main.o
                0x00000000080024b8                PMT_init
 .text.ERPA_init
                0x00000000080024fc       0x44 ./Core/Src/main.o
                0x00000000080024fc                ERPA_init
 .text.HK_init  0x0000000008002540       0x44 ./Core/Src/main.o
                0x0000000008002540                HK_init
 .text.UART_RX_init
                0x0000000008002584       0x24 ./Core/Src/main.o
                0x0000000008002584                UART_RX_init
 .text.GPIO_on_init
                0x00000000080025a8       0xa8 ./Core/Src/main.o
                0x00000000080025a8                GPIO_on_init
 .text.GPIO_off_init
                0x0000000008002650       0xa8 ./Core/Src/main.o
                0x0000000008002650                GPIO_off_init
 .text.HAL_TIM_PeriodElapsedCallback
                0x00000000080026f8       0x24 ./Core/Src/main.o
                0x00000000080026f8                HAL_TIM_PeriodElapsedCallback
 .text.Error_Handler
                0x000000000800271c        0xa ./Core/Src/main.o
                0x000000000800271c                Error_Handler
 *fill*         0x0000000008002726        0x2 
 .text.HAL_MspInit
                0x0000000008002728       0x3c ./Core/Src/stm32h7xx_hal_msp.o
                0x0000000008002728                HAL_MspInit
 .text.HAL_ADC_MspInit
                0x0000000008002764      0x234 ./Core/Src/stm32h7xx_hal_msp.o
                0x0000000008002764                HAL_ADC_MspInit
 .text.HAL_DAC_MspInit
                0x0000000008002998      0x104 ./Core/Src/stm32h7xx_hal_msp.o
                0x0000000008002998                HAL_DAC_MspInit
 .text.HAL_I2C_MspInit
                0x0000000008002a9c       0xd4 ./Core/Src/stm32h7xx_hal_msp.o
                0x0000000008002a9c                HAL_I2C_MspInit
 .text.HAL_RTC_MspInit
                0x0000000008002b70       0x64 ./Core/Src/stm32h7xx_hal_msp.o
                0x0000000008002b70                HAL_RTC_MspInit
 .text.HAL_SPI_MspInit
                0x0000000008002bd4      0x16c ./Core/Src/stm32h7xx_hal_msp.o
                0x0000000008002bd4                HAL_SPI_MspInit
 .text.HAL_TIM_Base_MspInit
                0x0000000008002d40       0xf8 ./Core/Src/stm32h7xx_hal_msp.o
                0x0000000008002d40                HAL_TIM_Base_MspInit
 .text.HAL_TIM_MspPostInit
                0x0000000008002e38       0xc8 ./Core/Src/stm32h7xx_hal_msp.o
                0x0000000008002e38                HAL_TIM_MspPostInit
 .text.HAL_UART_MspInit
                0x0000000008002f00       0xe4 ./Core/Src/stm32h7xx_hal_msp.o
                0x0000000008002f00                HAL_UART_MspInit
 .text.HAL_InitTick
                0x0000000008002fe4       0xd8 ./Core/Src/stm32h7xx_hal_timebase_tim.o
                0x0000000008002fe4                HAL_InitTick
 .text.NMI_Handler
                0x00000000080030bc        0x6 ./Core/Src/stm32h7xx_it.o
                0x00000000080030bc                NMI_Handler
 .text.HardFault_Handler
                0x00000000080030c2        0x6 ./Core/Src/stm32h7xx_it.o
                0x00000000080030c2                HardFault_Handler
 .text.MemManage_Handler
                0x00000000080030c8        0x6 ./Core/Src/stm32h7xx_it.o
                0x00000000080030c8                MemManage_Handler
 .text.BusFault_Handler
                0x00000000080030ce        0x6 ./Core/Src/stm32h7xx_it.o
                0x00000000080030ce                BusFault_Handler
 .text.UsageFault_Handler
                0x00000000080030d4        0x6 ./Core/Src/stm32h7xx_it.o
                0x00000000080030d4                UsageFault_Handler
 .text.DebugMon_Handler
                0x00000000080030da        0xe ./Core/Src/stm32h7xx_it.o
                0x00000000080030da                DebugMon_Handler
 .text.DMA1_Stream0_IRQHandler
                0x00000000080030e8       0x14 ./Core/Src/stm32h7xx_it.o
                0x00000000080030e8                DMA1_Stream0_IRQHandler
 .text.DMA1_Stream1_IRQHandler
                0x00000000080030fc       0x14 ./Core/Src/stm32h7xx_it.o
                0x00000000080030fc                DMA1_Stream1_IRQHandler
 .text.DMA1_Stream5_IRQHandler
                0x0000000008003110       0x14 ./Core/Src/stm32h7xx_it.o
                0x0000000008003110                DMA1_Stream5_IRQHandler
 .text.TIM1_BRK_IRQHandler
                0x0000000008003124       0x14 ./Core/Src/stm32h7xx_it.o
                0x0000000008003124                TIM1_BRK_IRQHandler
 .text.TIM1_UP_IRQHandler
                0x0000000008003138       0x14 ./Core/Src/stm32h7xx_it.o
                0x0000000008003138                TIM1_UP_IRQHandler
 .text.TIM1_TRG_COM_IRQHandler
                0x000000000800314c       0x14 ./Core/Src/stm32h7xx_it.o
                0x000000000800314c                TIM1_TRG_COM_IRQHandler
 .text.TIM1_CC_IRQHandler
                0x0000000008003160       0x14 ./Core/Src/stm32h7xx_it.o
                0x0000000008003160                TIM1_CC_IRQHandler
 .text.TIM2_IRQHandler
                0x0000000008003174       0x14 ./Core/Src/stm32h7xx_it.o
                0x0000000008003174                TIM2_IRQHandler
 .text.TIM3_IRQHandler
                0x0000000008003188       0x14 ./Core/Src/stm32h7xx_it.o
                0x0000000008003188                TIM3_IRQHandler
 .text.USART1_IRQHandler
                0x000000000800319c       0x14 ./Core/Src/stm32h7xx_it.o
                0x000000000800319c                USART1_IRQHandler
 .text.TIM6_DAC_IRQHandler
                0x00000000080031b0       0x28 ./Core/Src/stm32h7xx_it.o
                0x00000000080031b0                TIM6_DAC_IRQHandler
 .text.ITM_SendChar
                0x00000000080031d8       0x50 ./Core/Src/syscalls.o
                0x00000000080031d8                ITM_SendChar
 .text._read    0x0000000008003228       0x3a ./Core/Src/syscalls.o
                0x0000000008003228                _read
 .text._write   0x0000000008003262       0x38 ./Core/Src/syscalls.o
                0x0000000008003262                _write
 .text._close   0x000000000800329a       0x18 ./Core/Src/syscalls.o
                0x000000000800329a                _close
 .text._fstat   0x00000000080032b2       0x20 ./Core/Src/syscalls.o
                0x00000000080032b2                _fstat
 .text._isatty  0x00000000080032d2       0x16 ./Core/Src/syscalls.o
                0x00000000080032d2                _isatty
 .text._lseek   0x00000000080032e8       0x1a ./Core/Src/syscalls.o
                0x00000000080032e8                _lseek
 *fill*         0x0000000008003302        0x2 
 .text._sbrk    0x0000000008003304       0x6c ./Core/Src/sysmem.o
                0x0000000008003304                _sbrk
 .text.SystemInit
                0x0000000008003370      0x110 ./Core/Src/system_stm32h7xx.o
                0x0000000008003370                SystemInit
 .text.Reset_Handler
                0x0000000008003480       0x50 ./Core/Startup/startup_stm32h753vitx.o
                0x0000000008003480                Reset_Handler
 .text.Default_Handler
                0x00000000080034d0        0x2 ./Core/Startup/startup_stm32h753vitx.o
                0x00000000080034d0                DMA1_Stream3_IRQHandler
                0x00000000080034d0                HASH_RNG_IRQHandler
                0x00000000080034d0                EXTI2_IRQHandler
                0x00000000080034d0                TIM8_CC_IRQHandler
                0x00000000080034d0                HRTIM1_Master_IRQHandler
                0x00000000080034d0                UART8_IRQHandler
                0x00000000080034d0                SPI4_IRQHandler
                0x00000000080034d0                BDMA_Channel6_IRQHandler
                0x00000000080034d0                DMA2_Stream5_IRQHandler
                0x00000000080034d0                HRTIM1_FLT_IRQHandler
                0x00000000080034d0                JPEG_IRQHandler
                0x00000000080034d0                BDMA_Channel1_IRQHandler
                0x00000000080034d0                HRTIM1_TIMD_IRQHandler
                0x00000000080034d0                TAMP_STAMP_IRQHandler
                0x00000000080034d0                EXTI3_IRQHandler
                0x00000000080034d0                LPTIM4_IRQHandler
                0x00000000080034d0                TIM8_TRG_COM_TIM14_IRQHandler
                0x00000000080034d0                LPTIM2_IRQHandler
                0x00000000080034d0                DFSDM1_FLT1_IRQHandler
                0x00000000080034d0                DMAMUX2_OVR_IRQHandler
                0x00000000080034d0                TIM8_UP_TIM13_IRQHandler
                0x00000000080034d0                I2C3_ER_IRQHandler
                0x00000000080034d0                DFSDM1_FLT2_IRQHandler
                0x00000000080034d0                MDMA_IRQHandler
                0x00000000080034d0                LPTIM3_IRQHandler
                0x00000000080034d0                HSEM1_IRQHandler
                0x00000000080034d0                EXTI0_IRQHandler
                0x00000000080034d0                I2C2_EV_IRQHandler
                0x00000000080034d0                DMA1_Stream2_IRQHandler
                0x00000000080034d0                FPU_IRQHandler
                0x00000000080034d0                OTG_HS_WKUP_IRQHandler
                0x00000000080034d0                FDCAN1_IT1_IRQHandler
                0x00000000080034d0                LTDC_ER_IRQHandler
                0x00000000080034d0                DMA2_Stream2_IRQHandler
                0x00000000080034d0                HRTIM1_TIME_IRQHandler
                0x00000000080034d0                SPI1_IRQHandler
                0x00000000080034d0                DCMI_IRQHandler
                0x00000000080034d0                HRTIM1_TIMC_IRQHandler
                0x00000000080034d0                DMA2_Stream3_IRQHandler
                0x00000000080034d0                SAI2_IRQHandler
                0x00000000080034d0                DFSDM1_FLT3_IRQHandler
                0x00000000080034d0                USART6_IRQHandler
                0x00000000080034d0                TIM17_IRQHandler
                0x00000000080034d0                USART3_IRQHandler
                0x00000000080034d0                BDMA_Channel7_IRQHandler
                0x00000000080034d0                CRYP_IRQHandler
                0x00000000080034d0                LPTIM5_IRQHandler
                0x00000000080034d0                UART5_IRQHandler
                0x00000000080034d0                ADC3_IRQHandler
                0x00000000080034d0                DMA2_Stream0_IRQHandler
                0x00000000080034d0                TIM4_IRQHandler
                0x00000000080034d0                BDMA_Channel2_IRQHandler
                0x00000000080034d0                QUADSPI_IRQHandler
                0x00000000080034d0                I2C1_EV_IRQHandler
                0x00000000080034d0                DMA1_Stream6_IRQHandler
                0x00000000080034d0                DMAMUX1_OVR_IRQHandler
                0x00000000080034d0                TIM16_IRQHandler
                0x00000000080034d0                UART4_IRQHandler
                0x00000000080034d0                BDMA_Channel5_IRQHandler
                0x00000000080034d0                RCC_IRQHandler
                0x00000000080034d0                TIM8_BRK_TIM12_IRQHandler
                0x00000000080034d0                Default_Handler
                0x00000000080034d0                ECC_IRQHandler
                0x00000000080034d0                CEC_IRQHandler
                0x00000000080034d0                EXTI15_10_IRQHandler
                0x00000000080034d0                BDMA_Channel0_IRQHandler
                0x00000000080034d0                ADC_IRQHandler
                0x00000000080034d0                DMA1_Stream7_IRQHandler
                0x00000000080034d0                HRTIM1_TIMA_IRQHandler
                0x00000000080034d0                SPI5_IRQHandler
                0x00000000080034d0                TIM7_IRQHandler
                0x00000000080034d0                SDMMC1_IRQHandler
                0x00000000080034d0                TIM5_IRQHandler
                0x00000000080034d0                DMA2_Stream7_IRQHandler
                0x00000000080034d0                TIM15_IRQHandler
                0x00000000080034d0                PVD_AVD_IRQHandler
                0x00000000080034d0                I2C3_EV_IRQHandler
                0x00000000080034d0                EXTI9_5_IRQHandler
                0x00000000080034d0                RTC_WKUP_IRQHandler
                0x00000000080034d0                LTDC_IRQHandler
                0x00000000080034d0                SAI3_IRQHandler
                0x00000000080034d0                ETH_WKUP_IRQHandler
                0x00000000080034d0                SPDIF_RX_IRQHandler
                0x00000000080034d0                SPI2_IRQHandler
                0x00000000080034d0                OTG_HS_EP1_IN_IRQHandler
                0x00000000080034d0                CRS_IRQHandler
                0x00000000080034d0                EXTI4_IRQHandler
                0x00000000080034d0                HRTIM1_TIMB_IRQHandler
                0x00000000080034d0                FDCAN2_IT1_IRQHandler
                0x00000000080034d0                ETH_IRQHandler
                0x00000000080034d0                BDMA_Channel4_IRQHandler
                0x00000000080034d0                OTG_HS_EP1_OUT_IRQHandler
                0x00000000080034d0                WWDG_IRQHandler
                0x00000000080034d0                SPI6_IRQHandler
                0x00000000080034d0                MDIOS_IRQHandler
                0x00000000080034d0                I2C4_EV_IRQHandler
                0x00000000080034d0                FDCAN2_IT0_IRQHandler
                0x00000000080034d0                LPUART1_IRQHandler
                0x00000000080034d0                FDCAN1_IT0_IRQHandler
                0x00000000080034d0                OTG_FS_WKUP_IRQHandler
                0x00000000080034d0                OTG_HS_IRQHandler
                0x00000000080034d0                DMA2D_IRQHandler
                0x00000000080034d0                EXTI1_IRQHandler
                0x00000000080034d0                SDMMC2_IRQHandler
                0x00000000080034d0                OTG_FS_EP1_OUT_IRQHandler
                0x00000000080034d0                BDMA_Channel3_IRQHandler
                0x00000000080034d0                UART7_IRQHandler
                0x00000000080034d0                MDIOS_WKUP_IRQHandler
                0x00000000080034d0                USART2_IRQHandler
                0x00000000080034d0                DFSDM1_FLT0_IRQHandler
                0x00000000080034d0                SAI4_IRQHandler
                0x00000000080034d0                I2C2_ER_IRQHandler
                0x00000000080034d0                DMA2_Stream1_IRQHandler
                0x00000000080034d0                FLASH_IRQHandler
                0x00000000080034d0                DMA2_Stream4_IRQHandler
                0x00000000080034d0                OTG_FS_IRQHandler
                0x00000000080034d0                SPI3_IRQHandler
                0x00000000080034d0                WAKEUP_PIN_IRQHandler
                0x00000000080034d0                DMA1_Stream4_IRQHandler
                0x00000000080034d0                OTG_FS_EP1_IN_IRQHandler
                0x00000000080034d0                I2C1_ER_IRQHandler
                0x00000000080034d0                FMC_IRQHandler
                0x00000000080034d0                FDCAN_CAL_IRQHandler
                0x00000000080034d0                SWPMI1_IRQHandler
                0x00000000080034d0                COMP1_IRQHandler
                0x00000000080034d0                LPTIM1_IRQHandler
                0x00000000080034d0                I2C4_ER_IRQHandler
                0x00000000080034d0                DMA2_Stream6_IRQHandler
                0x00000000080034d0                SAI1_IRQHandler
                0x00000000080034d0                RTC_Alarm_IRQHandler
 *fill*         0x00000000080034d2        0x2 
 .text.HAL_Init
                0x00000000080034d4       0x78 ./Drivers/STM32H7xx_HAL_Driver/Src/stm32h7xx_hal.o
                0x00000000080034d4                HAL_Init
 .text.HAL_IncTick
                0x000000000800354c       0x28 ./Drivers/STM32H7xx_HAL_Driver/Src/stm32h7xx_hal.o
                0x000000000800354c                HAL_IncTick
 .text.HAL_GetTick
                0x0000000008003574       0x18 ./Drivers/STM32H7xx_HAL_Driver/Src/stm32h7xx_hal.o
                0x0000000008003574                HAL_GetTick
 .text.HAL_GetREVID
                0x000000000800358c       0x18 ./Drivers/STM32H7xx_HAL_Driver/Src/stm32h7xx_hal.o
                0x000000000800358c                HAL_GetREVID
 .text.HAL_SYSCFG_AnalogSwitchConfig
                0x00000000080035a4       0x2c ./Drivers/STM32H7xx_HAL_Driver/Src/stm32h7xx_hal.o
                0x00000000080035a4                HAL_SYSCFG_AnalogSwitchConfig
 .text.LL_ADC_SetCommonClock
                0x00000000080035d0       0x26 ./Drivers/STM32H7xx_HAL_Driver/Src/stm32h7xx_hal_adc.o
 .text.LL_ADC_SetCommonPathInternalCh
                0x00000000080035f6       0x26 ./Drivers/STM32H7xx_HAL_Driver/Src/stm32h7xx_hal_adc.o
 .text.LL_ADC_GetCommonPathInternalCh
                0x000000000800361c       0x1c ./Drivers/STM32H7xx_HAL_Driver/Src/stm32h7xx_hal_adc.o
 .text.LL_ADC_SetOffset
                0x0000000008003638       0x40 ./Drivers/STM32H7xx_HAL_Driver/Src/stm32h7xx_hal_adc.o
 .text.LL_ADC_SetDataRightShift
                0x0000000008003678       0x32 ./Drivers/STM32H7xx_HAL_Driver/Src/stm32h7xx_hal_adc.o
 .text.LL_ADC_SetOffsetSignedSaturation
                0x00000000080036aa       0x36 ./Drivers/STM32H7xx_HAL_Driver/Src/stm32h7xx_hal_adc.o
 .text.LL_ADC_REG_IsTriggerSourceSWStart
                0x00000000080036e0       0x26 ./Drivers/STM32H7xx_HAL_Driver/Src/stm32h7xx_hal_adc.o
 .text.LL_ADC_REG_SetSequencerRanks
                0x0000000008003706       0x58 ./Drivers/STM32H7xx_HAL_Driver/Src/stm32h7xx_hal_adc.o
 .text.LL_ADC_REG_SetDataTransferMode
                0x000000000800375e       0x26 ./Drivers/STM32H7xx_HAL_Driver/Src/stm32h7xx_hal_adc.o
 .text.LL_ADC_SetChannelSamplingTime
                0x0000000008003784       0x56 ./Drivers/STM32H7xx_HAL_Driver/Src/stm32h7xx_hal_adc.o
 *fill*         0x00000000080037da        0x2 
 .text.LL_ADC_SetChannelSingleDiff
                0x00000000080037dc       0x48 ./Drivers/STM32H7xx_HAL_Driver/Src/stm32h7xx_hal_adc.o
 .text.LL_ADC_GetMultimode
                0x0000000008003824       0x1c ./Drivers/STM32H7xx_HAL_Driver/Src/stm32h7xx_hal_adc.o
 .text.LL_ADC_DisableDeepPowerDown
                0x0000000008003840       0x24 ./Drivers/STM32H7xx_HAL_Driver/Src/stm32h7xx_hal_adc.o
 .text.LL_ADC_IsDeepPowerDownEnabled
                0x0000000008003864       0x28 ./Drivers/STM32H7xx_HAL_Driver/Src/stm32h7xx_hal_adc.o
 .text.LL_ADC_EnableInternalRegulator
                0x000000000800388c       0x28 ./Drivers/STM32H7xx_HAL_Driver/Src/stm32h7xx_hal_adc.o
 .text.LL_ADC_IsInternalRegulatorEnabled
                0x00000000080038b4       0x28 ./Drivers/STM32H7xx_HAL_Driver/Src/stm32h7xx_hal_adc.o
 .text.LL_ADC_Enable
                0x00000000080038dc       0x28 ./Drivers/STM32H7xx_HAL_Driver/Src/stm32h7xx_hal_adc.o
 .text.LL_ADC_Disable
                0x0000000008003904       0x28 ./Drivers/STM32H7xx_HAL_Driver/Src/stm32h7xx_hal_adc.o
 .text.LL_ADC_IsEnabled
                0x000000000800392c       0x26 ./Drivers/STM32H7xx_HAL_Driver/Src/stm32h7xx_hal_adc.o
 .text.LL_ADC_IsDisableOngoing
                0x0000000008003952       0x26 ./Drivers/STM32H7xx_HAL_Driver/Src/stm32h7xx_hal_adc.o
 .text.LL_ADC_REG_StartConversion
                0x0000000008003978       0x28 ./Drivers/STM32H7xx_HAL_Driver/Src/stm32h7xx_hal_adc.o
 .text.LL_ADC_REG_IsConversionOngoing
                0x00000000080039a0       0x26 ./Drivers/STM32H7xx_HAL_Driver/Src/stm32h7xx_hal_adc.o
 .text.LL_ADC_INJ_IsConversionOngoing
                0x00000000080039c6       0x26 ./Drivers/STM32H7xx_HAL_Driver/Src/stm32h7xx_hal_adc.o
 .text.HAL_ADC_Init
                0x00000000080039ec      0x344 ./Drivers/STM32H7xx_HAL_Driver/Src/stm32h7xx_hal_adc.o
                0x00000000080039ec                HAL_ADC_Init
 .text.HAL_ADC_Start_DMA
                0x0000000008003d30      0x188 ./Drivers/STM32H7xx_HAL_Driver/Src/stm32h7xx_hal_adc.o
                0x0000000008003d30                HAL_ADC_Start_DMA
 .text.HAL_ADC_ConvCpltCallback
                0x0000000008003eb8       0x14 ./Drivers/STM32H7xx_HAL_Driver/Src/stm32h7xx_hal_adc.o
                0x0000000008003eb8                HAL_ADC_ConvCpltCallback
 .text.HAL_ADC_ConvHalfCpltCallback
                0x0000000008003ecc       0x14 ./Drivers/STM32H7xx_HAL_Driver/Src/stm32h7xx_hal_adc.o
                0x0000000008003ecc                HAL_ADC_ConvHalfCpltCallback
 .text.HAL_ADC_ErrorCallback
                0x0000000008003ee0       0x14 ./Drivers/STM32H7xx_HAL_Driver/Src/stm32h7xx_hal_adc.o
                0x0000000008003ee0                HAL_ADC_ErrorCallback
 .text.HAL_ADC_ConfigChannel
                0x0000000008003ef4      0x6b8 ./Drivers/STM32H7xx_HAL_Driver/Src/stm32h7xx_hal_adc.o
                0x0000000008003ef4                HAL_ADC_ConfigChannel
 .text.ADC_Enable
                0x00000000080045ac      0x114 ./Drivers/STM32H7xx_HAL_Driver/Src/stm32h7xx_hal_adc.o
                0x00000000080045ac                ADC_Enable
 .text.ADC_Disable
                0x00000000080046c0       0xbe ./Drivers/STM32H7xx_HAL_Driver/Src/stm32h7xx_hal_adc.o
                0x00000000080046c0                ADC_Disable
 .text.ADC_DMAConvCplt
                0x000000000800477e       0xd8 ./Drivers/STM32H7xx_HAL_Driver/Src/stm32h7xx_hal_adc.o
                0x000000000800477e                ADC_DMAConvCplt
 .text.ADC_DMAHalfConvCplt
                0x0000000008004856       0x1c ./Drivers/STM32H7xx_HAL_Driver/Src/stm32h7xx_hal_adc.o
                0x0000000008004856                ADC_DMAHalfConvCplt
 .text.ADC_DMAError
                0x0000000008004872       0x34 ./Drivers/STM32H7xx_HAL_Driver/Src/stm32h7xx_hal_adc.o
                0x0000000008004872                ADC_DMAError
 *fill*         0x00000000080048a6        0x2 
 .text.ADC_ConfigureBoostMode
                0x00000000080048a8      0x218 ./Drivers/STM32H7xx_HAL_Driver/Src/stm32h7xx_hal_adc.o
                0x00000000080048a8                ADC_ConfigureBoostMode
 .text.LL_ADC_IsEnabled
                0x0000000008004ac0       0x26 ./Drivers/STM32H7xx_HAL_Driver/Src/stm32h7xx_hal_adc_ex.o
 *fill*         0x0000000008004ae6        0x2 
 .text.LL_ADC_StartCalibration
                0x0000000008004ae8       0x3c ./Drivers/STM32H7xx_HAL_Driver/Src/stm32h7xx_hal_adc_ex.o
 .text.LL_ADC_IsCalibrationOnGoing
                0x0000000008004b24       0x28 ./Drivers/STM32H7xx_HAL_Driver/Src/stm32h7xx_hal_adc_ex.o
 .text.LL_ADC_REG_IsConversionOngoing
                0x0000000008004b4c       0x26 ./Drivers/STM32H7xx_HAL_Driver/Src/stm32h7xx_hal_adc_ex.o
 *fill*         0x0000000008004b72        0x2 
 .text.HAL_ADCEx_Calibration_Start
                0x0000000008004b74       0xc8 ./Drivers/STM32H7xx_HAL_Driver/Src/stm32h7xx_hal_adc_ex.o
                0x0000000008004b74                HAL_ADCEx_Calibration_Start
 .text.HAL_ADCEx_MultiModeConfigChannel
                0x0000000008004c3c      0x1bc ./Drivers/STM32H7xx_HAL_Driver/Src/stm32h7xx_hal_adc_ex.o
                0x0000000008004c3c                HAL_ADCEx_MultiModeConfigChannel
 .text.__NVIC_SetPriorityGrouping
                0x0000000008004df8       0x48 ./Drivers/STM32H7xx_HAL_Driver/Src/stm32h7xx_hal_cortex.o
 .text.__NVIC_GetPriorityGrouping
                0x0000000008004e40       0x1c ./Drivers/STM32H7xx_HAL_Driver/Src/stm32h7xx_hal_cortex.o
 .text.__NVIC_EnableIRQ
                0x0000000008004e5c       0x3c ./Drivers/STM32H7xx_HAL_Driver/Src/stm32h7xx_hal_cortex.o
 .text.__NVIC_SetPriority
                0x0000000008004e98       0x54 ./Drivers/STM32H7xx_HAL_Driver/Src/stm32h7xx_hal_cortex.o
 .text.NVIC_EncodePriority
                0x0000000008004eec       0x66 ./Drivers/STM32H7xx_HAL_Driver/Src/stm32h7xx_hal_cortex.o
 .text.HAL_NVIC_SetPriorityGrouping
                0x0000000008004f52       0x16 ./Drivers/STM32H7xx_HAL_Driver/Src/stm32h7xx_hal_cortex.o
                0x0000000008004f52                HAL_NVIC_SetPriorityGrouping
 .text.HAL_NVIC_SetPriority
                0x0000000008004f68       0x34 ./Drivers/STM32H7xx_HAL_Driver/Src/stm32h7xx_hal_cortex.o
                0x0000000008004f68                HAL_NVIC_SetPriority
 .text.HAL_NVIC_EnableIRQ
                0x0000000008004f9c       0x1c ./Drivers/STM32H7xx_HAL_Driver/Src/stm32h7xx_hal_cortex.o
                0x0000000008004f9c                HAL_NVIC_EnableIRQ
 .text.HAL_DAC_Init
                0x0000000008004fb8       0x44 ./Drivers/STM32H7xx_HAL_Driver/Src/stm32h7xx_hal_dac.o
                0x0000000008004fb8                HAL_DAC_Init
 .text.HAL_DAC_Start
                0x0000000008004ffc       0xae ./Drivers/STM32H7xx_HAL_Driver/Src/stm32h7xx_hal_dac.o
                0x0000000008004ffc                HAL_DAC_Start
 *fill*         0x00000000080050aa        0x2 
 .text.HAL_DAC_Start_DMA
                0x00000000080050ac      0x180 ./Drivers/STM32H7xx_HAL_Driver/Src/stm32h7xx_hal_dac.o
                0x00000000080050ac                HAL_DAC_Start_DMA
 .text.HAL_DAC_Stop_DMA
                0x000000000800522c       0x9a ./Drivers/STM32H7xx_HAL_Driver/Src/stm32h7xx_hal_dac.o
                0x000000000800522c                HAL_DAC_Stop_DMA
 .text.HAL_DAC_IRQHandler
                0x00000000080052c6       0xac ./Drivers/STM32H7xx_HAL_Driver/Src/stm32h7xx_hal_dac.o
                0x00000000080052c6                HAL_DAC_IRQHandler
 .text.HAL_DAC_SetValue
                0x0000000008005372       0x54 ./Drivers/STM32H7xx_HAL_Driver/Src/stm32h7xx_hal_dac.o
                0x0000000008005372                HAL_DAC_SetValue
 .text.HAL_DAC_ConvCpltCallbackCh1
                0x00000000080053c6       0x14 ./Drivers/STM32H7xx_HAL_Driver/Src/stm32h7xx_hal_dac.o
                0x00000000080053c6                HAL_DAC_ConvCpltCallbackCh1
 .text.HAL_DAC_ConvHalfCpltCallbackCh1
                0x00000000080053da       0x14 ./Drivers/STM32H7xx_HAL_Driver/Src/stm32h7xx_hal_dac.o
                0x00000000080053da                HAL_DAC_ConvHalfCpltCallbackCh1
 .text.HAL_DAC_ErrorCallbackCh1
                0x00000000080053ee       0x14 ./Drivers/STM32H7xx_HAL_Driver/Src/stm32h7xx_hal_dac.o
                0x00000000080053ee                HAL_DAC_ErrorCallbackCh1
 .text.HAL_DAC_DMAUnderrunCallbackCh1
                0x0000000008005402       0x14 ./Drivers/STM32H7xx_HAL_Driver/Src/stm32h7xx_hal_dac.o
                0x0000000008005402                HAL_DAC_DMAUnderrunCallbackCh1
 *fill*         0x0000000008005416        0x2 
 .text.HAL_DAC_ConfigChannel
                0x0000000008005418      0x284 ./Drivers/STM32H7xx_HAL_Driver/Src/stm32h7xx_hal_dac.o
                0x0000000008005418                HAL_DAC_ConfigChannel
 .text.DAC_DMAConvCpltCh1
                0x000000000800569c       0x22 ./Drivers/STM32H7xx_HAL_Driver/Src/stm32h7xx_hal_dac.o
                0x000000000800569c                DAC_DMAConvCpltCh1
 .text.DAC_DMAHalfConvCpltCh1
                0x00000000080056be       0x1c ./Drivers/STM32H7xx_HAL_Driver/Src/stm32h7xx_hal_dac.o
                0x00000000080056be                DAC_DMAHalfConvCpltCh1
 .text.DAC_DMAErrorCh1
                0x00000000080056da       0x2e ./Drivers/STM32H7xx_HAL_Driver/Src/stm32h7xx_hal_dac.o
                0x00000000080056da                DAC_DMAErrorCh1
 .text.HAL_DACEx_ConvCpltCallbackCh2
                0x0000000008005708       0x14 ./Drivers/STM32H7xx_HAL_Driver/Src/stm32h7xx_hal_dac_ex.o
                0x0000000008005708                HAL_DACEx_ConvCpltCallbackCh2
 .text.HAL_DACEx_ConvHalfCpltCallbackCh2
                0x000000000800571c       0x14 ./Drivers/STM32H7xx_HAL_Driver/Src/stm32h7xx_hal_dac_ex.o
                0x000000000800571c                HAL_DACEx_ConvHalfCpltCallbackCh2
 .text.HAL_DACEx_ErrorCallbackCh2
                0x0000000008005730       0x14 ./Drivers/STM32H7xx_HAL_Driver/Src/stm32h7xx_hal_dac_ex.o
                0x0000000008005730                HAL_DACEx_ErrorCallbackCh2
 .text.HAL_DACEx_DMAUnderrunCallbackCh2
                0x0000000008005744       0x14 ./Drivers/STM32H7xx_HAL_Driver/Src/stm32h7xx_hal_dac_ex.o
                0x0000000008005744                HAL_DACEx_DMAUnderrunCallbackCh2
 .text.DAC_DMAConvCpltCh2
                0x0000000008005758       0x22 ./Drivers/STM32H7xx_HAL_Driver/Src/stm32h7xx_hal_dac_ex.o
                0x0000000008005758                DAC_DMAConvCpltCh2
 .text.DAC_DMAHalfConvCpltCh2
                0x000000000800577a       0x1c ./Drivers/STM32H7xx_HAL_Driver/Src/stm32h7xx_hal_dac_ex.o
                0x000000000800577a                DAC_DMAHalfConvCpltCh2
 .text.DAC_DMAErrorCh2
                0x0000000008005796       0x2e ./Drivers/STM32H7xx_HAL_Driver/Src/stm32h7xx_hal_dac_ex.o
                0x0000000008005796                DAC_DMAErrorCh2
 .text.HAL_DMA_Init
                0x00000000080057c4      0x6b8 ./Drivers/STM32H7xx_HAL_Driver/Src/stm32h7xx_hal_dma.o
                0x00000000080057c4                HAL_DMA_Init
 .text.HAL_DMA_Start_IT
                0x0000000008005e7c      0x4d4 ./Drivers/STM32H7xx_HAL_Driver/Src/stm32h7xx_hal_dma.o
                0x0000000008005e7c                HAL_DMA_Start_IT
 .text.HAL_DMA_Abort
                0x0000000008006350      0x63c ./Drivers/STM32H7xx_HAL_Driver/Src/stm32h7xx_hal_dma.o
                0x0000000008006350                HAL_DMA_Abort
 .text.HAL_DMA_Abort_IT
                0x000000000800698c      0x48c ./Drivers/STM32H7xx_HAL_Driver/Src/stm32h7xx_hal_dma.o
                0x000000000800698c                HAL_DMA_Abort_IT
 .text.HAL_DMA_IRQHandler
                0x0000000008006e18      0xe54 ./Drivers/STM32H7xx_HAL_Driver/Src/stm32h7xx_hal_dma.o
                0x0000000008006e18                HAL_DMA_IRQHandler
 .text.DMA_SetConfig
                0x0000000008007c6c      0x358 ./Drivers/STM32H7xx_HAL_Driver/Src/stm32h7xx_hal_dma.o
 .text.DMA_CalcBaseAndBitshift
                0x0000000008007fc4      0x164 ./Drivers/STM32H7xx_HAL_Driver/Src/stm32h7xx_hal_dma.o
 .text.DMA_CheckFifoParam
                0x0000000008008128       0xf8 ./Drivers/STM32H7xx_HAL_Driver/Src/stm32h7xx_hal_dma.o
 .text.DMA_CalcDMAMUXChannelBaseAndMask
                0x0000000008008220      0x134 ./Drivers/STM32H7xx_HAL_Driver/Src/stm32h7xx_hal_dma.o
 .text.DMA_CalcDMAMUXRequestGenBaseAndMask
                0x0000000008008354       0xe8 ./Drivers/STM32H7xx_HAL_Driver/Src/stm32h7xx_hal_dma.o
 .text.HAL_GPIO_Init
                0x000000000800843c      0x360 ./Drivers/STM32H7xx_HAL_Driver/Src/stm32h7xx_hal_gpio.o
                0x000000000800843c                HAL_GPIO_Init
 .text.HAL_GPIO_ReadPin
                0x000000000800879c       0x30 ./Drivers/STM32H7xx_HAL_Driver/Src/stm32h7xx_hal_gpio.o
                0x000000000800879c                HAL_GPIO_ReadPin
 .text.HAL_GPIO_WritePin
                0x00000000080087cc       0x32 ./Drivers/STM32H7xx_HAL_Driver/Src/stm32h7xx_hal_gpio.o
                0x00000000080087cc                HAL_GPIO_WritePin
 *fill*         0x00000000080087fe        0x2 
 .text.HAL_I2C_Init
                0x0000000008008800      0x138 ./Drivers/STM32H7xx_HAL_Driver/Src/stm32h7xx_hal_i2c.o
                0x0000000008008800                HAL_I2C_Init
 .text.HAL_I2CEx_ConfigAnalogFilter
                0x0000000008008938       0x96 ./Drivers/STM32H7xx_HAL_Driver/Src/stm32h7xx_hal_i2c_ex.o
                0x0000000008008938                HAL_I2CEx_ConfigAnalogFilter
 .text.HAL_I2CEx_ConfigDigitalFilter
                0x00000000080089ce       0x98 ./Drivers/STM32H7xx_HAL_Driver/Src/stm32h7xx_hal_i2c_ex.o
                0x00000000080089ce                HAL_I2CEx_ConfigDigitalFilter
 *fill*         0x0000000008008a66        0x2 
 .text.HAL_PWREx_ConfigSupply
                0x0000000008008a68       0x74 ./Drivers/STM32H7xx_HAL_Driver/Src/stm32h7xx_hal_pwr_ex.o
                0x0000000008008a68                HAL_PWREx_ConfigSupply
 .text.HAL_RCC_OscConfig
                0x0000000008008adc      0x8b4 ./Drivers/STM32H7xx_HAL_Driver/Src/stm32h7xx_hal_rcc.o
                0x0000000008008adc                HAL_RCC_OscConfig
 .text.HAL_RCC_ClockConfig
                0x0000000008009390      0x36c ./Drivers/STM32H7xx_HAL_Driver/Src/stm32h7xx_hal_rcc.o
                0x0000000008009390                HAL_RCC_ClockConfig
 .text.HAL_RCC_GetSysClockFreq
                0x00000000080096fc      0x2f4 ./Drivers/STM32H7xx_HAL_Driver/Src/stm32h7xx_hal_rcc.o
                0x00000000080096fc                HAL_RCC_GetSysClockFreq
 .text.HAL_RCC_GetHCLKFreq
                0x00000000080099f0       0x60 ./Drivers/STM32H7xx_HAL_Driver/Src/stm32h7xx_hal_rcc.o
                0x00000000080099f0                HAL_RCC_GetHCLKFreq
 .text.HAL_RCC_GetPCLK1Freq
                0x0000000008009a50       0x2c ./Drivers/STM32H7xx_HAL_Driver/Src/stm32h7xx_hal_rcc.o
                0x0000000008009a50                HAL_RCC_GetPCLK1Freq
 .text.HAL_RCC_GetPCLK2Freq
                0x0000000008009a7c       0x2c ./Drivers/STM32H7xx_HAL_Driver/Src/stm32h7xx_hal_rcc.o
                0x0000000008009a7c                HAL_RCC_GetPCLK2Freq
 .text.HAL_RCC_GetClockConfig
                0x0000000008009aa8       0x84 ./Drivers/STM32H7xx_HAL_Driver/Src/stm32h7xx_hal_rcc.o
                0x0000000008009aa8                HAL_RCC_GetClockConfig
 .text.HAL_RCCEx_PeriphCLKConfig
                0x0000000008009b2c     0x1414 ./Drivers/STM32H7xx_HAL_Driver/Src/stm32h7xx_hal_rcc_ex.o
                0x0000000008009b2c                HAL_RCCEx_PeriphCLKConfig
 .text.HAL_RCCEx_GetPeriphCLKFreq
                0x000000000800af40      0xb00 ./Drivers/STM32H7xx_HAL_Driver/Src/stm32h7xx_hal_rcc_ex.o
                0x000000000800af40                HAL_RCCEx_GetPeriphCLKFreq
 .text.HAL_RCCEx_GetD3PCLK1Freq
                0x000000000800ba40       0x2c ./Drivers/STM32H7xx_HAL_Driver/Src/stm32h7xx_hal_rcc_ex.o
                0x000000000800ba40                HAL_RCCEx_GetD3PCLK1Freq
 .text.HAL_RCCEx_GetPLL2ClockFreq
                0x000000000800ba6c      0x2a8 ./Drivers/STM32H7xx_HAL_Driver/Src/stm32h7xx_hal_rcc_ex.o
                0x000000000800ba6c                HAL_RCCEx_GetPLL2ClockFreq
 .text.HAL_RCCEx_GetPLL3ClockFreq
                0x000000000800bd14      0x2a8 ./Drivers/STM32H7xx_HAL_Driver/Src/stm32h7xx_hal_rcc_ex.o
                0x000000000800bd14                HAL_RCCEx_GetPLL3ClockFreq
 .text.HAL_RCCEx_GetPLL1ClockFreq
                0x000000000800bfbc      0x2a4 ./Drivers/STM32H7xx_HAL_Driver/Src/stm32h7xx_hal_rcc_ex.o
                0x000000000800bfbc                HAL_RCCEx_GetPLL1ClockFreq
 .text.RCCEx_PLL2_Config
                0x000000000800c260      0x164 ./Drivers/STM32H7xx_HAL_Driver/Src/stm32h7xx_hal_rcc_ex.o
 .text.RCCEx_PLL3_Config
                0x000000000800c3c4      0x164 ./Drivers/STM32H7xx_HAL_Driver/Src/stm32h7xx_hal_rcc_ex.o
 .text.HAL_RTC_Init
                0x000000000800c528      0x104 ./Drivers/STM32H7xx_HAL_Driver/Src/stm32h7xx_hal_rtc.o
                0x000000000800c528                HAL_RTC_Init
 .text.HAL_RTC_SetTime
                0x000000000800c62c      0x13c ./Drivers/STM32H7xx_HAL_Driver/Src/stm32h7xx_hal_rtc.o
                0x000000000800c62c                HAL_RTC_SetTime
 .text.HAL_RTC_GetTime
                0x000000000800c768       0xb8 ./Drivers/STM32H7xx_HAL_Driver/Src/stm32h7xx_hal_rtc.o
                0x000000000800c768                HAL_RTC_GetTime
 .text.HAL_RTC_SetDate
                0x000000000800c820      0x110 ./Drivers/STM32H7xx_HAL_Driver/Src/stm32h7xx_hal_rtc.o
                0x000000000800c820                HAL_RTC_SetDate
 .text.HAL_RTC_GetDate
                0x000000000800c930       0x9c ./Drivers/STM32H7xx_HAL_Driver/Src/stm32h7xx_hal_rtc.o
                0x000000000800c930                HAL_RTC_GetDate
 .text.HAL_RTC_WaitForSynchro
                0x000000000800c9cc       0x48 ./Drivers/STM32H7xx_HAL_Driver/Src/stm32h7xx_hal_rtc.o
                0x000000000800c9cc                HAL_RTC_WaitForSynchro
 .text.RTC_EnterInitMode
                0x000000000800ca14       0x66 ./Drivers/STM32H7xx_HAL_Driver/Src/stm32h7xx_hal_rtc.o
                0x000000000800ca14                RTC_EnterInitMode
 *fill*         0x000000000800ca7a        0x2 
 .text.RTC_ExitInitMode
                0x000000000800ca7c       0x7c ./Drivers/STM32H7xx_HAL_Driver/Src/stm32h7xx_hal_rtc.o
                0x000000000800ca7c                RTC_ExitInitMode
 .text.RTC_ByteToBcd2
                0x000000000800caf8       0x40 ./Drivers/STM32H7xx_HAL_Driver/Src/stm32h7xx_hal_rtc.o
                0x000000000800caf8                RTC_ByteToBcd2
 .text.RTC_Bcd2ToByte
                0x000000000800cb38       0x34 ./Drivers/STM32H7xx_HAL_Driver/Src/stm32h7xx_hal_rtc.o
                0x000000000800cb38                RTC_Bcd2ToByte
 .text.HAL_SPI_Init
                0x000000000800cb6c      0x248 ./Drivers/STM32H7xx_HAL_Driver/Src/stm32h7xx_hal_spi.o
                0x000000000800cb6c                HAL_SPI_Init
 .text.SPI_GetPacketSize
                0x000000000800cdb4       0x36 ./Drivers/STM32H7xx_HAL_Driver/Src/stm32h7xx_hal_spi.o
 .text.HAL_TIM_Base_Init
                0x000000000800cdea       0xae ./Drivers/STM32H7xx_HAL_Driver/Src/stm32h7xx_hal_tim.o
                0x000000000800cdea                HAL_TIM_Base_Init
 .text.HAL_TIM_Base_Start
                0x000000000800ce98       0xe0 ./Drivers/STM32H7xx_HAL_Driver/Src/stm32h7xx_hal_tim.o
                0x000000000800ce98                HAL_TIM_Base_Start
 .text.HAL_TIM_Base_Stop
                0x000000000800cf78       0x4e ./Drivers/STM32H7xx_HAL_Driver/Src/stm32h7xx_hal_tim.o
                0x000000000800cf78                HAL_TIM_Base_Stop
 *fill*         0x000000000800cfc6        0x2 
 .text.HAL_TIM_Base_Start_IT
                0x000000000800cfc8       0xf0 ./Drivers/STM32H7xx_HAL_Driver/Src/stm32h7xx_hal_tim.o
                0x000000000800cfc8                HAL_TIM_Base_Start_IT
 .text.HAL_TIM_OC_Start_IT
                0x000000000800d0b8      0x2b4 ./Drivers/STM32H7xx_HAL_Driver/Src/stm32h7xx_hal_tim.o
                0x000000000800d0b8                HAL_TIM_OC_Start_IT
 .text.HAL_TIM_PWM_Init
                0x000000000800d36c       0xae ./Drivers/STM32H7xx_HAL_Driver/Src/stm32h7xx_hal_tim.o
                0x000000000800d36c                HAL_TIM_PWM_Init
 .text.HAL_TIM_PWM_MspInit
                0x000000000800d41a       0x14 ./Drivers/STM32H7xx_HAL_Driver/Src/stm32h7xx_hal_tim.o
                0x000000000800d41a                HAL_TIM_PWM_MspInit
 *fill*         0x000000000800d42e        0x2 
 .text.HAL_TIM_PWM_Start
                0x000000000800d430      0x21c ./Drivers/STM32H7xx_HAL_Driver/Src/stm32h7xx_hal_tim.o
                0x000000000800d430                HAL_TIM_PWM_Start
 .text.HAL_TIM_IRQHandler
                0x000000000800d64c      0x20e ./Drivers/STM32H7xx_HAL_Driver/Src/stm32h7xx_hal_tim.o
                0x000000000800d64c                HAL_TIM_IRQHandler
 *fill*         0x000000000800d85a        0x2 
 .text.HAL_TIM_PWM_ConfigChannel
                0x000000000800d85c      0x228 ./Drivers/STM32H7xx_HAL_Driver/Src/stm32h7xx_hal_tim.o
                0x000000000800d85c                HAL_TIM_PWM_ConfigChannel
 .text.HAL_TIM_ConfigClockSource
                0x000000000800da84      0x1f0 ./Drivers/STM32H7xx_HAL_Driver/Src/stm32h7xx_hal_tim.o
                0x000000000800da84                HAL_TIM_ConfigClockSource
 .text.HAL_TIM_IC_CaptureCallback
                0x000000000800dc74       0x14 ./Drivers/STM32H7xx_HAL_Driver/Src/stm32h7xx_hal_tim.o
                0x000000000800dc74                HAL_TIM_IC_CaptureCallback
 .text.HAL_TIM_PWM_PulseFinishedCallback
                0x000000000800dc88       0x14 ./Drivers/STM32H7xx_HAL_Driver/Src/stm32h7xx_hal_tim.o
                0x000000000800dc88                HAL_TIM_PWM_PulseFinishedCallback
 .text.HAL_TIM_TriggerCallback
                0x000000000800dc9c       0x14 ./Drivers/STM32H7xx_HAL_Driver/Src/stm32h7xx_hal_tim.o
                0x000000000800dc9c                HAL_TIM_TriggerCallback
 .text.TIM_Base_SetConfig
                0x000000000800dcb0      0x14c ./Drivers/STM32H7xx_HAL_Driver/Src/stm32h7xx_hal_tim.o
                0x000000000800dcb0                TIM_Base_SetConfig
 .text.TIM_OC1_SetConfig
                0x000000000800ddfc      0x120 ./Drivers/STM32H7xx_HAL_Driver/Src/stm32h7xx_hal_tim.o
 .text.TIM_OC2_SetConfig
                0x000000000800df1c      0x114 ./Drivers/STM32H7xx_HAL_Driver/Src/stm32h7xx_hal_tim.o
                0x000000000800df1c                TIM_OC2_SetConfig
 .text.TIM_OC3_SetConfig
                0x000000000800e030      0x110 ./Drivers/STM32H7xx_HAL_Driver/Src/stm32h7xx_hal_tim.o
 .text.TIM_OC4_SetConfig
                0x000000000800e140       0xd4 ./Drivers/STM32H7xx_HAL_Driver/Src/stm32h7xx_hal_tim.o
 .text.TIM_OC5_SetConfig
                0x000000000800e214       0xc8 ./Drivers/STM32H7xx_HAL_Driver/Src/stm32h7xx_hal_tim.o
 .text.TIM_OC6_SetConfig
                0x000000000800e2dc       0xcc ./Drivers/STM32H7xx_HAL_Driver/Src/stm32h7xx_hal_tim.o
 .text.TIM_TI1_ConfigInputStage
                0x000000000800e3a8       0x5e ./Drivers/STM32H7xx_HAL_Driver/Src/stm32h7xx_hal_tim.o
 .text.TIM_TI2_ConfigInputStage
                0x000000000800e406       0x60 ./Drivers/STM32H7xx_HAL_Driver/Src/stm32h7xx_hal_tim.o
 *fill*         0x000000000800e466        0x2 
 .text.TIM_ITRx_SetConfig
                0x000000000800e468       0x3c ./Drivers/STM32H7xx_HAL_Driver/Src/stm32h7xx_hal_tim.o
 .text.TIM_ETR_SetConfig
                0x000000000800e4a4       0x40 ./Drivers/STM32H7xx_HAL_Driver/Src/stm32h7xx_hal_tim.o
                0x000000000800e4a4                TIM_ETR_SetConfig
 .text.TIM_CCxChannelCmd
                0x000000000800e4e4       0x4a ./Drivers/STM32H7xx_HAL_Driver/Src/stm32h7xx_hal_tim.o
                0x000000000800e4e4                TIM_CCxChannelCmd
 *fill*         0x000000000800e52e        0x2 
 .text.HAL_TIMEx_MasterConfigSynchronization
                0x000000000800e530      0x11c ./Drivers/STM32H7xx_HAL_Driver/Src/stm32h7xx_hal_tim_ex.o
                0x000000000800e530                HAL_TIMEx_MasterConfigSynchronization
 .text.HAL_TIMEx_ConfigBreakDeadTime
                0x000000000800e64c       0xfc ./Drivers/STM32H7xx_HAL_Driver/Src/stm32h7xx_hal_tim_ex.o
                0x000000000800e64c                HAL_TIMEx_ConfigBreakDeadTime
 .text.HAL_TIMEx_CommutCallback
                0x000000000800e748       0x14 ./Drivers/STM32H7xx_HAL_Driver/Src/stm32h7xx_hal_tim_ex.o
                0x000000000800e748                HAL_TIMEx_CommutCallback
 .text.HAL_TIMEx_BreakCallback
                0x000000000800e75c       0x14 ./Drivers/STM32H7xx_HAL_Driver/Src/stm32h7xx_hal_tim_ex.o
                0x000000000800e75c                HAL_TIMEx_BreakCallback
 .text.HAL_TIMEx_Break2Callback
                0x000000000800e770       0x14 ./Drivers/STM32H7xx_HAL_Driver/Src/stm32h7xx_hal_tim_ex.o
                0x000000000800e770                HAL_TIMEx_Break2Callback
 .text.HAL_UART_Init
                0x000000000800e784       0xa0 ./Drivers/STM32H7xx_HAL_Driver/Src/stm32h7xx_hal_uart.o
                0x000000000800e784                HAL_UART_Init
 .text.HAL_UART_Transmit
                0x000000000800e824      0x11c ./Drivers/STM32H7xx_HAL_Driver/Src/stm32h7xx_hal_uart.o
                0x000000000800e824                HAL_UART_Transmit
 .text.HAL_UART_Receive
                0x000000000800e940      0x190 ./Drivers/STM32H7xx_HAL_Driver/Src/stm32h7xx_hal_uart.o
                0x000000000800e940                HAL_UART_Receive
 .text.HAL_UART_Receive_IT
                0x000000000800ead0       0x98 ./Drivers/STM32H7xx_HAL_Driver/Src/stm32h7xx_hal_uart.o
                0x000000000800ead0                HAL_UART_Receive_IT
 .text.HAL_UART_IRQHandler
                0x000000000800eb68      0x774 ./Drivers/STM32H7xx_HAL_Driver/Src/stm32h7xx_hal_uart.o
                0x000000000800eb68                HAL_UART_IRQHandler
 .text.HAL_UART_TxCpltCallback
                0x000000000800f2dc       0x14 ./Drivers/STM32H7xx_HAL_Driver/Src/stm32h7xx_hal_uart.o
                0x000000000800f2dc                HAL_UART_TxCpltCallback
 .text.HAL_UART_ErrorCallback
                0x000000000800f2f0       0x14 ./Drivers/STM32H7xx_HAL_Driver/Src/stm32h7xx_hal_uart.o
                0x000000000800f2f0                HAL_UART_ErrorCallback
 .text.HAL_UARTEx_RxEventCallback
                0x000000000800f304       0x18 ./Drivers/STM32H7xx_HAL_Driver/Src/stm32h7xx_hal_uart.o
                0x000000000800f304                HAL_UARTEx_RxEventCallback
 .text.UART_SetConfig
                0x000000000800f31c      0xad0 ./Drivers/STM32H7xx_HAL_Driver/Src/stm32h7xx_hal_uart.o
                0x000000000800f31c                UART_SetConfig
 .text.UART_AdvFeatureConfig
                0x000000000800fdec      0x144 ./Drivers/STM32H7xx_HAL_Driver/Src/stm32h7xx_hal_uart.o
                0x000000000800fdec                UART_AdvFeatureConfig
 .text.UART_CheckIdleState
                0x000000000800ff30      0x154 ./Drivers/STM32H7xx_HAL_Driver/Src/stm32h7xx_hal_uart.o
                0x000000000800ff30                UART_CheckIdleState
 .text.UART_WaitOnFlagUntilTimeout
                0x0000000008010084       0xda ./Drivers/STM32H7xx_HAL_Driver/Src/stm32h7xx_hal_uart.o
                0x0000000008010084                UART_WaitOnFlagUntilTimeout
 *fill*         0x000000000801015e        0x2 
 .text.UART_Start_Receive_IT
                0x0000000008010160      0x244 ./Drivers/STM32H7xx_HAL_Driver/Src/stm32h7xx_hal_uart.o
                0x0000000008010160                UART_Start_Receive_IT
 .text.UART_EndRxTransfer
                0x00000000080103a4       0xcc ./Drivers/STM32H7xx_HAL_Driver/Src/stm32h7xx_hal_uart.o
 .text.UART_DMAAbortOnError
                0x0000000008010470       0x2c ./Drivers/STM32H7xx_HAL_Driver/Src/stm32h7xx_hal_uart.o
 .text.UART_EndTransmit_IT
                0x000000000801049c       0x56 ./Drivers/STM32H7xx_HAL_Driver/Src/stm32h7xx_hal_uart.o
 *fill*         0x00000000080104f2        0x2 
 .text.UART_RxISR_8BIT
                0x00000000080104f4      0x1b8 ./Drivers/STM32H7xx_HAL_Driver/Src/stm32h7xx_hal_uart.o
 .text.UART_RxISR_16BIT
                0x00000000080106ac      0x1b8 ./Drivers/STM32H7xx_HAL_Driver/Src/stm32h7xx_hal_uart.o
 .text.UART_RxISR_8BIT_FIFOEN
                0x0000000008010864      0x360 ./Drivers/STM32H7xx_HAL_Driver/Src/stm32h7xx_hal_uart.o
 .text.UART_RxISR_16BIT_FIFOEN
                0x0000000008010bc4      0x368 ./Drivers/STM32H7xx_HAL_Driver/Src/stm32h7xx_hal_uart.o
 .text.HAL_UARTEx_WakeupCallback
                0x0000000008010f2c       0x14 ./Drivers/STM32H7xx_HAL_Driver/Src/stm32h7xx_hal_uart_ex.o
                0x0000000008010f2c                HAL_UARTEx_WakeupCallback
 .text.HAL_UARTEx_RxFifoFullCallback
                0x0000000008010f40       0x14 ./Drivers/STM32H7xx_HAL_Driver/Src/stm32h7xx_hal_uart_ex.o
                0x0000000008010f40                HAL_UARTEx_RxFifoFullCallback
 .text.HAL_UARTEx_TxFifoEmptyCallback
                0x0000000008010f54       0x14 ./Drivers/STM32H7xx_HAL_Driver/Src/stm32h7xx_hal_uart_ex.o
                0x0000000008010f54                HAL_UARTEx_TxFifoEmptyCallback
 .text.HAL_UARTEx_DisableFifoMode
                0x0000000008010f68       0x72 ./Drivers/STM32H7xx_HAL_Driver/Src/stm32h7xx_hal_uart_ex.o
                0x0000000008010f68                HAL_UARTEx_DisableFifoMode
 .text.HAL_UARTEx_SetTxFifoThreshold
                0x0000000008010fda       0x7c ./Drivers/STM32H7xx_HAL_Driver/Src/stm32h7xx_hal_uart_ex.o
                0x0000000008010fda                HAL_UARTEx_SetTxFifoThreshold
 .text.HAL_UARTEx_SetRxFifoThreshold
                0x0000000008011056       0x7c ./Drivers/STM32H7xx_HAL_Driver/Src/stm32h7xx_hal_uart_ex.o
                0x0000000008011056                HAL_UARTEx_SetRxFifoThreshold
 *fill*         0x00000000080110d2        0x2 
 .text.UARTEx_SetNbDataToProcess
                0x00000000080110d4       0x9c ./Drivers/STM32H7xx_HAL_Driver/Src/stm32h7xx_hal_uart_ex.o
 .text.__NVIC_SetPriority
                0x0000000008011170       0x54 ./Middlewares/Third_Party/FreeRTOS/Source/CMSIS_RTOS_V2/cmsis_os2.o
 .text.SysTick_Handler
                0x00000000080111c4       0x20 ./Middlewares/Third_Party/FreeRTOS/Source/CMSIS_RTOS_V2/cmsis_os2.o
                0x00000000080111c4                SysTick_Handler
 .text.SVC_Setup
                0x00000000080111e4       0x12 ./Middlewares/Third_Party/FreeRTOS/Source/CMSIS_RTOS_V2/cmsis_os2.o
 *fill*         0x00000000080111f6        0x2 
 .text.osKernelInitialize
                0x00000000080111f8       0x48 ./Middlewares/Third_Party/FreeRTOS/Source/CMSIS_RTOS_V2/cmsis_os2.o
                0x00000000080111f8                osKernelInitialize
 .text.osKernelStart
                0x0000000008011240       0x4c ./Middlewares/Third_Party/FreeRTOS/Source/CMSIS_RTOS_V2/cmsis_os2.o
                0x0000000008011240                osKernelStart
 .text.osThreadNew
                0x000000000801128c      0x124 ./Middlewares/Third_Party/FreeRTOS/Source/CMSIS_RTOS_V2/cmsis_os2.o
                0x000000000801128c                osThreadNew
 .text.osThreadYield
                0x00000000080113b0       0x40 ./Middlewares/Third_Party/FreeRTOS/Source/CMSIS_RTOS_V2/cmsis_os2.o
                0x00000000080113b0                osThreadYield
 .text.osThreadSuspend
                0x00000000080113f0       0x42 ./Middlewares/Third_Party/FreeRTOS/Source/CMSIS_RTOS_V2/cmsis_os2.o
                0x00000000080113f0                osThreadSuspend
 .text.osDelay  0x0000000008011432       0x36 ./Middlewares/Third_Party/FreeRTOS/Source/CMSIS_RTOS_V2/cmsis_os2.o
                0x0000000008011432                osDelay
 .text.osEventFlagsNew
                0x0000000008011468       0x7e ./Middlewares/Third_Party/FreeRTOS/Source/CMSIS_RTOS_V2/cmsis_os2.o
                0x0000000008011468                osEventFlagsNew
 *fill*         0x00000000080114e6        0x2 
 .text.osEventFlagsSet
                0x00000000080114e8       0x88 ./Middlewares/Third_Party/FreeRTOS/Source/CMSIS_RTOS_V2/cmsis_os2.o
                0x00000000080114e8                osEventFlagsSet
 .text.osEventFlagsWait
                0x0000000008011570       0xcc ./Middlewares/Third_Party/FreeRTOS/Source/CMSIS_RTOS_V2/cmsis_os2.o
                0x0000000008011570                osEventFlagsWait
 .text.vApplicationGetIdleTaskMemory
                0x000000000801163c       0x34 ./Middlewares/Third_Party/FreeRTOS/Source/CMSIS_RTOS_V2/cmsis_os2.o
                0x000000000801163c                vApplicationGetIdleTaskMemory
 .text.vApplicationGetTimerTaskMemory
                0x0000000008011670       0x34 ./Middlewares/Third_Party/FreeRTOS/Source/CMSIS_RTOS_V2/cmsis_os2.o
                0x0000000008011670                vApplicationGetTimerTaskMemory
 .text.xEventGroupCreateStatic
                0x00000000080116a4       0x6e ./Middlewares/Third_Party/FreeRTOS/Source/event_groups.o
                0x00000000080116a4                xEventGroupCreateStatic
 .text.xEventGroupCreate
                0x0000000008011712       0x34 ./Middlewares/Third_Party/FreeRTOS/Source/event_groups.o
                0x0000000008011712                xEventGroupCreate
 *fill*         0x0000000008011746        0x2 
 .text.xEventGroupWaitBits
                0x0000000008011748      0x19c ./Middlewares/Third_Party/FreeRTOS/Source/event_groups.o
                0x0000000008011748                xEventGroupWaitBits
 .text.xEventGroupSetBits
                0x00000000080118e4      0x116 ./Middlewares/Third_Party/FreeRTOS/Source/event_groups.o
                0x00000000080118e4                xEventGroupSetBits
 .text.vEventGroupSetBitsCallback
                0x00000000080119fa       0x1a ./Middlewares/Third_Party/FreeRTOS/Source/event_groups.o
                0x00000000080119fa                vEventGroupSetBitsCallback
 .text.prvTestWaitCondition
                0x0000000008011a14       0x44 ./Middlewares/Third_Party/FreeRTOS/Source/event_groups.o
 .text.xEventGroupSetBitsFromISR
                0x0000000008011a58       0x28 ./Middlewares/Third_Party/FreeRTOS/Source/event_groups.o
                0x0000000008011a58                xEventGroupSetBitsFromISR
 .text.vListInitialise
                0x0000000008011a80       0x40 ./Middlewares/Third_Party/FreeRTOS/Source/list.o
                0x0000000008011a80                vListInitialise
 .text.vListInitialiseItem
                0x0000000008011ac0       0x1a ./Middlewares/Third_Party/FreeRTOS/Source/list.o
                0x0000000008011ac0                vListInitialiseItem
 .text.vListInsertEnd
                0x0000000008011ada       0x48 ./Middlewares/Third_Party/FreeRTOS/Source/list.o
                0x0000000008011ada                vListInsertEnd
 .text.vListInsert
                0x0000000008011b22       0x72 ./Middlewares/Third_Party/FreeRTOS/Source/list.o
                0x0000000008011b22                vListInsert
 .text.uxListRemove
                0x0000000008011b94       0x54 ./Middlewares/Third_Party/FreeRTOS/Source/list.o
                0x0000000008011b94                uxListRemove
 .text.xQueueGenericReset
                0x0000000008011be8       0xd0 ./Middlewares/Third_Party/FreeRTOS/Source/queue.o
                0x0000000008011be8                xQueueGenericReset
 .text.xQueueGenericCreateStatic
                0x0000000008011cb8       0xf0 ./Middlewares/Third_Party/FreeRTOS/Source/queue.o
                0x0000000008011cb8                xQueueGenericCreateStatic
 .text.prvInitialiseNewQueue
                0x0000000008011da8       0x46 ./Middlewares/Third_Party/FreeRTOS/Source/queue.o
 *fill*         0x0000000008011dee        0x2 
 .text.xQueueGenericSend
                0x0000000008011df0      0x1fc ./Middlewares/Third_Party/FreeRTOS/Source/queue.o
                0x0000000008011df0                xQueueGenericSend
 .text.xQueueGenericSendFromISR
                0x0000000008011fec      0x136 ./Middlewares/Third_Party/FreeRTOS/Source/queue.o
                0x0000000008011fec                xQueueGenericSendFromISR
 *fill*         0x0000000008012122        0x2 
 .text.xQueueReceive
                0x0000000008012124      0x1c0 ./Middlewares/Third_Party/FreeRTOS/Source/queue.o
                0x0000000008012124                xQueueReceive
 .text.prvCopyDataToQueue
                0x00000000080122e4       0xd4 ./Middlewares/Third_Party/FreeRTOS/Source/queue.o
 .text.prvCopyDataFromQueue
                0x00000000080123b8       0x4c ./Middlewares/Third_Party/FreeRTOS/Source/queue.o
 .text.prvUnlockQueue
                0x0000000008012404       0xa4 ./Middlewares/Third_Party/FreeRTOS/Source/queue.o
 .text.prvIsQueueEmpty
                0x00000000080124a8       0x2c ./Middlewares/Third_Party/FreeRTOS/Source/queue.o
 .text.prvIsQueueFull
                0x00000000080124d4       0x30 ./Middlewares/Third_Party/FreeRTOS/Source/queue.o
 .text.vQueueAddToRegistry
                0x0000000008012504       0x54 ./Middlewares/Third_Party/FreeRTOS/Source/queue.o
                0x0000000008012504                vQueueAddToRegistry
 .text.vQueueWaitForMessageRestricted
                0x0000000008012558       0x68 ./Middlewares/Third_Party/FreeRTOS/Source/queue.o
                0x0000000008012558                vQueueWaitForMessageRestricted
 .text.xTaskCreateStatic
                0x00000000080125c0       0xba ./Middlewares/Third_Party/FreeRTOS/Source/tasks.o
                0x00000000080125c0                xTaskCreateStatic
 .text.xTaskCreate
                0x000000000801267a       0x8a ./Middlewares/Third_Party/FreeRTOS/Source/tasks.o
                0x000000000801267a                xTaskCreate
 .text.prvInitialiseNewTask
                0x0000000008012704      0x11e ./Middlewares/Third_Party/FreeRTOS/Source/tasks.o
 *fill*         0x0000000008012822        0x2 
 .text.prvAddNewTaskToReadyList
                0x0000000008012824       0xe0 ./Middlewares/Third_Party/FreeRTOS/Source/tasks.o
 .text.vTaskDelay
                0x0000000008012904       0x68 ./Middlewares/Third_Party/FreeRTOS/Source/tasks.o
                0x0000000008012904                vTaskDelay
 .text.vTaskSuspend
                0x000000000801296c       0xec ./Middlewares/Third_Party/FreeRTOS/Source/tasks.o
                0x000000000801296c                vTaskSuspend
 .text.prvTaskIsTaskSuspended
                0x0000000008012a58       0x64 ./Middlewares/Third_Party/FreeRTOS/Source/tasks.o
 .text.xTaskResumeFromISR
                0x0000000008012abc       0xe4 ./Middlewares/Third_Party/FreeRTOS/Source/tasks.o
                0x0000000008012abc                xTaskResumeFromISR
 .text.vTaskStartScheduler
                0x0000000008012ba0       0xcc ./Middlewares/Third_Party/FreeRTOS/Source/tasks.o
                0x0000000008012ba0                vTaskStartScheduler
 .text.vTaskSuspendAll
                0x0000000008012c6c       0x1c ./Middlewares/Third_Party/FreeRTOS/Source/tasks.o
                0x0000000008012c6c                vTaskSuspendAll
 .text.xTaskResumeAll
                0x0000000008012c88      0x13c ./Middlewares/Third_Party/FreeRTOS/Source/tasks.o
                0x0000000008012c88                xTaskResumeAll
 .text.xTaskGetTickCount
                0x0000000008012dc4       0x20 ./Middlewares/Third_Party/FreeRTOS/Source/tasks.o
                0x0000000008012dc4                xTaskGetTickCount
 .text.xTaskIncrementTick
                0x0000000008012de4      0x174 ./Middlewares/Third_Party/FreeRTOS/Source/tasks.o
                0x0000000008012de4                xTaskIncrementTick
 .text.vTaskSwitchContext
                0x0000000008012f58       0xbc ./Middlewares/Third_Party/FreeRTOS/Source/tasks.o
                0x0000000008012f58                vTaskSwitchContext
 .text.vTaskPlaceOnEventList
                0x0000000008013014       0x48 ./Middlewares/Third_Party/FreeRTOS/Source/tasks.o
                0x0000000008013014                vTaskPlaceOnEventList
 .text.vTaskPlaceOnUnorderedEventList
                0x000000000801305c       0x78 ./Middlewares/Third_Party/FreeRTOS/Source/tasks.o
                0x000000000801305c                vTaskPlaceOnUnorderedEventList
 .text.vTaskPlaceOnEventListRestricted
                0x00000000080130d4       0x58 ./Middlewares/Third_Party/FreeRTOS/Source/tasks.o
                0x00000000080130d4                vTaskPlaceOnEventListRestricted
 .text.xTaskRemoveFromEventList
                0x000000000801312c       0xc8 ./Middlewares/Third_Party/FreeRTOS/Source/tasks.o
                0x000000000801312c                xTaskRemoveFromEventList
 .text.vTaskRemoveFromUnorderedEventList
                0x00000000080131f4       0xc4 ./Middlewares/Third_Party/FreeRTOS/Source/tasks.o
                0x00000000080131f4                vTaskRemoveFromUnorderedEventList
 .text.vTaskInternalSetTimeOutState
                0x00000000080132b8       0x2c ./Middlewares/Third_Party/FreeRTOS/Source/tasks.o
                0x00000000080132b8                vTaskInternalSetTimeOutState
 .text.xTaskCheckForTimeOut
                0x00000000080132e4       0xc4 ./Middlewares/Third_Party/FreeRTOS/Source/tasks.o
                0x00000000080132e4                xTaskCheckForTimeOut
 .text.vTaskMissedYield
                0x00000000080133a8       0x18 ./Middlewares/Third_Party/FreeRTOS/Source/tasks.o
                0x00000000080133a8                vTaskMissedYield
 .text.prvIdleTask
                0x00000000080133c0       0x30 ./Middlewares/Third_Party/FreeRTOS/Source/tasks.o
 .text.prvInitialiseTaskLists
                0x00000000080133f0       0x80 ./Middlewares/Third_Party/FreeRTOS/Source/tasks.o
 .text.prvCheckTasksWaitingTermination
                0x0000000008013470       0x5c ./Middlewares/Third_Party/FreeRTOS/Source/tasks.o
 .text.prvDeleteTCB
                0x00000000080134cc       0x5e ./Middlewares/Third_Party/FreeRTOS/Source/tasks.o
 *fill*         0x000000000801352a        0x2 
 .text.prvResetNextTaskUnblockTime
                0x000000000801352c       0x40 ./Middlewares/Third_Party/FreeRTOS/Source/tasks.o
 .text.xTaskGetSchedulerState
                0x000000000801356c       0x3c ./Middlewares/Third_Party/FreeRTOS/Source/tasks.o
                0x000000000801356c                xTaskGetSchedulerState
 .text.xTaskPriorityDisinherit
                0x00000000080135a8       0xdc ./Middlewares/Third_Party/FreeRTOS/Source/tasks.o
                0x00000000080135a8                xTaskPriorityDisinherit
 .text.uxTaskResetEventItemValue
                0x0000000008013684       0x30 ./Middlewares/Third_Party/FreeRTOS/Source/tasks.o
                0x0000000008013684                uxTaskResetEventItemValue
 .text.prvAddCurrentTaskToDelayedList
                0x00000000080136b4       0xa8 ./Middlewares/Third_Party/FreeRTOS/Source/tasks.o
 .text.xTimerCreateTimerTask
                0x000000000801375c       0x90 ./Middlewares/Third_Party/FreeRTOS/Source/timers.o
                0x000000000801375c                xTimerCreateTimerTask
 .text.xTimerGenericCommand
                0x00000000080137ec       0x9c ./Middlewares/Third_Party/FreeRTOS/Source/timers.o
                0x00000000080137ec                xTimerGenericCommand
 .text.prvProcessExpiredTimer
                0x0000000008013888       0x98 ./Middlewares/Third_Party/FreeRTOS/Source/timers.o
 .text.prvTimerTask
                0x0000000008013920       0x24 ./Middlewares/Third_Party/FreeRTOS/Source/timers.o
 .text.prvProcessTimerOrBlockTask
                0x0000000008013944       0x9c ./Middlewares/Third_Party/FreeRTOS/Source/timers.o
 .text.prvGetNextExpireTime
                0x00000000080139e0       0x48 ./Middlewares/Third_Party/FreeRTOS/Source/timers.o
 .text.prvSampleTimeNow
                0x0000000008013a28       0x40 ./Middlewares/Third_Party/FreeRTOS/Source/timers.o
 .text.prvInsertTimerInActiveList
                0x0000000008013a68       0x84 ./Middlewares/Third_Party/FreeRTOS/Source/timers.o
 .text.prvProcessReceivedCommands
                0x0000000008013aec      0x1c4 ./Middlewares/Third_Party/FreeRTOS/Source/timers.o
 .text.prvSwitchTimerLists
                0x0000000008013cb0       0xc8 ./Middlewares/Third_Party/FreeRTOS/Source/timers.o
 .text.prvCheckForValidListAndQueue
                0x0000000008013d78       0x80 ./Middlewares/Third_Party/FreeRTOS/Source/timers.o
 .text.xTimerPendFunctionCallFromISR
                0x0000000008013df8       0x40 ./Middlewares/Third_Party/FreeRTOS/Source/timers.o
                0x0000000008013df8                xTimerPendFunctionCallFromISR
 .text.pxPortInitialiseStack
                0x0000000008013e38       0x68 ./Middlewares/Third_Party/FreeRTOS/Source/portable/GCC/ARM_CM4F/port.o
                0x0000000008013e38                pxPortInitialiseStack
 .text.prvTaskExitError
                0x0000000008013ea0       0x58 ./Middlewares/Third_Party/FreeRTOS/Source/portable/GCC/ARM_CM4F/port.o
 *fill*         0x0000000008013ef8        0x8 
 .text.SVC_Handler
                0x0000000008013f00       0x28 ./Middlewares/Third_Party/FreeRTOS/Source/portable/GCC/ARM_CM4F/port.o
                0x0000000008013f00                SVC_Handler
 .text.prvPortStartFirstTask
                0x0000000008013f28       0x28 ./Middlewares/Third_Party/FreeRTOS/Source/portable/GCC/ARM_CM4F/port.o
 .text.xPortStartScheduler
                0x0000000008013f50      0x144 ./Middlewares/Third_Party/FreeRTOS/Source/portable/GCC/ARM_CM4F/port.o
                0x0000000008013f50                xPortStartScheduler
 .text.vPortEnterCritical
                0x0000000008014094       0x60 ./Middlewares/Third_Party/FreeRTOS/Source/portable/GCC/ARM_CM4F/port.o
                0x0000000008014094                vPortEnterCritical
 .text.vPortExitCritical
                0x00000000080140f4       0x54 ./Middlewares/Third_Party/FreeRTOS/Source/portable/GCC/ARM_CM4F/port.o
                0x00000000080140f4                vPortExitCritical
 *fill*         0x0000000008014148        0x8 
 .text.PendSV_Handler
                0x0000000008014150       0x68 ./Middlewares/Third_Party/FreeRTOS/Source/portable/GCC/ARM_CM4F/port.o
                0x0000000008014150                PendSV_Handler
 .text.xPortSysTickHandler
                0x00000000080141b8       0x44 ./Middlewares/Third_Party/FreeRTOS/Source/portable/GCC/ARM_CM4F/port.o
                0x00000000080141b8                xPortSysTickHandler
 .text.vPortSetupTimerInterrupt
                0x00000000080141fc       0x48 ./Middlewares/Third_Party/FreeRTOS/Source/portable/GCC/ARM_CM4F/port.o
                0x00000000080141fc                vPortSetupTimerInterrupt
 .text.vPortEnableVFP
                0x0000000008014244       0x14 ./Middlewares/Third_Party/FreeRTOS/Source/portable/GCC/ARM_CM4F/port.o
 .text.vPortValidateInterruptPriority
                0x0000000008014258       0x80 ./Middlewares/Third_Party/FreeRTOS/Source/portable/GCC/ARM_CM4F/port.o
                0x0000000008014258                vPortValidateInterruptPriority
 .text.pvPortMalloc
                0x00000000080142d8      0x198 ./Middlewares/Third_Party/FreeRTOS/Source/portable/MemMang/heap_4.o
                0x00000000080142d8                pvPortMalloc
 .text.vPortFree
                0x0000000008014470       0xc4 ./Middlewares/Third_Party/FreeRTOS/Source/portable/MemMang/heap_4.o
                0x0000000008014470                vPortFree
 .text.prvHeapInit
                0x0000000008014534       0xc4 ./Middlewares/Third_Party/FreeRTOS/Source/portable/MemMang/heap_4.o
 .text.prvInsertBlockIntoFreeList
                0x00000000080145f8       0xb4 ./Middlewares/Third_Party/FreeRTOS/Source/portable/MemMang/heap_4.o
 .text.__errno  0x00000000080146ac        0xc /Applications/STM32CubeIDE.app/Contents/Eclipse/plugins/com.st.stm32cube.ide.mcu.externaltools.gnu-tools-for-stm32.10.3-2021.10.macos64_1.0.200.202301161003/tools/bin/../lib/gcc/arm-none-eabi/10.3.1/../../../../arm-none-eabi/lib/thumb/v7e-m+dp/hard/libc_nano.a(lib_a-errno.o)
                0x00000000080146ac                __errno
 .text.__libc_init_array
                0x00000000080146b8       0x48 /Applications/STM32CubeIDE.app/Contents/Eclipse/plugins/com.st.stm32cube.ide.mcu.externaltools.gnu-tools-for-stm32.10.3-2021.10.macos64_1.0.200.202301161003/tools/bin/../lib/gcc/arm-none-eabi/10.3.1/../../../../arm-none-eabi/lib/thumb/v7e-m+dp/hard/libc_nano.a(lib_a-init.o)
                0x00000000080146b8                __libc_init_array
 .text.malloc   0x0000000008014700       0x10 /Applications/STM32CubeIDE.app/Contents/Eclipse/plugins/com.st.stm32cube.ide.mcu.externaltools.gnu-tools-for-stm32.10.3-2021.10.macos64_1.0.200.202301161003/tools/bin/../lib/gcc/arm-none-eabi/10.3.1/../../../../arm-none-eabi/lib/thumb/v7e-m+dp/hard/libc_nano.a(lib_a-malloc.o)
                0x0000000008014700                malloc
 .text.free     0x0000000008014710       0x10 /Applications/STM32CubeIDE.app/Contents/Eclipse/plugins/com.st.stm32cube.ide.mcu.externaltools.gnu-tools-for-stm32.10.3-2021.10.macos64_1.0.200.202301161003/tools/bin/../lib/gcc/arm-none-eabi/10.3.1/../../../../arm-none-eabi/lib/thumb/v7e-m+dp/hard/libc_nano.a(lib_a-malloc.o)
                0x0000000008014710                free
 .text.memcpy   0x0000000008014720       0x1c /Applications/STM32CubeIDE.app/Contents/Eclipse/plugins/com.st.stm32cube.ide.mcu.externaltools.gnu-tools-for-stm32.10.3-2021.10.macos64_1.0.200.202301161003/tools/bin/../lib/gcc/arm-none-eabi/10.3.1/../../../../arm-none-eabi/lib/thumb/v7e-m+dp/hard/libc_nano.a(lib_a-memcpy-stub.o)
                0x0000000008014720                memcpy
 .text.memset   0x000000000801473c       0x10 /Applications/STM32CubeIDE.app/Contents/Eclipse/plugins/com.st.stm32cube.ide.mcu.externaltools.gnu-tools-for-stm32.10.3-2021.10.macos64_1.0.200.202301161003/tools/bin/../lib/gcc/arm-none-eabi/10.3.1/../../../../arm-none-eabi/lib/thumb/v7e-m+dp/hard/libc_nano.a(lib_a-memset.o)
                0x000000000801473c                memset
 .text._free_r  0x000000000801474c       0x98 /Applications/STM32CubeIDE.app/Contents/Eclipse/plugins/com.st.stm32cube.ide.mcu.externaltools.gnu-tools-for-stm32.10.3-2021.10.macos64_1.0.200.202301161003/tools/bin/../lib/gcc/arm-none-eabi/10.3.1/../../../../arm-none-eabi/lib/thumb/v7e-m+dp/hard/libc_nano.a(lib_a-nano-freer.o)
                0x000000000801474c                _free_r
 .text.sbrk_aligned
                0x00000000080147e4       0x40 /Applications/STM32CubeIDE.app/Contents/Eclipse/plugins/com.st.stm32cube.ide.mcu.externaltools.gnu-tools-for-stm32.10.3-2021.10.macos64_1.0.200.202301161003/tools/bin/../lib/gcc/arm-none-eabi/10.3.1/../../../../arm-none-eabi/lib/thumb/v7e-m+dp/hard/libc_nano.a(lib_a-nano-mallocr.o)
 .text._malloc_r
                0x0000000008014824       0xe8 /Applications/STM32CubeIDE.app/Contents/Eclipse/plugins/com.st.stm32cube.ide.mcu.externaltools.gnu-tools-for-stm32.10.3-2021.10.macos64_1.0.200.202301161003/tools/bin/../lib/gcc/arm-none-eabi/10.3.1/../../../../arm-none-eabi/lib/thumb/v7e-m+dp/hard/libc_nano.a(lib_a-nano-mallocr.o)
                0x0000000008014824                _malloc_r
 .text._puts_r  0x000000000801490c       0xdc /Applications/STM32CubeIDE.app/Contents/Eclipse/plugins/com.st.stm32cube.ide.mcu.externaltools.gnu-tools-for-stm32.10.3-2021.10.macos64_1.0.200.202301161003/tools/bin/../lib/gcc/arm-none-eabi/10.3.1/../../../../arm-none-eabi/lib/thumb/v7e-m+dp/hard/libc_nano.a(lib_a-puts.o)
                0x000000000801490c                _puts_r
 .text.puts     0x00000000080149e8       0x10 /Applications/STM32CubeIDE.app/Contents/Eclipse/plugins/com.st.stm32cube.ide.mcu.externaltools.gnu-tools-for-stm32.10.3-2021.10.macos64_1.0.200.202301161003/tools/bin/../lib/gcc/arm-none-eabi/10.3.1/../../../../arm-none-eabi/lib/thumb/v7e-m+dp/hard/libc_nano.a(lib_a-puts.o)
                0x00000000080149e8                puts
 .text._sbrk_r  0x00000000080149f8       0x20 /Applications/STM32CubeIDE.app/Contents/Eclipse/plugins/com.st.stm32cube.ide.mcu.externaltools.gnu-tools-for-stm32.10.3-2021.10.macos64_1.0.200.202301161003/tools/bin/../lib/gcc/arm-none-eabi/10.3.1/../../../../arm-none-eabi/lib/thumb/v7e-m+dp/hard/libc_nano.a(lib_a-sbrkr.o)
                0x00000000080149f8                _sbrk_r
 .text.__swbuf_r
                0x0000000008014a18       0xa4 /Applications/STM32CubeIDE.app/Contents/Eclipse/plugins/com.st.stm32cube.ide.mcu.externaltools.gnu-tools-for-stm32.10.3-2021.10.macos64_1.0.200.202301161003/tools/bin/../lib/gcc/arm-none-eabi/10.3.1/../../../../arm-none-eabi/lib/thumb/v7e-m+dp/hard/libc_nano.a(lib_a-wbuf.o)
                0x0000000008014a18                __swbuf_r
 .text.__swsetup_r
                0x0000000008014abc       0xdc /Applications/STM32CubeIDE.app/Contents/Eclipse/plugins/com.st.stm32cube.ide.mcu.externaltools.gnu-tools-for-stm32.10.3-2021.10.macos64_1.0.200.202301161003/tools/bin/../lib/gcc/arm-none-eabi/10.3.1/../../../../arm-none-eabi/lib/thumb/v7e-m+dp/hard/libc_nano.a(lib_a-wsetup.o)
                0x0000000008014abc                __swsetup_r
 .text.__sflush_r
                0x0000000008014b98      0x10c /Applications/STM32CubeIDE.app/Contents/Eclipse/plugins/com.st.stm32cube.ide.mcu.externaltools.gnu-tools-for-stm32.10.3-2021.10.macos64_1.0.200.202301161003/tools/bin/../lib/gcc/arm-none-eabi/10.3.1/../../../../arm-none-eabi/lib/thumb/v7e-m+dp/hard/libc_nano.a(lib_a-fflush.o)
                0x0000000008014b98                __sflush_r
 .text._fflush_r
                0x0000000008014ca4       0x78 /Applications/STM32CubeIDE.app/Contents/Eclipse/plugins/com.st.stm32cube.ide.mcu.externaltools.gnu-tools-for-stm32.10.3-2021.10.macos64_1.0.200.202301161003/tools/bin/../lib/gcc/arm-none-eabi/10.3.1/../../../../arm-none-eabi/lib/thumb/v7e-m+dp/hard/libc_nano.a(lib_a-fflush.o)
                0x0000000008014ca4                _fflush_r
 .text.std      0x0000000008014d1c       0x48 /Applications/STM32CubeIDE.app/Contents/Eclipse/plugins/com.st.stm32cube.ide.mcu.externaltools.gnu-tools-for-stm32.10.3-2021.10.macos64_1.0.200.202301161003/tools/bin/../lib/gcc/arm-none-eabi/10.3.1/../../../../arm-none-eabi/lib/thumb/v7e-m+dp/hard/libc_nano.a(lib_a-findfp.o)
 .text._cleanup_r
                0x0000000008014d64        0xc /Applications/STM32CubeIDE.app/Contents/Eclipse/plugins/com.st.stm32cube.ide.mcu.externaltools.gnu-tools-for-stm32.10.3-2021.10.macos64_1.0.200.202301161003/tools/bin/../lib/gcc/arm-none-eabi/10.3.1/../../../../arm-none-eabi/lib/thumb/v7e-m+dp/hard/libc_nano.a(lib_a-findfp.o)
                0x0000000008014d64                _cleanup_r
 .text.__sfmoreglue
                0x0000000008014d70       0x2c /Applications/STM32CubeIDE.app/Contents/Eclipse/plugins/com.st.stm32cube.ide.mcu.externaltools.gnu-tools-for-stm32.10.3-2021.10.macos64_1.0.200.202301161003/tools/bin/../lib/gcc/arm-none-eabi/10.3.1/../../../../arm-none-eabi/lib/thumb/v7e-m+dp/hard/libc_nano.a(lib_a-findfp.o)
                0x0000000008014d70                __sfmoreglue
 .text.__sfp_lock_acquire
                0x0000000008014d9c        0xc /Applications/STM32CubeIDE.app/Contents/Eclipse/plugins/com.st.stm32cube.ide.mcu.externaltools.gnu-tools-for-stm32.10.3-2021.10.macos64_1.0.200.202301161003/tools/bin/../lib/gcc/arm-none-eabi/10.3.1/../../../../arm-none-eabi/lib/thumb/v7e-m+dp/hard/libc_nano.a(lib_a-findfp.o)
                0x0000000008014d9c                __sfp_lock_acquire
 .text.__sfp_lock_release
                0x0000000008014da8        0xc /Applications/STM32CubeIDE.app/Contents/Eclipse/plugins/com.st.stm32cube.ide.mcu.externaltools.gnu-tools-for-stm32.10.3-2021.10.macos64_1.0.200.202301161003/tools/bin/../lib/gcc/arm-none-eabi/10.3.1/../../../../arm-none-eabi/lib/thumb/v7e-m+dp/hard/libc_nano.a(lib_a-findfp.o)
                0x0000000008014da8                __sfp_lock_release
 .text.__sinit_lock_acquire
                0x0000000008014db4        0xc /Applications/STM32CubeIDE.app/Contents/Eclipse/plugins/com.st.stm32cube.ide.mcu.externaltools.gnu-tools-for-stm32.10.3-2021.10.macos64_1.0.200.202301161003/tools/bin/../lib/gcc/arm-none-eabi/10.3.1/../../../../arm-none-eabi/lib/thumb/v7e-m+dp/hard/libc_nano.a(lib_a-findfp.o)
                0x0000000008014db4                __sinit_lock_acquire
 .text.__sinit_lock_release
                0x0000000008014dc0        0xc /Applications/STM32CubeIDE.app/Contents/Eclipse/plugins/com.st.stm32cube.ide.mcu.externaltools.gnu-tools-for-stm32.10.3-2021.10.macos64_1.0.200.202301161003/tools/bin/../lib/gcc/arm-none-eabi/10.3.1/../../../../arm-none-eabi/lib/thumb/v7e-m+dp/hard/libc_nano.a(lib_a-findfp.o)
                0x0000000008014dc0                __sinit_lock_release
 .text.__sinit  0x0000000008014dcc       0x70 /Applications/STM32CubeIDE.app/Contents/Eclipse/plugins/com.st.stm32cube.ide.mcu.externaltools.gnu-tools-for-stm32.10.3-2021.10.macos64_1.0.200.202301161003/tools/bin/../lib/gcc/arm-none-eabi/10.3.1/../../../../arm-none-eabi/lib/thumb/v7e-m+dp/hard/libc_nano.a(lib_a-findfp.o)
                0x0000000008014dcc                __sinit
 .text.__sfp    0x0000000008014e3c       0x8c /Applications/STM32CubeIDE.app/Contents/Eclipse/plugins/com.st.stm32cube.ide.mcu.externaltools.gnu-tools-for-stm32.10.3-2021.10.macos64_1.0.200.202301161003/tools/bin/../lib/gcc/arm-none-eabi/10.3.1/../../../../arm-none-eabi/lib/thumb/v7e-m+dp/hard/libc_nano.a(lib_a-findfp.o)
                0x0000000008014e3c                __sfp
 .text._fwalk_reent
                0x0000000008014ec8       0x3e /Applications/STM32CubeIDE.app/Contents/Eclipse/plugins/com.st.stm32cube.ide.mcu.externaltools.gnu-tools-for-stm32.10.3-2021.10.macos64_1.0.200.202301161003/tools/bin/../lib/gcc/arm-none-eabi/10.3.1/../../../../arm-none-eabi/lib/thumb/v7e-m+dp/hard/libc_nano.a(lib_a-fwalk.o)
                0x0000000008014ec8                _fwalk_reent
 .text.__retarget_lock_init_recursive
                0x0000000008014f06        0x2 /Applications/STM32CubeIDE.app/Contents/Eclipse/plugins/com.st.stm32cube.ide.mcu.externaltools.gnu-tools-for-stm32.10.3-2021.10.macos64_1.0.200.202301161003/tools/bin/../lib/gcc/arm-none-eabi/10.3.1/../../../../arm-none-eabi/lib/thumb/v7e-m+dp/hard/libc_nano.a(lib_a-lock.o)
                0x0000000008014f06                __retarget_lock_init_recursive
 .text.__retarget_lock_acquire_recursive
                0x0000000008014f08        0x2 /Applications/STM32CubeIDE.app/Contents/Eclipse/plugins/com.st.stm32cube.ide.mcu.externaltools.gnu-tools-for-stm32.10.3-2021.10.macos64_1.0.200.202301161003/tools/bin/../lib/gcc/arm-none-eabi/10.3.1/../../../../arm-none-eabi/lib/thumb/v7e-m+dp/hard/libc_nano.a(lib_a-lock.o)
                0x0000000008014f08                __retarget_lock_acquire_recursive
 .text.__retarget_lock_release_recursive
                0x0000000008014f0a        0x2 /Applications/STM32CubeIDE.app/Contents/Eclipse/plugins/com.st.stm32cube.ide.mcu.externaltools.gnu-tools-for-stm32.10.3-2021.10.macos64_1.0.200.202301161003/tools/bin/../lib/gcc/arm-none-eabi/10.3.1/../../../../arm-none-eabi/lib/thumb/v7e-m+dp/hard/libc_nano.a(lib_a-lock.o)
                0x0000000008014f0a                __retarget_lock_release_recursive
 .text.__swhatbuf_r
                0x0000000008014f0c       0x4a /Applications/STM32CubeIDE.app/Contents/Eclipse/plugins/com.st.stm32cube.ide.mcu.externaltools.gnu-tools-for-stm32.10.3-2021.10.macos64_1.0.200.202301161003/tools/bin/../lib/gcc/arm-none-eabi/10.3.1/../../../../arm-none-eabi/lib/thumb/v7e-m+dp/hard/libc_nano.a(lib_a-makebuf.o)
                0x0000000008014f0c                __swhatbuf_r
 *fill*         0x0000000008014f56        0x2 
 .text.__smakebuf_r
                0x0000000008014f58       0x80 /Applications/STM32CubeIDE.app/Contents/Eclipse/plugins/com.st.stm32cube.ide.mcu.externaltools.gnu-tools-for-stm32.10.3-2021.10.macos64_1.0.200.202301161003/tools/bin/../lib/gcc/arm-none-eabi/10.3.1/../../../../arm-none-eabi/lib/thumb/v7e-m+dp/hard/libc_nano.a(lib_a-makebuf.o)
                0x0000000008014f58                __smakebuf_r
 .text.__malloc_lock
                0x0000000008014fd8        0xc /Applications/STM32CubeIDE.app/Contents/Eclipse/plugins/com.st.stm32cube.ide.mcu.externaltools.gnu-tools-for-stm32.10.3-2021.10.macos64_1.0.200.202301161003/tools/bin/../lib/gcc/arm-none-eabi/10.3.1/../../../../arm-none-eabi/lib/thumb/v7e-m+dp/hard/libc_nano.a(lib_a-mlock.o)
                0x0000000008014fd8                __malloc_lock
 .text.__malloc_unlock
                0x0000000008014fe4        0xc /Applications/STM32CubeIDE.app/Contents/Eclipse/plugins/com.st.stm32cube.ide.mcu.externaltools.gnu-tools-for-stm32.10.3-2021.10.macos64_1.0.200.202301161003/tools/bin/../lib/gcc/arm-none-eabi/10.3.1/../../../../arm-none-eabi/lib/thumb/v7e-m+dp/hard/libc_nano.a(lib_a-mlock.o)
                0x0000000008014fe4                __malloc_unlock
 .text.__sread  0x0000000008014ff0       0x22 /Applications/STM32CubeIDE.app/Contents/Eclipse/plugins/com.st.stm32cube.ide.mcu.externaltools.gnu-tools-for-stm32.10.3-2021.10.macos64_1.0.200.202301161003/tools/bin/../lib/gcc/arm-none-eabi/10.3.1/../../../../arm-none-eabi/lib/thumb/v7e-m+dp/hard/libc_nano.a(lib_a-stdio.o)
                0x0000000008014ff0                __sread
 .text.__swrite
                0x0000000008015012       0x38 /Applications/STM32CubeIDE.app/Contents/Eclipse/plugins/com.st.stm32cube.ide.mcu.externaltools.gnu-tools-for-stm32.10.3-2021.10.macos64_1.0.200.202301161003/tools/bin/../lib/gcc/arm-none-eabi/10.3.1/../../../../arm-none-eabi/lib/thumb/v7e-m+dp/hard/libc_nano.a(lib_a-stdio.o)
                0x0000000008015012                __swrite
 .text.__sseek  0x000000000801504a       0x24 /Applications/STM32CubeIDE.app/Contents/Eclipse/plugins/com.st.stm32cube.ide.mcu.externaltools.gnu-tools-for-stm32.10.3-2021.10.macos64_1.0.200.202301161003/tools/bin/../lib/gcc/arm-none-eabi/10.3.1/../../../../arm-none-eabi/lib/thumb/v7e-m+dp/hard/libc_nano.a(lib_a-stdio.o)
                0x000000000801504a                __sseek
 .text.__sclose
                0x000000000801506e        0x8 /Applications/STM32CubeIDE.app/Contents/Eclipse/plugins/com.st.stm32cube.ide.mcu.externaltools.gnu-tools-for-stm32.10.3-2021.10.macos64_1.0.200.202301161003/tools/bin/../lib/gcc/arm-none-eabi/10.3.1/../../../../arm-none-eabi/lib/thumb/v7e-m+dp/hard/libc_nano.a(lib_a-stdio.o)
                0x000000000801506e                __sclose
 *fill*         0x0000000008015076        0x2 
 .text._write_r
                0x0000000008015078       0x24 /Applications/STM32CubeIDE.app/Contents/Eclipse/plugins/com.st.stm32cube.ide.mcu.externaltools.gnu-tools-for-stm32.10.3-2021.10.macos64_1.0.200.202301161003/tools/bin/../lib/gcc/arm-none-eabi/10.3.1/../../../../arm-none-eabi/lib/thumb/v7e-m+dp/hard/libc_nano.a(lib_a-writer.o)
                0x0000000008015078                _write_r
 .text._close_r
                0x000000000801509c       0x20 /Applications/STM32CubeIDE.app/Contents/Eclipse/plugins/com.st.stm32cube.ide.mcu.externaltools.gnu-tools-for-stm32.10.3-2021.10.macos64_1.0.200.202301161003/tools/bin/../lib/gcc/arm-none-eabi/10.3.1/../../../../arm-none-eabi/lib/thumb/v7e-m+dp/hard/libc_nano.a(lib_a-closer.o)
                0x000000000801509c                _close_r
 .text._fstat_r
                0x00000000080150bc       0x24 /Applications/STM32CubeIDE.app/Contents/Eclipse/plugins/com.st.stm32cube.ide.mcu.externaltools.gnu-tools-for-stm32.10.3-2021.10.macos64_1.0.200.202301161003/tools/bin/../lib/gcc/arm-none-eabi/10.3.1/../../../../arm-none-eabi/lib/thumb/v7e-m+dp/hard/libc_nano.a(lib_a-fstatr.o)
                0x00000000080150bc                _fstat_r
 .text._isatty_r
                0x00000000080150e0       0x20 /Applications/STM32CubeIDE.app/Contents/Eclipse/plugins/com.st.stm32cube.ide.mcu.externaltools.gnu-tools-for-stm32.10.3-2021.10.macos64_1.0.200.202301161003/tools/bin/../lib/gcc/arm-none-eabi/10.3.1/../../../../arm-none-eabi/lib/thumb/v7e-m+dp/hard/libc_nano.a(lib_a-isattyr.o)
                0x00000000080150e0                _isatty_r
 .text._lseek_r