Archive member included to satisfy reference by file (symbol)

/Applications/STM32CubeIDE.app/Contents/Eclipse/plugins/com.st.stm32cube.ide.mcu.externaltools.gnu-tools-for-stm32.10.3-2021.10.macos64_1.0.200.202301161003/tools/bin/../lib/gcc/arm-none-eabi/10.3.1/../../../../arm-none-eabi/lib/thumb/v7e-m+dp/hard/libc_nano.a(lib_a-errno.o)
                              ./Core/Src/syscalls.o (__errno)
/Applications/STM32CubeIDE.app/Contents/Eclipse/plugins/com.st.stm32cube.ide.mcu.externaltools.gnu-tools-for-stm32.10.3-2021.10.macos64_1.0.200.202301161003/tools/bin/../lib/gcc/arm-none-eabi/10.3.1/../../../../arm-none-eabi/lib/thumb/v7e-m+dp/hard/libc_nano.a(lib_a-exit.o)
                              /Applications/STM32CubeIDE.app/Contents/Eclipse/plugins/com.st.stm32cube.ide.mcu.externaltools.gnu-tools-for-stm32.10.3-2021.10.macos64_1.0.200.202301161003/tools/bin/../lib/gcc/arm-none-eabi/10.3.1/../../../../arm-none-eabi/lib/thumb/v7e-m+dp/hard/crt0.o (exit)
/Applications/STM32CubeIDE.app/Contents/Eclipse/plugins/com.st.stm32cube.ide.mcu.externaltools.gnu-tools-for-stm32.10.3-2021.10.macos64_1.0.200.202301161003/tools/bin/../lib/gcc/arm-none-eabi/10.3.1/../../../../arm-none-eabi/lib/thumb/v7e-m+dp/hard/libc_nano.a(lib_a-impure.o)
                              /Applications/STM32CubeIDE.app/Contents/Eclipse/plugins/com.st.stm32cube.ide.mcu.externaltools.gnu-tools-for-stm32.10.3-2021.10.macos64_1.0.200.202301161003/tools/bin/../lib/gcc/arm-none-eabi/10.3.1/../../../../arm-none-eabi/lib/thumb/v7e-m+dp/hard/libc_nano.a(lib_a-exit.o) (_global_impure_ptr)
/Applications/STM32CubeIDE.app/Contents/Eclipse/plugins/com.st.stm32cube.ide.mcu.externaltools.gnu-tools-for-stm32.10.3-2021.10.macos64_1.0.200.202301161003/tools/bin/../lib/gcc/arm-none-eabi/10.3.1/../../../../arm-none-eabi/lib/thumb/v7e-m+dp/hard/libc_nano.a(lib_a-init.o)
                              /Applications/STM32CubeIDE.app/Contents/Eclipse/plugins/com.st.stm32cube.ide.mcu.externaltools.gnu-tools-for-stm32.10.3-2021.10.macos64_1.0.200.202301161003/tools/bin/../lib/gcc/arm-none-eabi/10.3.1/../../../../arm-none-eabi/lib/thumb/v7e-m+dp/hard/crt0.o (__libc_init_array)
/Applications/STM32CubeIDE.app/Contents/Eclipse/plugins/com.st.stm32cube.ide.mcu.externaltools.gnu-tools-for-stm32.10.3-2021.10.macos64_1.0.200.202301161003/tools/bin/../lib/gcc/arm-none-eabi/10.3.1/../../../../arm-none-eabi/lib/thumb/v7e-m+dp/hard/libc_nano.a(lib_a-memcpy-stub.o)
                              ./Middlewares/Third_Party/FreeRTOS/Source/CMSIS_RTOS_V2/cmsis_os2.o (memcpy)
/Applications/STM32CubeIDE.app/Contents/Eclipse/plugins/com.st.stm32cube.ide.mcu.externaltools.gnu-tools-for-stm32.10.3-2021.10.macos64_1.0.200.202301161003/tools/bin/../lib/gcc/arm-none-eabi/10.3.1/../../../../arm-none-eabi/lib/thumb/v7e-m+dp/hard/libc_nano.a(lib_a-memset.o)
                              /Applications/STM32CubeIDE.app/Contents/Eclipse/plugins/com.st.stm32cube.ide.mcu.externaltools.gnu-tools-for-stm32.10.3-2021.10.macos64_1.0.200.202301161003/tools/bin/../lib/gcc/arm-none-eabi/10.3.1/../../../../arm-none-eabi/lib/thumb/v7e-m+dp/hard/crt0.o (memset)
/Applications/STM32CubeIDE.app/Contents/Eclipse/plugins/com.st.stm32cube.ide.mcu.externaltools.gnu-tools-for-stm32.10.3-2021.10.macos64_1.0.200.202301161003/tools/bin/../lib/gcc/arm-none-eabi/10.3.1/../../../../arm-none-eabi/lib/thumb/v7e-m+dp/hard/libc_nano.a(lib_a-printf.o)
                              ./Core/Src/main.o (printf)
/Applications/STM32CubeIDE.app/Contents/Eclipse/plugins/com.st.stm32cube.ide.mcu.externaltools.gnu-tools-for-stm32.10.3-2021.10.macos64_1.0.200.202301161003/tools/bin/../lib/gcc/arm-none-eabi/10.3.1/../../../../arm-none-eabi/lib/thumb/v7e-m+dp/hard/libc_nano.a(lib_a-puts.o)
                              ./Core/Src/main.o (puts)
/Applications/STM32CubeIDE.app/Contents/Eclipse/plugins/com.st.stm32cube.ide.mcu.externaltools.gnu-tools-for-stm32.10.3-2021.10.macos64_1.0.200.202301161003/tools/bin/../lib/gcc/arm-none-eabi/10.3.1/../../../../arm-none-eabi/lib/thumb/v7e-m+dp/hard/libc_nano.a(lib_a-wbuf.o)
                              /Applications/STM32CubeIDE.app/Contents/Eclipse/plugins/com.st.stm32cube.ide.mcu.externaltools.gnu-tools-for-stm32.10.3-2021.10.macos64_1.0.200.202301161003/tools/bin/../lib/gcc/arm-none-eabi/10.3.1/../../../../arm-none-eabi/lib/thumb/v7e-m+dp/hard/libc_nano.a(lib_a-puts.o) (__swbuf_r)
/Applications/STM32CubeIDE.app/Contents/Eclipse/plugins/com.st.stm32cube.ide.mcu.externaltools.gnu-tools-for-stm32.10.3-2021.10.macos64_1.0.200.202301161003/tools/bin/../lib/gcc/arm-none-eabi/10.3.1/../../../../arm-none-eabi/lib/thumb/v7e-m+dp/hard/libc_nano.a(lib_a-wsetup.o)
                              /Applications/STM32CubeIDE.app/Contents/Eclipse/plugins/com.st.stm32cube.ide.mcu.externaltools.gnu-tools-for-stm32.10.3-2021.10.macos64_1.0.200.202301161003/tools/bin/../lib/gcc/arm-none-eabi/10.3.1/../../../../arm-none-eabi/lib/thumb/v7e-m+dp/hard/libc_nano.a(lib_a-puts.o) (__swsetup_r)
[...]
Memory Configuration

Name             Origin             Length             Attributes
FLASH            0x0000000008000000 0x0000000000200000 xr
DTCMRAM          0x0000000020000000 0x0000000000020000 xrw
RAM_D1           0x0000000024000000 0x0000000000080000 xrw
RAM_D2           0x0000000030000000 0x0000000000048000 xrw
RAM_D3           0x0000000038000000 0x0000000000010000 xrw
ITCMRAM          0x0000000000000000 0x0000000000010000 xrw
*default*        0x0000000000000000 0xffffffffffffffff

Linker script and memory map

LOAD /Applications/STM32CubeIDE.app/Contents/Eclipse/plugins/com.st.stm32cube.ide.mcu.externaltools.gnu-tools-for-stm32.10.3-2021.10.macos64_1.0.200.202301161003/tools/bin/../lib/gcc/arm-none-eabi/10.3.1/thumb/v7e-m+dp/hard/crti.o
LOAD /Applications/STM32CubeIDE.app/Contents/Eclipse/plugins/com.st.stm32cube.ide.mcu.externaltools.gnu-tools-for-stm32.10.3-2021.10.macos64_1.0.200.202301161003/tools/bin/../lib/gcc/arm-none-eabi/10.3.1/thumb/v7e-m+dp/hard/crtbegin.o
LOAD /Applications/STM32CubeIDE.app/Contents/Eclipse/plugins/com.st.stm32cube.ide.mcu.externaltools.gnu-tools-for-stm32.10.3-2021.10.macos64_1.0.200.202301161003/tools/bin/../lib/gcc/arm-none-eabi/10.3.1/../../../../arm-none-eabi/lib/thumb/v7e-m+dp/hard/crt0.o
LOAD ./Core/Src/freertos.o
LOAD ./Core/Src/main.o
LOAD ./Core/Src/stm32h7xx_hal_msp.o
LOAD ./Core/Src/stm32h7xx_hal_timebase_tim.o
LOAD ./Core/Src/stm32h7xx_it.o
LOAD ./Core/Src/syscalls.o
LOAD ./Core/Src/sysmem.o
LOAD ./Core/Src/system_stm32h7xx.o
LOAD ./Core/Startup/startup_stm32h753vitx.o
LOAD ./Drivers/STM32H7xx_HAL_Driver/Src/stm32h7xx_hal.o
LOAD ./Drivers/STM32H7xx_HAL_Driver/Src/stm32h7xx_hal_cortex.o
LOAD ./Drivers/STM32H7xx_HAL_Driver/Src/stm32h7xx_hal_dma.o
LOAD ./Drivers/STM32H7xx_HAL_Driver/Src/stm32h7xx_hal_dma_ex.o
LOAD ./Drivers/STM32H7xx_HAL_Driver/Src/stm32h7xx_hal_exti.o
LOAD ./Drivers/STM32H7xx_HAL_Driver/Src/stm32h7xx_hal_flash.o
LOAD ./Drivers/STM32H7xx_HAL_Driver/Src/stm32h7xx_hal_flash_ex.o
LOAD ./Drivers/STM32H7xx_HAL_Driver/Src/stm32h7xx_hal_gpio.o
LOAD ./Drivers/STM32H7xx_HAL_Driver/Src/stm32h7xx_hal_hsem.o
LOAD ./Drivers/STM32H7xx_HAL_Driver/Src/stm32h7xx_hal_i2c.o
LOAD ./Drivers/STM32H7xx_HAL_Driver/Src/stm32h7xx_hal_i2c_ex.o
LOAD ./Drivers/STM32H7xx_HAL_Driver/Src/stm32h7xx_hal_mdma.o
LOAD ./Drivers/STM32H7xx_HAL_Driver/Src/stm32h7xx_hal_pwr.o
LOAD ./Drivers/STM32H7xx_HAL_Driver/Src/stm32h7xx_hal_pwr_ex.o
LOAD ./Drivers/STM32H7xx_HAL_Driver/Src/stm32h7xx_hal_rcc.o
LOAD ./Drivers/STM32H7xx_HAL_Driver/Src/stm32h7xx_hal_rcc_ex.o
LOAD ./Drivers/STM32H7xx_HAL_Driver/Src/stm32h7xx_hal_tim.o
LOAD ./Drivers/STM32H7xx_HAL_Driver/Src/stm32h7xx_hal_tim_ex.o
LOAD ./Middlewares/Third_Party/FreeRTOS/Source/CMSIS_RTOS_V2/cmsis_os2.o
LOAD ./Middlewares/Third_Party/FreeRTOS/Source/croutine.o
LOAD ./Middlewares/Third_Party/FreeRTOS/Source/event_groups.o
LOAD ./Middlewares/Third_Party/FreeRTOS/Source/list.o
LOAD ./Middlewares/Third_Party/FreeRTOS/Source/queue.o
LOAD ./Middlewares/Third_Party/FreeRTOS/Source/stream_buffer.o
LOAD ./Middlewares/Third_Party/FreeRTOS/Source/tasks.o
LOAD ./Middlewares/Third_Party/FreeRTOS/Source/timers.o
LOAD ./Middlewares/Third_Party/FreeRTOS/Source/portable/GCC/ARM_CM4F/port.o
LOAD ./Middlewares/Third_Party/FreeRTOS/Source/portable/MemMang/heap_4.o
START GROUP
LOAD /Applications/STM32CubeIDE.app/Contents/Eclipse/plugins/com.st.stm32cube.ide.mcu.externaltools.gnu-tools-for-stm32.10.3-2021.10.macos64_1.0.200.202301161003/tools/bin/../lib/gcc/arm-none-eabi/10.3.1/../../../../arm-none-eabi/lib/thumb/v7e-m+dp/hard/libc_nano.a
LOAD /Applications/STM32CubeIDE.app/Contents/Eclipse/plugins/com.st.stm32cube.ide.mcu.externaltools.gnu-tools-for-stm32.10.3-2021.10.macos64_1.0.200.202301161003/tools/bin/../lib/gcc/arm-none-eabi/10.3.1/../../../../arm-none-eabi/lib/thumb/v7e-m+dp/hard/libm.a
END GROUP
START GROUP
LOAD /Applications/STM32CubeIDE.app/Contents/Eclipse/plugins/com.st.stm32cube.ide.mcu.externaltools.gnu-tools-for-stm32.10.3-2021.10.macos64_1.0.200.202301161003/tools/bin/../lib/gcc/arm-none-eabi/10.3.1/thumb/v7e-m+dp/hard/libgcc.a
LOAD /Applications/STM32CubeIDE.app/Contents/Eclipse/plugins/com.st.stm32cube.ide.mcu.externaltools.gnu-tools-for-stm32.10.3-2021.10.macos64_1.0.200.202301161003/tools/bin/../lib/gcc/arm-none-eabi/10.3.1/../../../../arm-none-eabi/lib/thumb/v7e-m+dp/hard/libc_nano.a
END GROUP
START GROUP
LOAD /Applications/STM32CubeIDE.app/Contents/Eclipse/plugins/com.st.stm32cube.ide.mcu.externaltools.gnu-tools-for-stm32.10.3-2021.10.macos64_1.0.200.202301161003/tools/bin/../lib/gcc/arm-none-eabi/10.3.1/thumb/v7e-m+dp/hard/libgcc.a
LOAD /Applications/STM32CubeIDE.app/Contents/Eclipse/plugins/com.st.stm32cube.ide.mcu.externaltools.gnu-tools-for-stm32.10.3-2021.10.macos64_1.0.200.202301161003/tools/bin/../lib/gcc/arm-none-eabi/10.3.1/../../../../arm-none-eabi/lib/thumb/v7e-m+dp/hard/libc_nano.a
LOAD /Applications/STM32CubeIDE.app/Contents/Eclipse/plugins/com.st.stm32cube.ide.mcu.externaltools.gnu-tools-for-stm32.10.3-2021.10.macos64_1.0.200.202301161003/tools/bin/../lib/gcc/arm-none-eabi/10.3.1/../../../../arm-none-eabi/lib/thumb/v7e-m+dp/hard/libnosys.a
END GROUP
START GROUP
LOAD /Applications/STM32CubeIDE.app/Contents/Eclipse/plugins/com.st.stm32cube.ide.mcu.externaltools.gnu-tools-for-stm32.10.3-2021.10.macos64_1.0.200.202301161003/tools/bin/../lib/gcc/arm-none-eabi/10.3.1/thumb/v7e-m+dp/hard/libgcc.a
LOAD /Applications/STM32CubeIDE.app/Contents/Eclipse/plugins/com.st.stm32cube.ide.mcu.externaltools.gnu-tools-for-stm32.10.3-2021.10.macos64_1.0.200.202301161003/tools/bin/../lib/gcc/arm-none-eabi/10.3.1/../../../../arm-none-eabi/lib/thumb/v7e-m+dp/hard/libc_nano.a
LOAD /Applications/STM32CubeIDE.app/Contents/Eclipse/plugins/com.st.stm32cube.ide.mcu.externaltools.gnu-tools-for-stm32.10.3-2021.10.macos64_1.0.200.202301161003/tools/bin/../lib/gcc/arm-none-eabi/10.3.1/../../../../arm-none-eabi/lib/thumb/v7e-m+dp/hard/libnosys.a
END GROUP
LOAD /Applications/STM32CubeIDE.app/Contents/Eclipse/plugins/com.st.stm32cube.ide.mcu.externaltools.gnu-tools-for-stm32.10.3-2021.10.macos64_1.0.200.202301161003/tools/bin/../lib/gcc/arm-none-eabi/10.3.1/thumb/v7e-m+dp/hard/crtend.o
LOAD /Applications/STM32CubeIDE.app/Contents/Eclipse/plugins/com.st.stm32cube.ide.mcu.externaltools.gnu-tools-for-stm32.10.3-2021.10.macos64_1.0.200.202301161003/tools/bin/../lib/gcc/arm-none-eabi/10.3.1/thumb/v7e-m+dp/hard/crtn.o
                0x0000000024080000                _estack = (ORIGIN (RAM_D1) + LENGTH (RAM_D1))
                0x0000000000000200                _Min_Heap_Size = 0x200
                0x0000000000000400                _Min_Stack_Size = 0x400

.isr_vector     0x0000000008000000      0x298
                0x0000000008000000                . = ALIGN (0x4)
 *(.isr_vector)
 .isr_vector    0x0000000008000000      0x298 ./Core/Startup/startup_stm32h753vitx.o
                0x0000000008000000                g_pfnVectors
                0x0000000008000298                . = ALIGN (0x4)

.text           0x00000000080002a0     0x6dec
                0x00000000080002a0                . = ALIGN (0x4)
 *(.text)
 .text          0x00000000080002a0       0x40 /Applications/STM32CubeIDE.app/Contents/Eclipse/plugins/com.st.stm32cube.ide.mcu.externaltools.gnu-tools-for-stm32.10.3-2021.10.macos64_1.0.200.202301161003/tools/bin/../lib/gcc/arm-none-eabi/10.3.1/thumb/v7e-m+dp/hard/crtbegin.o
 .text          0x00000000080002e0       0xa0 /Applications/STM32CubeIDE.app/Contents/Eclipse/plugins/com.st.stm32cube.ide.mcu.externaltools.gnu-tools-for-stm32.10.3-2021.10.macos64_1.0.200.202301161003/tools/bin/../lib/gcc/arm-none-eabi/10.3.1/../../../../arm-none-eabi/lib/thumb/v7e-m+dp/hard/libc_nano.a(lib_a-memchr.o)
                0x00000000080002e0                memchr
 *(.text*)
 .text.HAL_TIM_OC_DelayElapsedCallback
                0x0000000008000380       0x8c ./Core/Src/main.o
                0x0000000008000380                HAL_TIM_OC_DelayElapsedCallback
 .text.main     0x000000000800040c       0xac ./Core/Src/main.o
                0x000000000800040c                main
 .text.SystemClock_Config
                0x00000000080004b8       0xd4 ./Core/Src/main.o
                0x00000000080004b8                SystemClock_Config
 .text.MX_TIM1_Init
                0x000000000800058c       0xa8 ./Core/Src/main.o
 .text.MX_TIM2_Init
                0x0000000008000634       0x9c ./Core/Src/main.o
 .text.MX_TIM3_Init
                0x00000000080006d0       0x9c ./Core/Src/main.o
 .text.PMT_init
                0x000000000800076c       0x40 ./Core/Src/main.o
                0x000000000800076c                PMT_init
 .text.ERPA_init
                0x00000000080007ac       0x40 ./Core/Src/main.o
                0x00000000080007ac                ERPA_init
 .text.HK_init  0x00000000080007ec       0x40 ./Core/Src/main.o
                0x00000000080007ec                HK_init
 .text.HAL_TIM_PeriodElapsedCallback
                0x000000000800082c       0x24 ./Core/Src/main.o
                0x000000000800082c                HAL_TIM_PeriodElapsedCallback
 .text.Error_Handler
                0x0000000008000850        0xa ./Core/Src/main.o
                0x0000000008000850                Error_Handler
 *fill*         0x000000000800085a        0x2 
 .text.HAL_MspInit
                0x000000000800085c       0x3c ./Core/Src/stm32h7xx_hal_msp.o
                0x000000000800085c                HAL_MspInit
 .text.HAL_TIM_Base_MspInit
                0x0000000008000898       0xf8 ./Core/Src/stm32h7xx_hal_msp.o
                0x0000000008000898                HAL_TIM_Base_MspInit
 .text.HAL_InitTick
                0x0000000008000990       0xd8 ./Core/Src/stm32h7xx_hal_timebase_tim.o
                0x0000000008000990                HAL_InitTick
 .text.NMI_Handler
                0x0000000008000a68        0x6 ./Core/Src/stm32h7xx_it.o
                0x0000000008000a68                NMI_Handler
 .text.HardFault_Handler
                0x0000000008000a6e        0x6 ./Core/Src/stm32h7xx_it.o
                0x0000000008000a6e                HardFault_Handler
 .text.MemManage_Handler
                0x0000000008000a74        0x6 ./Core/Src/stm32h7xx_it.o
                0x0000000008000a74                MemManage_Handler
 .text.BusFault_Handler
                0x0000000008000a7a        0x6 ./Core/Src/stm32h7xx_it.o
                0x0000000008000a7a                BusFault_Handler
 .text.UsageFault_Handler
                0x0000000008000a80        0x6 ./Core/Src/stm32h7xx_it.o
                0x0000000008000a80                UsageFault_Handler
 .text.DebugMon_Handler
                0x0000000008000a86        0xe ./Core/Src/stm32h7xx_it.o
                0x0000000008000a86                DebugMon_Handler
 .text.TIM1_BRK_IRQHandler
                0x0000000008000a94       0x14 ./Core/Src/stm32h7xx_it.o
                0x0000000008000a94                TIM1_BRK_IRQHandler
 .text.TIM1_UP_IRQHandler
                0x0000000008000aa8       0x14 ./Core/Src/stm32h7xx_it.o
                0x0000000008000aa8                TIM1_UP_IRQHandler
 .text.TIM1_TRG_COM_IRQHandler
                0x0000000008000abc       0x14 ./Core/Src/stm32h7xx_it.o
                0x0000000008000abc                TIM1_TRG_COM_IRQHandler
 .text.TIM1_CC_IRQHandler
                0x0000000008000ad0       0x14 ./Core/Src/stm32h7xx_it.o
                0x0000000008000ad0                TIM1_CC_IRQHandler
 .text.TIM2_IRQHandler
                0x0000000008000ae4       0x14 ./Core/Src/stm32h7xx_it.o
                0x0000000008000ae4                TIM2_IRQHandler
 .text.TIM3_IRQHandler
                0x0000000008000af8       0x14 ./Core/Src/stm32h7xx_it.o
                0x0000000008000af8                TIM3_IRQHandler
 .text.TIM6_DAC_IRQHandler
                0x0000000008000b0c       0x14 ./Core/Src/stm32h7xx_it.o
                0x0000000008000b0c                TIM6_DAC_IRQHandler
 .text.ITM_SendChar
                0x0000000008000b20       0x50 ./Core/Src/syscalls.o
                0x0000000008000b20                ITM_SendChar
 .text._read    0x0000000008000b70       0x3a ./Core/Src/syscalls.o
                0x0000000008000b70                _read
 .text._write   0x0000000008000baa       0x38 ./Core/Src/syscalls.o
                0x0000000008000baa                _write
 .text._close   0x0000000008000be2       0x18 ./Core/Src/syscalls.o
                0x0000000008000be2                _close
 .text._fstat   0x0000000008000bfa       0x20 ./Core/Src/syscalls.o
                0x0000000008000bfa                _fstat
 .text._isatty  0x0000000008000c1a       0x16 ./Core/Src/syscalls.o
                0x0000000008000c1a                _isatty
 .text._lseek   0x0000000008000c30       0x1a ./Core/Src/syscalls.o
                0x0000000008000c30                _lseek
 *fill*         0x0000000008000c4a        0x2 
 .text._sbrk    0x0000000008000c4c       0x6c ./Core/Src/sysmem.o
                0x0000000008000c4c                _sbrk
 .text.SystemInit
                0x0000000008000cb8      0x110 ./Core/Src/system_stm32h7xx.o
                0x0000000008000cb8                SystemInit
 .text.Reset_Handler
                0x0000000008000dc8       0x50 ./Core/Startup/startup_stm32h753vitx.o
                0x0000000008000dc8                Reset_Handler
 .text.Default_Handler
                0x0000000008000e18        0x2 ./Core/Startup/startup_stm32h753vitx.o
                0x0000000008000e18                DMA1_Stream3_IRQHandler
                0x0000000008000e18                HASH_RNG_IRQHandler
                0x0000000008000e18                EXTI2_IRQHandler
                0x0000000008000e18                TIM8_CC_IRQHandler
                0x0000000008000e18                HRTIM1_Master_IRQHandler
                0x0000000008000e18                UART8_IRQHandler
                0x0000000008000e18                SPI4_IRQHandler
                0x0000000008000e18                BDMA_Channel6_IRQHandler
                0x0000000008000e18                DMA2_Stream5_IRQHandler
                0x0000000008000e18                HRTIM1_FLT_IRQHandler
                0x0000000008000e18                JPEG_IRQHandler
                0x0000000008000e18                DMA1_Stream5_IRQHandler
                0x0000000008000e18                BDMA_Channel1_IRQHandler
                0x0000000008000e18                HRTIM1_TIMD_IRQHandler
                0x0000000008000e18                TAMP_STAMP_IRQHandler
                0x0000000008000e18                EXTI3_IRQHandler
                0x0000000008000e18                LPTIM4_IRQHandler
                0x0000000008000e18                TIM8_TRG_COM_TIM14_IRQHandler
                0x0000000008000e18                LPTIM2_IRQHandler
                0x0000000008000e18                DFSDM1_FLT1_IRQHandler
                0x0000000008000e18                DMAMUX2_OVR_IRQHandler
                0x0000000008000e18                TIM8_UP_TIM13_IRQHandler
                0x0000000008000e18                I2C3_ER_IRQHandler
                0x0000000008000e18                DFSDM1_FLT2_IRQHandler
                0x0000000008000e18                MDMA_IRQHandler
                0x0000000008000e18                LPTIM3_IRQHandler
                0x0000000008000e18                HSEM1_IRQHandler
                0x0000000008000e18                EXTI0_IRQHandler
                0x0000000008000e18                I2C2_EV_IRQHandler
                0x0000000008000e18                DMA1_Stream2_IRQHandler
                0x0000000008000e18                FPU_IRQHandler
                0x0000000008000e18                OTG_HS_WKUP_IRQHandler
                0x0000000008000e18                FDCAN1_IT1_IRQHandler
                0x0000000008000e18                LTDC_ER_IRQHandler
                0x0000000008000e18                DMA2_Stream2_IRQHandler
                0x0000000008000e18                HRTIM1_TIME_IRQHandler
                0x0000000008000e18                SPI1_IRQHandler
                0x0000000008000e18                DCMI_IRQHandler
                0x0000000008000e18                HRTIM1_TIMC_IRQHandler
                0x0000000008000e18                DMA2_Stream3_IRQHandler
                0x0000000008000e18                SAI2_IRQHandler
                0x0000000008000e18                DFSDM1_FLT3_IRQHandler
                0x0000000008000e18                USART6_IRQHandler
                0x0000000008000e18                TIM17_IRQHandler
                0x0000000008000e18                USART3_IRQHandler
                0x0000000008000e18                BDMA_Channel7_IRQHandler
                0x0000000008000e18                CRYP_IRQHandler
                0x0000000008000e18                LPTIM5_IRQHandler
                0x0000000008000e18                UART5_IRQHandler
                0x0000000008000e18                ADC3_IRQHandler
                0x0000000008000e18                DMA2_Stream0_IRQHandler
                0x0000000008000e18                TIM4_IRQHandler
                0x0000000008000e18                BDMA_Channel2_IRQHandler
                0x0000000008000e18                QUADSPI_IRQHandler
                0x0000000008000e18                I2C1_EV_IRQHandler
                0x0000000008000e18                DMA1_Stream6_IRQHandler
                0x0000000008000e18                DMAMUX1_OVR_IRQHandler
                0x0000000008000e18                DMA1_Stream1_IRQHandler
                0x0000000008000e18                TIM16_IRQHandler
                0x0000000008000e18                UART4_IRQHandler
                0x0000000008000e18                BDMA_Channel5_IRQHandler
                0x0000000008000e18                RCC_IRQHandler
                0x0000000008000e18                TIM8_BRK_TIM12_IRQHandler
                0x0000000008000e18                Default_Handler
                0x0000000008000e18                ECC_IRQHandler
                0x0000000008000e18                CEC_IRQHandler
                0x0000000008000e18                EXTI15_10_IRQHandler
                0x0000000008000e18                BDMA_Channel0_IRQHandler
                0x0000000008000e18                ADC_IRQHandler
                0x0000000008000e18                DMA1_Stream7_IRQHandler
                0x0000000008000e18                HRTIM1_TIMA_IRQHandler
                0x0000000008000e18                SPI5_IRQHandler
                0x0000000008000e18                TIM7_IRQHandler
                0x0000000008000e18                SDMMC1_IRQHandler
                0x0000000008000e18                TIM5_IRQHandler
                0x0000000008000e18                DMA2_Stream7_IRQHandler
                0x0000000008000e18                TIM15_IRQHandler
                0x0000000008000e18                PVD_AVD_IRQHandler
                0x0000000008000e18                I2C3_EV_IRQHandler
                0x0000000008000e18                EXTI9_5_IRQHandler
                0x0000000008000e18                RTC_WKUP_IRQHandler
                0x0000000008000e18                LTDC_IRQHandler
                0x0000000008000e18                SAI3_IRQHandler
                0x0000000008000e18                ETH_WKUP_IRQHandler
                0x0000000008000e18                SPDIF_RX_IRQHandler
                0x0000000008000e18                SPI2_IRQHandler
                0x0000000008000e18                OTG_HS_EP1_IN_IRQHandler
                0x0000000008000e18                DMA1_Stream0_IRQHandler
                0x0000000008000e18                CRS_IRQHandler
                0x0000000008000e18                EXTI4_IRQHandler
                0x0000000008000e18                HRTIM1_TIMB_IRQHandler
                0x0000000008000e18                FDCAN2_IT1_IRQHandler
                0x0000000008000e18                ETH_IRQHandler
                0x0000000008000e18                BDMA_Channel4_IRQHandler
                0x0000000008000e18                OTG_HS_EP1_OUT_IRQHandler
                0x0000000008000e18                WWDG_IRQHandler
                0x0000000008000e18                SPI6_IRQHandler
                0x0000000008000e18                MDIOS_IRQHandler
                0x0000000008000e18                I2C4_EV_IRQHandler
                0x0000000008000e18                FDCAN2_IT0_IRQHandler
                0x0000000008000e18                LPUART1_IRQHandler
                0x0000000008000e18                FDCAN1_IT0_IRQHandler
                0x0000000008000e18                OTG_FS_WKUP_IRQHandler
                0x0000000008000e18                OTG_HS_IRQHandler
                0x0000000008000e18                DMA2D_IRQHandler
                0x0000000008000e18                EXTI1_IRQHandler
                0x0000000008000e18                SDMMC2_IRQHandler
                0x0000000008000e18                OTG_FS_EP1_OUT_IRQHandler
                0x0000000008000e18                BDMA_Channel3_IRQHandler
                0x0000000008000e18                UART7_IRQHandler
                0x0000000008000e18                MDIOS_WKUP_IRQHandler
                0x0000000008000e18                USART2_IRQHandler
                0x0000000008000e18                DFSDM1_FLT0_IRQHandler
                0x0000000008000e18                SAI4_IRQHandler
                0x0000000008000e18                I2C2_ER_IRQHandler
                0x0000000008000e18                DMA2_Stream1_IRQHandler
                0x0000000008000e18                FLASH_IRQHandler
                0x0000000008000e18                DMA2_Stream4_IRQHandler
                0x0000000008000e18                USART1_IRQHandler
                0x0000000008000e18                OTG_FS_IRQHandler
                0x0000000008000e18                SPI3_IRQHandler
                0x0000000008000e18                WAKEUP_PIN_IRQHandler
                0x0000000008000e18                DMA1_Stream4_IRQHandler
                0x0000000008000e18                OTG_FS_EP1_IN_IRQHandler
                0x0000000008000e18                I2C1_ER_IRQHandler
                0x0000000008000e18                FMC_IRQHandler
                0x0000000008000e18                FDCAN_CAL_IRQHandler
                0x0000000008000e18                SWPMI1_IRQHandler
                0x0000000008000e18                COMP1_IRQHandler
                0x0000000008000e18                LPTIM1_IRQHandler
                0x0000000008000e18                I2C4_ER_IRQHandler
                0x0000000008000e18                DMA2_Stream6_IRQHandler
                0x0000000008000e18                SAI1_IRQHandler
                0x0000000008000e18                RTC_Alarm_IRQHandler
 *fill*         0x0000000008000e1a        0x2 
 .text.HAL_Init
                0x0000000008000e1c       0x78 ./Drivers/STM32H7xx_HAL_Driver/Src/stm32h7xx_hal.o
                0x0000000008000e1c                HAL_Init
 .text.HAL_IncTick
                0x0000000008000e94       0x28 ./Drivers/STM32H7xx_HAL_Driver/Src/stm32h7xx_hal.o
                0x0000000008000e94                HAL_IncTick
 .text.HAL_GetTick
                0x0000000008000ebc       0x18 ./Drivers/STM32H7xx_HAL_Driver/Src/stm32h7xx_hal.o
                0x0000000008000ebc                HAL_GetTick
 .text.HAL_GetREVID
                0x0000000008000ed4       0x18 ./Drivers/STM32H7xx_HAL_Driver/Src/stm32h7xx_hal.o
                0x0000000008000ed4                HAL_GetREVID
 .text.__NVIC_SetPriorityGrouping
                0x0000000008000eec       0x48 ./Drivers/STM32H7xx_HAL_Driver/Src/stm32h7xx_hal_cortex.o
 .text.__NVIC_GetPriorityGrouping
                0x0000000008000f34       0x1c ./Drivers/STM32H7xx_HAL_Driver/Src/stm32h7xx_hal_cortex.o
 .text.__NVIC_EnableIRQ
                0x0000000008000f50       0x3c ./Drivers/STM32H7xx_HAL_Driver/Src/stm32h7xx_hal_cortex.o
 .text.__NVIC_SetPriority
                0x0000000008000f8c       0x54 ./Drivers/STM32H7xx_HAL_Driver/Src/stm32h7xx_hal_cortex.o
 .text.NVIC_EncodePriority
                0x0000000008000fe0       0x66 ./Drivers/STM32H7xx_HAL_Driver/Src/stm32h7xx_hal_cortex.o
 .text.HAL_NVIC_SetPriorityGrouping
                0x0000000008001046       0x16 ./Drivers/STM32H7xx_HAL_Driver/Src/stm32h7xx_hal_cortex.o
                0x0000000008001046                HAL_NVIC_SetPriorityGrouping
 .text.HAL_NVIC_SetPriority
                0x000000000800105c       0x34 ./Drivers/STM32H7xx_HAL_Driver/Src/stm32h7xx_hal_cortex.o
                0x000000000800105c                HAL_NVIC_SetPriority
 .text.HAL_NVIC_EnableIRQ
                0x0000000008001090       0x1c ./Drivers/STM32H7xx_HAL_Driver/Src/stm32h7xx_hal_cortex.o
                0x0000000008001090                HAL_NVIC_EnableIRQ
 .text.HAL_PWREx_ConfigSupply
                0x00000000080010ac       0x74 ./Drivers/STM32H7xx_HAL_Driver/Src/stm32h7xx_hal_pwr_ex.o
                0x00000000080010ac                HAL_PWREx_ConfigSupply
 .text.HAL_RCC_OscConfig
                0x0000000008001120      0x8b4 ./Drivers/STM32H7xx_HAL_Driver/Src/stm32h7xx_hal_rcc.o
                0x0000000008001120                HAL_RCC_OscConfig
 .text.HAL_RCC_ClockConfig
                0x00000000080019d4      0x36c ./Drivers/STM32H7xx_HAL_Driver/Src/stm32h7xx_hal_rcc.o
                0x00000000080019d4                HAL_RCC_ClockConfig
 .text.HAL_RCC_GetSysClockFreq
                0x0000000008001d40      0x2f4 ./Drivers/STM32H7xx_HAL_Driver/Src/stm32h7xx_hal_rcc.o
                0x0000000008001d40                HAL_RCC_GetSysClockFreq
 .text.HAL_RCC_GetHCLKFreq
                0x0000000008002034       0x60 ./Drivers/STM32H7xx_HAL_Driver/Src/stm32h7xx_hal_rcc.o
                0x0000000008002034                HAL_RCC_GetHCLKFreq
 .text.HAL_RCC_GetPCLK1Freq
                0x0000000008002094       0x2c ./Drivers/STM32H7xx_HAL_Driver/Src/stm32h7xx_hal_rcc.o
                0x0000000008002094                HAL_RCC_GetPCLK1Freq
 .text.HAL_RCC_GetClockConfig
                0x00000000080020c0       0x84 ./Drivers/STM32H7xx_HAL_Driver/Src/stm32h7xx_hal_rcc.o
                0x00000000080020c0                HAL_RCC_GetClockConfig
 .text.HAL_TIM_Base_Init
                0x0000000008002144       0xae ./Drivers/STM32H7xx_HAL_Driver/Src/stm32h7xx_hal_tim.o
                0x0000000008002144                HAL_TIM_Base_Init
 *fill*         0x00000000080021f2        0x2 
 .text.HAL_TIM_Base_Start_IT
                0x00000000080021f4       0xf0 ./Drivers/STM32H7xx_HAL_Driver/Src/stm32h7xx_hal_tim.o
                0x00000000080021f4                HAL_TIM_Base_Start_IT
 .text.HAL_TIM_OC_Start_IT
                0x00000000080022e4      0x2b4 ./Drivers/STM32H7xx_HAL_Driver/Src/stm32h7xx_hal_tim.o
                0x00000000080022e4                HAL_TIM_OC_Start_IT
 .text.HAL_TIM_IRQHandler
                0x0000000008002598      0x20e ./Drivers/STM32H7xx_HAL_Driver/Src/stm32h7xx_hal_tim.o
                0x0000000008002598                HAL_TIM_IRQHandler
 *fill*         0x00000000080027a6        0x2 
 .text.HAL_TIM_ConfigClockSource
                0x00000000080027a8      0x1f0 ./Drivers/STM32H7xx_HAL_Driver/Src/stm32h7xx_hal_tim.o
                0x00000000080027a8                HAL_TIM_ConfigClockSource
 .text.HAL_TIM_IC_CaptureCallback
                0x0000000008002998       0x14 ./Drivers/STM32H7xx_HAL_Driver/Src/stm32h7xx_hal_tim.o
                0x0000000008002998                HAL_TIM_IC_CaptureCallback
 .text.HAL_TIM_PWM_PulseFinishedCallback
                0x00000000080029ac       0x14 ./Drivers/STM32H7xx_HAL_Driver/Src/stm32h7xx_hal_tim.o
                0x00000000080029ac                HAL_TIM_PWM_PulseFinishedCallback
 .text.HAL_TIM_TriggerCallback
                0x00000000080029c0       0x14 ./Drivers/STM32H7xx_HAL_Driver/Src/stm32h7xx_hal_tim.o
                0x00000000080029c0                HAL_TIM_TriggerCallback
 .text.TIM_Base_SetConfig
                0x00000000080029d4      0x14c ./Drivers/STM32H7xx_HAL_Driver/Src/stm32h7xx_hal_tim.o
                0x00000000080029d4                TIM_Base_SetConfig
 .text.TIM_TI1_ConfigInputStage
                0x0000000008002b20       0x5e ./Drivers/STM32H7xx_HAL_Driver/Src/stm32h7xx_hal_tim.o
 .text.TIM_TI2_ConfigInputStage
                0x0000000008002b7e       0x60 ./Drivers/STM32H7xx_HAL_Driver/Src/stm32h7xx_hal_tim.o
 *fill*         0x0000000008002bde        0x2 
 .text.TIM_ITRx_SetConfig
                0x0000000008002be0       0x3c ./Drivers/STM32H7xx_HAL_Driver/Src/stm32h7xx_hal_tim.o
 .text.TIM_ETR_SetConfig
                0x0000000008002c1c       0x40 ./Drivers/STM32H7xx_HAL_Driver/Src/stm32h7xx_hal_tim.o
                0x0000000008002c1c                TIM_ETR_SetConfig
 .text.TIM_CCxChannelCmd
                0x0000000008002c5c       0x4a ./Drivers/STM32H7xx_HAL_Driver/Src/stm32h7xx_hal_tim.o
                0x0000000008002c5c                TIM_CCxChannelCmd
 *fill*         0x0000000008002ca6        0x2 
 .text.HAL_TIMEx_MasterConfigSynchronization
                0x0000000008002ca8      0x11c ./Drivers/STM32H7xx_HAL_Driver/Src/stm32h7xx_hal_tim_ex.o
                0x0000000008002ca8                HAL_TIMEx_MasterConfigSynchronization
 .text.HAL_TIMEx_CommutCallback
                0x0000000008002dc4       0x14 ./Drivers/STM32H7xx_HAL_Driver/Src/stm32h7xx_hal_tim_ex.o
                0x0000000008002dc4                HAL_TIMEx_CommutCallback
 .text.HAL_TIMEx_BreakCallback
                0x0000000008002dd8       0x14 ./Drivers/STM32H7xx_HAL_Driver/Src/stm32h7xx_hal_tim_ex.o
                0x0000000008002dd8                HAL_TIMEx_BreakCallback
 .text.HAL_TIMEx_Break2Callback
                0x0000000008002dec       0x14 ./Drivers/STM32H7xx_HAL_Driver/Src/stm32h7xx_hal_tim_ex.o
                0x0000000008002dec                HAL_TIMEx_Break2Callback
 .text.__NVIC_SetPriority
                0x0000000008002e00       0x54 ./Middlewares/Third_Party/FreeRTOS/Source/CMSIS_RTOS_V2/cmsis_os2.o
 .text.SysTick_Handler
                0x0000000008002e54       0x20 ./Middlewares/Third_Party/FreeRTOS/Source/CMSIS_RTOS_V2/cmsis_os2.o
                0x0000000008002e54                SysTick_Handler
 .text.SVC_Setup
                0x0000000008002e74       0x12 ./Middlewares/Third_Party/FreeRTOS/Source/CMSIS_RTOS_V2/cmsis_os2.o
 *fill*         0x0000000008002e86        0x2 
 .text.osKernelInitialize
                0x0000000008002e88       0x48 ./Middlewares/Third_Party/FreeRTOS/Source/CMSIS_RTOS_V2/cmsis_os2.o
                0x0000000008002e88                osKernelInitialize
 .text.osKernelStart
                0x0000000008002ed0       0x4c ./Middlewares/Third_Party/FreeRTOS/Source/CMSIS_RTOS_V2/cmsis_os2.o
                0x0000000008002ed0                osKernelStart
 .text.osThreadNew
                0x0000000008002f1c      0x124 ./Middlewares/Third_Party/FreeRTOS/Source/CMSIS_RTOS_V2/cmsis_os2.o
                0x0000000008002f1c                osThreadNew
 .text.osEventFlagsNew
                0x0000000008003040       0x7e ./Middlewares/Third_Party/FreeRTOS/Source/CMSIS_RTOS_V2/cmsis_os2.o
                0x0000000008003040                osEventFlagsNew
 *fill*         0x00000000080030be        0x2 
 .text.osEventFlagsSet
                0x00000000080030c0       0x88 ./Middlewares/Third_Party/FreeRTOS/Source/CMSIS_RTOS_V2/cmsis_os2.o
                0x00000000080030c0                osEventFlagsSet
 .text.osEventFlagsWait
                0x0000000008003148       0xcc ./Middlewares/Third_Party/FreeRTOS/Source/CMSIS_RTOS_V2/cmsis_os2.o
                0x0000000008003148                osEventFlagsWait
 .text.vApplicationGetIdleTaskMemory
                0x0000000008003214       0x34 ./Middlewares/Third_Party/FreeRTOS/Source/CMSIS_RTOS_V2/cmsis_os2.o
                0x0000000008003214                vApplicationGetIdleTaskMemory
 .text.vApplicationGetTimerTaskMemory
                0x0000000008003248       0x34 ./Middlewares/Third_Party/FreeRTOS/Source/CMSIS_RTOS_V2/cmsis_os2.o
                0x0000000008003248                vApplicationGetTimerTaskMemory
 .text.xEventGroupCreateStatic
                0x000000000800327c       0x6e ./Middlewares/Third_Party/FreeRTOS/Source/event_groups.o
                0x000000000800327c                xEventGroupCreateStatic
 .text.xEventGroupCreate
                0x00000000080032ea       0x34 ./Middlewares/Third_Party/FreeRTOS/Source/event_groups.o
                0x00000000080032ea                xEventGroupCreate
 *fill*         0x000000000800331e        0x2 
 .text.xEventGroupWaitBits
                0x0000000008003320      0x19c ./Middlewares/Third_Party/FreeRTOS/Source/event_groups.o
                0x0000000008003320                xEventGroupWaitBits
 .text.xEventGroupSetBits
                0x00000000080034bc      0x116 ./Middlewares/Third_Party/FreeRTOS/Source/event_groups.o
                0x00000000080034bc                xEventGroupSetBits
 .text.vEventGroupSetBitsCallback
                0x00000000080035d2       0x1a ./Middlewares/Third_Party/FreeRTOS/Source/event_groups.o
                0x00000000080035d2                vEventGroupSetBitsCallback
 .text.prvTestWaitCondition
                0x00000000080035ec       0x44 ./Middlewares/Third_Party/FreeRTOS/Source/event_groups.o
 .text.xEventGroupSetBitsFromISR
                0x0000000008003630       0x28 ./Middlewares/Third_Party/FreeRTOS/Source/event_groups.o
                0x0000000008003630                xEventGroupSetBitsFromISR
 .text.vListInitialise
                0x0000000008003658       0x40 ./Middlewares/Third_Party/FreeRTOS/Source/list.o
                0x0000000008003658                vListInitialise
 .text.vListInitialiseItem
                0x0000000008003698       0x1a ./Middlewares/Third_Party/FreeRTOS/Source/list.o
                0x0000000008003698                vListInitialiseItem
 .text.vListInsertEnd
                0x00000000080036b2       0x48 ./Middlewares/Third_Party/FreeRTOS/Source/list.o
                0x00000000080036b2                vListInsertEnd
 .text.vListInsert
                0x00000000080036fa       0x72 ./Middlewares/Third_Party/FreeRTOS/Source/list.o
                0x00000000080036fa                vListInsert
 .text.uxListRemove
                0x000000000800376c       0x54 ./Middlewares/Third_Party/FreeRTOS/Source/list.o
                0x000000000800376c                uxListRemove
 .text.xQueueGenericReset
                0x00000000080037c0       0xd0 ./Middlewares/Third_Party/FreeRTOS/Source/queue.o
                0x00000000080037c0                xQueueGenericReset
 .text.xQueueGenericCreateStatic
                0x0000000008003890       0xf0 ./Middlewares/Third_Party/FreeRTOS/Source/queue.o
                0x0000000008003890                xQueueGenericCreateStatic
 .text.prvInitialiseNewQueue
                0x0000000008003980       0x46 ./Middlewares/Third_Party/FreeRTOS/Source/queue.o
 *fill*         0x00000000080039c6        0x2 
 .text.xQueueGenericSend
                0x00000000080039c8      0x1fc ./Middlewares/Third_Party/FreeRTOS/Source/queue.o
                0x00000000080039c8                xQueueGenericSend
 .text.xQueueGenericSendFromISR
                0x0000000008003bc4      0x136 ./Middlewares/Third_Party/FreeRTOS/Source/queue.o
                0x0000000008003bc4                xQueueGenericSendFromISR
 *fill*         0x0000000008003cfa        0x2 
 .text.xQueueReceive
                0x0000000008003cfc      0x1c0 ./Middlewares/Third_Party/FreeRTOS/Source/queue.o
                0x0000000008003cfc                xQueueReceive
 .text.prvCopyDataToQueue
                0x0000000008003ebc       0xd4 ./Middlewares/Third_Party/FreeRTOS/Source/queue.o
 .text.prvCopyDataFromQueue
                0x0000000008003f90       0x4c ./Middlewares/Third_Party/FreeRTOS/Source/queue.o
 .text.prvUnlockQueue
                0x0000000008003fdc       0xa4 ./Middlewares/Third_Party/FreeRTOS/Source/queue.o
 .text.prvIsQueueEmpty
                0x0000000008004080       0x2c ./Middlewares/Third_Party/FreeRTOS/Source/queue.o
 .text.prvIsQueueFull
                0x00000000080040ac       0x30 ./Middlewares/Third_Party/FreeRTOS/Source/queue.o
 .text.vQueueAddToRegistry
                0x00000000080040dc       0x54 ./Middlewares/Third_Party/FreeRTOS/Source/queue.o
                0x00000000080040dc                vQueueAddToRegistry
 .text.vQueueWaitForMessageRestricted
                0x0000000008004130       0x68 ./Middlewares/Third_Party/FreeRTOS/Source/queue.o
                0x0000000008004130                vQueueWaitForMessageRestricted
 .text.xTaskCreateStatic
                0x0000000008004198       0xba ./Middlewares/Third_Party/FreeRTOS/Source/tasks.o
                0x0000000008004198                xTaskCreateStatic
 .text.xTaskCreate
                0x0000000008004252       0x8a ./Middlewares/Third_Party/FreeRTOS/Source/tasks.o
                0x0000000008004252                xTaskCreate
 .text.prvInitialiseNewTask
                0x00000000080042dc      0x11e ./Middlewares/Third_Party/FreeRTOS/Source/tasks.o
 *fill*         0x00000000080043fa        0x2 
 .text.prvAddNewTaskToReadyList
                0x00000000080043fc       0xe0 ./Middlewares/Third_Party/FreeRTOS/Source/tasks.o
 .text.vTaskStartScheduler
                0x00000000080044dc       0xcc ./Middlewares/Third_Party/FreeRTOS/Source/tasks.o
                0x00000000080044dc                vTaskStartScheduler
 .text.vTaskSuspendAll
                0x00000000080045a8       0x1c ./Middlewares/Third_Party/FreeRTOS/Source/tasks.o
                0x00000000080045a8                vTaskSuspendAll
 .text.xTaskResumeAll
                0x00000000080045c4      0x13c ./Middlewares/Third_Party/FreeRTOS/Source/tasks.o
                0x00000000080045c4                xTaskResumeAll
 .text.xTaskGetTickCount
                0x0000000008004700       0x20 ./Middlewares/Third_Party/FreeRTOS/Source/tasks.o
                0x0000000008004700                xTaskGetTickCount
 .text.xTaskIncrementTick
                0x0000000008004720      0x174 ./Middlewares/Third_Party/FreeRTOS/Source/tasks.o
                0x0000000008004720                xTaskIncrementTick
 .text.vTaskSwitchContext
                0x0000000008004894       0xbc ./Middlewares/Third_Party/FreeRTOS/Source/tasks.o
                0x0000000008004894                vTaskSwitchContext
 .text.vTaskPlaceOnEventList
                0x0000000008004950       0x48 ./Middlewares/Third_Party/FreeRTOS/Source/tasks.o
                0x0000000008004950                vTaskPlaceOnEventList
 .text.vTaskPlaceOnUnorderedEventList
                0x0000000008004998       0x78 ./Middlewares/Third_Party/FreeRTOS/Source/tasks.o
                0x0000000008004998                vTaskPlaceOnUnorderedEventList
 .text.vTaskPlaceOnEventListRestricted
                0x0000000008004a10       0x58 ./Middlewares/Third_Party/FreeRTOS/Source/tasks.o
                0x0000000008004a10                vTaskPlaceOnEventListRestricted
 .text.xTaskRemoveFromEventList
                0x0000000008004a68       0xc8 ./Middlewares/Third_Party/FreeRTOS/Source/tasks.o
                0x0000000008004a68                xTaskRemoveFromEventList
 .text.vTaskRemoveFromUnorderedEventList
                0x0000000008004b30       0xc4 ./Middlewares/Third_Party/FreeRTOS/Source/tasks.o
                0x0000000008004b30                vTaskRemoveFromUnorderedEventList
 .text.vTaskInternalSetTimeOutState
                0x0000000008004bf4       0x2c ./Middlewares/Third_Party/FreeRTOS/Source/tasks.o
                0x0000000008004bf4                vTaskInternalSetTimeOutState
 .text.xTaskCheckForTimeOut
                0x0000000008004c20       0xc4 ./Middlewares/Third_Party/FreeRTOS/Source/tasks.o
                0x0000000008004c20                xTaskCheckForTimeOut
 .text.vTaskMissedYield
                0x0000000008004ce4       0x18 ./Middlewares/Third_Party/FreeRTOS/Source/tasks.o
                0x0000000008004ce4                vTaskMissedYield
 .text.prvIdleTask
                0x0000000008004cfc       0x30 ./Middlewares/Third_Party/FreeRTOS/Source/tasks.o
 .text.prvInitialiseTaskLists
                0x0000000008004d2c       0x80 ./Middlewares/Third_Party/FreeRTOS/Source/tasks.o
 .text.prvCheckTasksWaitingTermination
                0x0000000008004dac       0x5c ./Middlewares/Third_Party/FreeRTOS/Source/tasks.o
 .text.prvDeleteTCB
                0x0000000008004e08       0x5e ./Middlewares/Third_Party/FreeRTOS/Source/tasks.o
 *fill*         0x0000000008004e66        0x2 
 .text.prvResetNextTaskUnblockTime
                0x0000000008004e68       0x40 ./Middlewares/Third_Party/FreeRTOS/Source/tasks.o
 .text.xTaskGetSchedulerState
                0x0000000008004ea8       0x3c ./Middlewares/Third_Party/FreeRTOS/Source/tasks.o
                0x0000000008004ea8                xTaskGetSchedulerState
 .text.xTaskPriorityDisinherit
                0x0000000008004ee4       0xdc ./Middlewares/Third_Party/FreeRTOS/Source/tasks.o
                0x0000000008004ee4                xTaskPriorityDisinherit
 .text.uxTaskResetEventItemValue
                0x0000000008004fc0       0x30 ./Middlewares/Third_Party/FreeRTOS/Source/tasks.o
                0x0000000008004fc0                uxTaskResetEventItemValue
 .text.prvAddCurrentTaskToDelayedList
                0x0000000008004ff0       0xa8 ./Middlewares/Third_Party/FreeRTOS/Source/tasks.o
 .text.xTimerCreateTimerTask
                0x0000000008005098       0x90 ./Middlewares/Third_Party/FreeRTOS/Source/timers.o
                0x0000000008005098                xTimerCreateTimerTask
 .text.xTimerGenericCommand
                0x0000000008005128       0x9c ./Middlewares/Third_Party/FreeRTOS/Source/timers.o
                0x0000000008005128                xTimerGenericCommand
 .text.prvProcessExpiredTimer
                0x00000000080051c4       0x98 ./Middlewares/Third_Party/FreeRTOS/Source/timers.o
 .text.prvTimerTask
                0x000000000800525c       0x24 ./Middlewares/Third_Party/FreeRTOS/Source/timers.o
 .text.prvProcessTimerOrBlockTask
                0x0000000008005280       0x9c ./Middlewares/Third_Party/FreeRTOS/Source/timers.o
 .text.prvGetNextExpireTime
                0x000000000800531c       0x48 ./Middlewares/Third_Party/FreeRTOS/Source/timers.o
 .text.prvSampleTimeNow
                0x0000000008005364       0x40 ./Middlewares/Third_Party/FreeRTOS/Source/timers.o
 .text.prvInsertTimerInActiveList
                0x00000000080053a4       0x84 ./Middlewares/Third_Party/FreeRTOS/Source/timers.o
 .text.prvProcessReceivedCommands
                0x0000000008005428      0x1c4 ./Middlewares/Third_Party/FreeRTOS/Source/timers.o
 .text.prvSwitchTimerLists
                0x00000000080055ec       0xc8 ./Middlewares/Third_Party/FreeRTOS/Source/timers.o
 .text.prvCheckForValidListAndQueue
                0x00000000080056b4       0x80 ./Middlewares/Third_Party/FreeRTOS/Source/timers.o
 .text.xTimerPendFunctionCallFromISR
                0x0000000008005734       0x40 ./Middlewares/Third_Party/FreeRTOS/Source/timers.o
                0x0000000008005734                xTimerPendFunctionCallFromISR
 .text.pxPortInitialiseStack
                0x0000000008005774       0x68 ./Middlewares/Third_Party/FreeRTOS/Source/portable/GCC/ARM_CM4F/port.o
                0x0000000008005774                pxPortInitialiseStack
 .text.prvTaskExitError
                0x00000000080057dc       0x58 ./Middlewares/Third_Party/FreeRTOS/Source/portable/GCC/ARM_CM4F/port.o
 *fill*         0x0000000008005834        0xc 
 .text.SVC_Handler
                0x0000000008005840       0x28 ./Middlewares/Third_Party/FreeRTOS/Source/portable/GCC/ARM_CM4F/port.o
                0x0000000008005840                SVC_Handler
 .text.prvPortStartFirstTask
                0x0000000008005868       0x28 ./Middlewares/Third_Party/FreeRTOS/Source/portable/GCC/ARM_CM4F/port.o
 .text.xPortStartScheduler
                0x0000000008005890      0x144 ./Middlewares/Third_Party/FreeRTOS/Source/portable/GCC/ARM_CM4F/port.o
                0x0000000008005890                xPortStartScheduler
 .text.vPortEnterCritical
                0x00000000080059d4       0x60 ./Middlewares/Third_Party/FreeRTOS/Source/portable/GCC/ARM_CM4F/port.o
                0x00000000080059d4                vPortEnterCritical
 .text.vPortExitCritical
                0x0000000008005a34       0x54 ./Middlewares/Third_Party/FreeRTOS/Source/portable/GCC/ARM_CM4F/port.o
                0x0000000008005a34                vPortExitCritical
 *fill*         0x0000000008005a88        0x8 
 .text.PendSV_Handler
                0x0000000008005a90       0x68 ./Middlewares/Third_Party/FreeRTOS/Source/portable/GCC/ARM_CM4F/port.o
                0x0000000008005a90                PendSV_Handler
 .text.xPortSysTickHandler
                0x0000000008005af8       0x44 ./Middlewares/Third_Party/FreeRTOS/Source/portable/GCC/ARM_CM4F/port.o
                0x0000000008005af8                xPortSysTickHandler
 .text.vPortSetupTimerInterrupt
                0x0000000008005b3c       0x48 ./Middlewares/Third_Party/FreeRTOS/Source/portable/GCC/ARM_CM4F/port.o
                0x0000000008005b3c                vPortSetupTimerInterrupt
 .text.vPortEnableVFP
                0x0000000008005b84       0x14 ./Middlewares/Third_Party/FreeRTOS/Source/portable/GCC/ARM_CM4F/port.o
 .text.vPortValidateInterruptPriority
                0x0000000008005b98       0x80 ./Middlewares/Third_Party/FreeRTOS/Source/portable/GCC/ARM_CM4F/port.o
                0x0000000008005b98                vPortValidateInterruptPriority
 .text.pvPortMalloc
                0x0000000008005c18      0x198 ./Middlewares/Third_Party/FreeRTOS/Source/portable/MemMang/heap_4.o
                0x0000000008005c18                pvPortMalloc
 .text.vPortFree
                0x0000000008005db0       0xc4 ./Middlewares/Third_Party/FreeRTOS/Source/portable/MemMang/heap_4.o
                0x0000000008005db0                vPortFree
 .text.prvHeapInit
                0x0000000008005e74       0xc4 ./Middlewares/Third_Party/FreeRTOS/Source/portable/MemMang/heap_4.o
 .text.prvInsertBlockIntoFreeList
                0x0000000008005f38       0xb4 ./Middlewares/Third_Party/FreeRTOS/Source/portable/MemMang/heap_4.o
 .text.__errno  0x0000000008005fec        0xc /Applications/STM32CubeIDE.app/Contents/Eclipse/plugins/com.st.stm32cube.ide.mcu.externaltools.gnu-tools-for-stm32.10.3-2021.10.macos64_1.0.200.202301161003/tools/bin/../lib/gcc/arm-none-eabi/10.3.1/../../../../arm-none-eabi/lib/thumb/v7e-m+dp/hard/libc_nano.a(lib_a-errno.o)
                0x0000000008005fec                __errno
 .text.__libc_init_array
                0x0000000008005ff8       0x48 /Applications/STM32CubeIDE.app/Contents/Eclipse/plugins/com.st.stm32cube.ide.mcu.externaltools.gnu-tools-for-stm32.10.3-2021.10.macos64_1.0.200.202301161003/tools/bin/../lib/gcc/arm-none-eabi/10.3.1/../../../../arm-none-eabi/lib/thumb/v7e-m+dp/hard/libc_nano.a(lib_a-init.o)
                0x0000000008005ff8                __libc_init_array
 .text.memcpy   0x0000000008006040       0x1c /Applications/STM32CubeIDE.app/Contents/Eclipse/plugins/com.st.stm32cube.ide.mcu.externaltools.gnu-tools-for-stm32.10.3-2021.10.macos64_1.0.200.202301161003/tools/bin/../lib/gcc/arm-none-eabi/10.3.1/../../../../arm-none-eabi/lib/thumb/v7e-m+dp/hard/libc_nano.a(lib_a-memcpy-stub.o)
                0x0000000008006040                memcpy
 .text.memset   0x000000000800605c       0x10 /Applications/STM32CubeIDE.app/Contents/Eclipse/plugins/com.st.stm32cube.ide.mcu.externaltools.gnu-tools-for-stm32.10.3-2021.10.macos64_1.0.200.202301161003/tools/bin/../lib/gcc/arm-none-eabi/10.3.1/../../../../arm-none-eabi/lib/thumb/v7e-m+dp/hard/libc_nano.a(lib_a-memset.o)
                0x000000000800605c                memset
 .text.printf   0x000000000800606c       0x30 /Applications/STM32CubeIDE.app/Contents/Eclipse/plugins/com.st.stm32cube.ide.mcu.externaltools.gnu-tools-for-stm32.10.3-2021.10.macos64_1.0.200.202301161003/tools/bin/../lib/gcc/arm-none-eabi/10.3.1/../../../../arm-none-eabi/lib/thumb/v7e-m+dp/hard/libc_nano.a(lib_a-printf.o)
                0x000000000800606c                printf
                0x000000000800606c                iprintf
 .text._puts_r  0x000000000800609c       0xdc /Applications/STM32CubeIDE.app/Contents/Eclipse/plugins/com.st.stm32cube.ide.mcu.externaltools.gnu-tools-for-stm32.10.3-2021.10.macos64_1.0.200.202301161003/tools/bin/../lib/gcc/arm-none-eabi/10.3.1/../../../../arm-none-eabi/lib/thumb/v7e-m+dp/hard/libc_nano.a(lib_a-puts.o)
                0x000000000800609c                _puts_r
 .text.puts     0x0000000008006178       0x10 /Applications/STM32CubeIDE.app/Contents/Eclipse/plugins/com.st.stm32cube.ide.mcu.externaltools.gnu-tools-for-stm32.10.3-2021.10.macos64_1.0.200.202301161003/tools/bin/../lib/gcc/arm-none-eabi/10.3.1/../../../../arm-none-eabi/lib/thumb/v7e-m+dp/hard/libc_nano.a(lib_a-puts.o)
                0x0000000008006178                puts
 .text.__swbuf_r
                0x0000000008006188       0xa4 /Applications/STM32CubeIDE.app/Contents/Eclipse/plugins/com.st.stm32cube.ide.mcu.externaltools.gnu-tools-for-stm32.10.3-2021.10.macos64_1.0.200.202301161003/tools/bin/../lib/gcc/arm-none-eabi/10.3.1/../../../../arm-none-eabi/lib/thumb/v7e-m+dp/hard/libc_nano.a(lib_a-wbuf.o)
                0x0000000008006188                __swbuf_r
 .text.__swsetup_r
                0x000000000800622c       0xdc /Applications/STM32CubeIDE.app/Contents/Eclipse/plugins/com.st.stm32cube.ide.mcu.externaltools.gnu-tools-for-stm32.10.3-2021.10.macos64_1.0.200.202301161003/tools/bin/../lib/gcc/arm-none-eabi/10.3.1/../../../../arm-none-eabi/lib/thumb/v7e-m+dp/hard/libc_nano.a(lib_a-wsetup.o)
                0x000000000800622c                __swsetup_r
 .text.__sflush_r
                0x0000000008006308      0x10c /Applications/STM32CubeIDE.app/Contents/Eclipse/plugins/com.st.stm32cube.ide.mcu.externaltools.gnu-tools-for-stm32.10.3-2021.10.macos64_1.0.200.202301161003/tools/bin/../lib/gcc/arm-none-eabi/10.3.1/../../../../arm-none-eabi/lib/thumb/v7e-m+dp/hard/libc_nano.a(lib_a-fflush.o)
                0x0000000008006308                __sflush_r
 .text._fflush_r
                0x0000000008006414       0x78 /Applications/STM32CubeIDE.app/Contents/Eclipse/plugins/com.st.stm32cube.ide.mcu.externaltools.gnu-tools-for-stm32.10.3-2021.10.macos64_1.0.200.202301161003/tools/bin/../lib/gcc/arm-none-eabi/10.3.1/../../../../arm-none-eabi/lib/thumb/v7e-m+dp/hard/libc_nano.a(lib_a-fflush.o)
                0x0000000008006414                _fflush_r
 .text.std      0x000000000800648c       0x48 /Applications/STM32CubeIDE.app/Contents/Eclipse/plugins/com.st.stm32cube.ide.mcu.externaltools.gnu-tools-for-stm32.10.3-2021.10.macos64_1.0.200.202301161003/tools/bin/../lib/gcc/arm-none-eabi/10.3.1/../../../../arm-none-eabi/lib/thumb/v7e-m+dp/hard/libc_nano.a(lib_a-findfp.o)
 .text._cleanup_r
                0x00000000080064d4        0xc /Applications/STM32CubeIDE.app/Contents/Eclipse/plugins/com.st.stm32cube.ide.mcu.externaltools.gnu-tools-for-stm32.10.3-2021.10.macos64_1.0.200.202301161003/tools/bin/../lib/gcc/arm-none-eabi/10.3.1/../../../../arm-none-eabi/lib/thumb/v7e-m+dp/hard/libc_nano.a(lib_a-findfp.o)
                0x00000000080064d4                _cleanup_r
 .text.__sfmoreglue
                0x00000000080064e0       0x2c /Applications/STM32CubeIDE.app/Contents/Eclipse/plugins/com.st.stm32cube.ide.mcu.externaltools.gnu-tools-for-stm32.10.3-2021.10.macos64_1.0.200.202301161003/tools/bin/../lib/gcc/arm-none-eabi/10.3.1/../../../../arm-none-eabi/lib/thumb/v7e-m+dp/hard/libc_nano.a(lib_a-findfp.o)
                0x00000000080064e0                __sfmoreglue
 .text.__sfp_lock_acquire
                0x000000000800650c        0xc /Applications/STM32CubeIDE.app/Contents/Eclipse/plugins/com.st.stm32cube.ide.mcu.externaltools.gnu-tools-for-stm32.10.3-2021.10.macos64_1.0.200.202301161003/tools/bin/../lib/gcc/arm-none-eabi/10.3.1/../../../../arm-none-eabi/lib/thumb/v7e-m+dp/hard/libc_nano.a(lib_a-findfp.o)
                0x000000000800650c                __sfp_lock_acquire
 .text.__sfp_lock_release
                0x0000000008006518        0xc /Applications/STM32CubeIDE.app/Contents/Eclipse/plugins/com.st.stm32cube.ide.mcu.externaltools.gnu-tools-for-stm32.10.3-2021.10.macos64_1.0.200.202301161003/tools/bin/../lib/gcc/arm-none-eabi/10.3.1/../../../../arm-none-eabi/lib/thumb/v7e-m+dp/hard/libc_nano.a(lib_a-findfp.o)
                0x0000000008006518                __sfp_lock_release
 .text.__sinit_lock_acquire
                0x0000000008006524        0xc /Applications/STM32CubeIDE.app/Contents/Eclipse/plugins/com.st.stm32cube.ide.mcu.externaltools.gnu-tools-for-stm32.10.3-2021.10.macos64_1.0.200.202301161003/tools/bin/../lib/gcc/arm-none-eabi/10.3.1/../../../../arm-none-eabi/lib/thumb/v7e-m+dp/hard/libc_nano.a(lib_a-findfp.o)
                0x0000000008006524                __sinit_lock_acquire
 .text.__sinit_lock_release
                0x0000000008006530        0xc /Applications/STM32CubeIDE.app/Contents/Eclipse/plugins/com.st.stm32cube.ide.mcu.externaltools.gnu-tools-for-stm32.10.3-2021.10.macos64_1.0.200.202301161003/tools/bin/../lib/gcc/arm-none-eabi/10.3.1/../../../../arm-none-eabi/lib/thumb/v7e-m+dp/hard/libc_nano.a(lib_a-findfp.o)
                0x0000000008006530                __sinit_lock_release
 .text.__sinit  0x000000000800653c       0x70 /Applications/STM32CubeIDE.app/Contents/Eclipse/plugins/com.st.stm32cube.ide.mcu.externaltools.gnu-tools-for-stm32.10.3-2021.10.macos64_1.0.200.202301161003/tools/bin/../lib/gcc/arm-none-eabi/10.3.1/../../../../arm-none-eabi/lib/thumb/v7e-m+dp/hard/libc_nano.a(lib_a-findfp.o)
                0x000000000800653c                __sinit
 .text.__sfp    0x00000000080065ac       0x8c /Applications/STM32CubeIDE.app/Contents/Eclipse/plugins/com.st.stm32cube.ide.mcu.externaltools.gnu-tools-for-stm32.10.3-2021.10.macos64_1.0.200.202301161003/tools/bin/../lib/gcc/arm-none-eabi/10.3.1/../../../../arm-none-eabi/lib/thumb/v7e-m+dp/hard/libc_nano.a(lib_a-findfp.o)
                0x00000000080065ac                __sfp
 .text._fwalk_reent
                0x0000000008006638       0x3e /Applications/STM32CubeIDE.app/Contents/Eclipse/plugins/com.st.stm32cube.ide.mcu.externaltools.gnu-tools-for-stm32.10.3-2021.10.macos64_1.0.200.202301161003/tools/bin/../lib/gcc/arm-none-eabi/10.3.1/../../../../arm-none-eabi/lib/thumb/v7e-m+dp/hard/libc_nano.a(lib_a-fwalk.o)
                0x0000000008006638                _fwalk_reent
 .text.__retarget_lock_init_recursive
                0x0000000008006676        0x2 /Applications/STM32CubeIDE.app/Contents/Eclipse/plugins/com.st.stm32cube.ide.mcu.externaltools.gnu-tools-for-stm32.10.3-2021.10.macos64_1.0.200.202301161003/tools/bin/../lib/gcc/arm-none-eabi/10.3.1/../../../../arm-none-eabi/lib/thumb/v7e-m+dp/hard/libc_nano.a(lib_a-lock.o)
                0x0000000008006676                __retarget_lock_init_recursive
 .text.__retarget_lock_acquire_recursive
                0x0000000008006678        0x2 /Applications/STM32CubeIDE.app/Contents/Eclipse/plugins/com.st.stm32cube.ide.mcu.externaltools.gnu-tools-for-stm32.10.3-2021.10.macos64_1.0.200.202301161003/tools/bin/../lib/gcc/arm-none-eabi/10.3.1/../../../../arm-none-eabi/lib/thumb/v7e-m+dp/hard/libc_nano.a(lib_a-lock.o)
                0x0000000008006678                __retarget_lock_acquire_recursive
 .text.__retarget_lock_release_recursive
                0x000000000800667a        0x2 /Applications/STM32CubeIDE.app/Contents/Eclipse/plugins/com.st.stm32cube.ide.mcu.externaltools.gnu-tools-for-stm32.10.3-2021.10.macos64_1.0.200.202301161003/tools/bin/../lib/gcc/arm-none-eabi/10.3.1/../../../../arm-none-eabi/lib/thumb/v7e-m+dp/hard/libc_nano.a(lib_a-lock.o)
                0x000000000800667a                __retarget_lock_release_recursive
 .text.__swhatbuf_r
                0x000000000800667c       0x4a /Applications/STM32CubeIDE.app/Contents/Eclipse/plugins/com.st.stm32cube.ide.mcu.externaltools.gnu-tools-for-stm32.10.3-2021.10.macos64_1.0.200.202301161003/tools/bin/../lib/gcc/arm-none-eabi/10.3.1/../../../../arm-none-eabi/lib/thumb/v7e-m+dp/hard/libc_nano.a(lib_a-makebuf.o)
                0x000000000800667c                __swhatbuf_r
 *fill*         0x00000000080066c6        0x2 
 .text.__smakebuf_r
                0x00000000080066c8       0x80 /Applications/STM32CubeIDE.app/Contents/Eclipse/plugins/com.st.stm32cube.ide.mcu.externaltools.gnu-tools-for-stm32.10.3-2021.10.macos64_1.0.200.202301161003/tools/bin/../lib/gcc/arm-none-eabi/10.3.1/../../../../arm-none-eabi/lib/thumb/v7e-m+dp/hard/libc_nano.a(lib_a-makebuf.o)
                0x00000000080066c8                __smakebuf_r
 .text._free_r  0x0000000008006748       0x98 /Applications/STM32CubeIDE.app/Contents/Eclipse/plugins/com.st.stm32cube.ide.mcu.externaltools.gnu-tools-for-stm32.10.3-2021.10.macos64_1.0.200.202301161003/tools/bin/../lib/gcc/arm-none-eabi/10.3.1/../../../../arm-none-eabi/lib/thumb/v7e-m+dp/hard/libc_nano.a(lib_a-nano-freer.o)
                0x0000000008006748                _free_r
 .text.sbrk_aligned
                0x00000000080067e0       0x40 /Applications/STM32CubeIDE.app/Contents/Eclipse/plugins/com.st.stm32cube.ide.mcu.externaltools.gnu-tools-for-stm32.10.3-2021.10.macos64_1.0.200.202301161003/tools/bin/../lib/gcc/arm-none-eabi/10.3.1/../../../../arm-none-eabi/lib/thumb/v7e-m+dp/hard/libc_nano.a(lib_a-nano-mallocr.o)
 .text._malloc_r
                0x0000000008006820       0xe8 /Applications/STM32CubeIDE.app/Contents/Eclipse/plugins/com.st.stm32cube.ide.mcu.externaltools.gnu-tools-for-stm32.10.3-2021.10.macos64_1.0.200.202301161003/tools/bin/../lib/gcc/arm-none-eabi/10.3.1/../../../../arm-none-eabi/lib/thumb/v7e-m+dp/hard/libc_nano.a(lib_a-nano-mallocr.o)
                0x0000000008006820                _malloc_r
 .text.__sfputc_r
                0x0000000008006908       0x2e /Applications/STM32CubeIDE.app/Contents/Eclipse/plugins/com.st.stm32cube.ide.mcu.externaltools.gnu-tools-for-stm32.10.3-2021.10.macos64_1.0.200.202301161003/tools/bin/../lib/gcc/arm-none-eabi/10.3.1/../../../../arm-none-eabi/lib/thumb/v7e-m+dp/hard/libc_nano.a(lib_a-nano-vfprintf.o)
 .text.__sfputs_r
                0x0000000008006936       0x24 /Applications/STM32CubeIDE.app/Contents/Eclipse/plugins/com.st.stm32cube.ide.mcu.externaltools.gnu-tools-for-stm32.10.3-2021.10.macos64_1.0.200.202301161003/tools/bin/../lib/gcc/arm-none-eabi/10.3.1/../../../../arm-none-eabi/lib/thumb/v7e-m+dp/hard/libc_nano.a(lib_a-nano-vfprintf.o)
                0x0000000008006936                __sfputs_r
 *fill*         0x000000000800695a        0x2 
 .text._vfprintf_r
                0x000000000800695c      0x260 /Applications/STM32CubeIDE.app/Contents/Eclipse/plugins/com.st.stm32cube.ide.mcu.externaltools.gnu-tools-for-stm32.10.3-2021.10.macos64_1.0.200.202301161003/tools/bin/../lib/gcc/arm-none-eabi/10.3.1/../../../../arm-none-eabi/lib/thumb/v7e-m+dp/hard/libc_nano.a(lib_a-nano-vfprintf.o)
                0x000000000800695c                _vfiprintf_r
                0x000000000800695c                _vfprintf_r
 .text._printf_common
                0x0000000008006bbc       0xda /Applications/STM32CubeIDE.app/Contents/Eclipse/plugins/com.st.stm32cube.ide.mcu.externaltools.gnu-tools-for-stm32.10.3-2021.10.macos64_1.0.200.202301161003/tools/bin/../lib/gcc/arm-none-eabi/10.3.1/../../../../arm-none-eabi/lib/thumb/v7e-m+dp/hard/libc_nano.a(lib_a-nano-vfprintf_i.o)
                0x0000000008006bbc                _printf_common
 *fill*         0x0000000008006c96        0x2 
 .text._printf_i
                0x0000000008006c98      0x24c /Applications/STM32CubeIDE.app/Contents/Eclipse/plugins/com.st.stm32cube.ide.mcu.externaltools.gnu-tools-for-stm32.10.3-2021.10.macos64_1.0.200.202301161003/tools/bin/../lib/gcc/arm-none-eabi/10.3.1/../../../../arm-none-eabi/lib/thumb/v7e-m+dp/hard/libc_nano.a(lib_a-nano-vfprintf_i.o)
                0x0000000008006c98                _printf_i
 .text._sbrk_r  0x0000000008006ee4       0x20 /Applications/STM32CubeIDE.app/Contents/Eclipse/plugins/com.st.stm32cube.ide.mcu.externaltools.gnu-tools-for-stm32.10.3-2021.10.macos64_1.0.200.202301161003/tools/bin/../lib/gcc/arm-none-eabi/10.3.1/../../../../arm-none-eabi/lib/thumb/v7e-m+dp/hard/libc_nano.a(lib_a-sbrkr.o)
                0x0000000008006ee4                _sbrk_r
 .text.__sread  0x0000000008006f04       0x22 /Applications/STM32CubeIDE.app/Contents/Eclipse/plugins/com.st.stm32cube.ide.mcu.externaltools.gnu-tools-for-stm32.10.3-2021.10.macos64_1.0.200.202301161003/tools/bin/../lib/gcc/arm-none-eabi/10.3.1/../../../../arm-none-eabi/lib/thumb/v7e-m+dp/hard/libc_nano.a(lib_a-stdio.o)
                0x0000000008006f04                __sread
 .text.__swrite
                0x0000000008006f26       0x38 /Applications/STM32CubeIDE.app/Contents/Eclipse/plugins/com.st.stm32cube.ide.mcu.externaltools.gnu-tools-for-stm32.10.3-2021.10.macos64_1.0.200.202301161003/tools/bin/../lib/gcc/arm-none-eabi/10.3.1/../../../../arm-none-eabi/lib/thumb/v7e-m+dp/hard/libc_nano.a(lib_a-stdio.o)
                0x0000000008006f26                __swrite
 .text.__sseek  0x0000000008006f5e       0x24 /Applications/STM32CubeIDE.app/Contents/Eclipse/plugins/com.st.stm32cube.ide.mcu.externaltools.gnu-tools-for-stm32.10.3-2021.10.macos64_1.0.200.202301161003/tools/bin/../lib/gcc/arm-none-eabi/10.3.1/../../../../arm-none-eabi/lib/thumb/v7e-m+dp/hard/libc_nano.a(lib_a-stdio.o)
                0x0000000008006f5e                __sseek
 .text.__sclose
                0x0000000008006f82        0x8 /Applications/STM32CubeIDE.app/Contents/Eclipse/plugins/com.st.stm32cube.ide.mcu.externaltools.gnu-tools-for-stm32.10.3-2021.10.macos64_1.0.200.202301161003/tools/bin/../lib/gcc/arm-none-eabi/10.3.1/../../../../arm-none-eabi/lib/thumb/v7e-m+dp/hard/libc_nano.a(lib_a-stdio.o)
                0x0000000008006f82                __sclose
 *fill*         0x0000000008006f8a        0x2 
 .text._write_r
                0x0000000008006f8c       0x24 /Applications/STM32CubeIDE.app/Contents/Eclipse/plugins/com.st.stm32cube.ide.mcu.externaltools.gnu-tools-for-stm32.10.3-2021.10.macos64_1.0.200.202301161003/tools/bin/../lib/gcc/arm-none-eabi/10.3.1/../../../../arm-none-eabi/lib/thumb/v7e-m+dp/hard/libc_nano.a(lib_a-writer.o)
                0x0000000008006f8c                _write_r
 .text._close_r
                0x0000000008006fb0       0x20 /Applications/STM32CubeIDE.app/Contents/Eclipse/plugins/com.st.stm32cube.ide.mcu.externaltools.gnu-tools-for-stm32.10.3-2021.10.macos64_1.0.200.202301161003/tools/bin/../lib/gcc/arm-none-eabi/10.3.1/../../../../arm-none-eabi/lib/thumb/v7e-m+dp/hard/libc_nano.a(lib_a-closer.o)
                0x0000000008006fb0                _close_r
 .text._fstat_r
                0x0000000008006fd0       0x24 /Applications/STM32CubeIDE.app/Contents/Eclipse/plugins/com.st.stm32cube.ide.mcu.externaltools.gnu-tools-for-stm32.10.3-2021.10.macos64_1.0.200.202301161003/tools/bin/../lib/gcc/arm-none-eabi/10.3.1/../../../../arm-none-eabi/lib/thumb/v7e-m+dp/hard/libc_nano.a(lib_a-fstatr.o)
                0x0000000008006fd0                _fstat_r
 .text._isatty_r
                0x0000000008006ff4       0x20 /Applications/STM32CubeIDE.app/Contents/Eclipse/plugins/com.st.stm32cube.ide.mcu.externaltools.gnu-tools-for-stm32.10.3-2021.10.macos64_1.0.200.202301161003/tools/bin/../lib/gcc/arm-none-eabi/10.3.1/../../../../arm-none-eabi/lib/thumb/v7e-m+dp/hard/libc_nano.a(lib_a-isattyr.o)
                0x0000000008006ff4                _isatty_r
 .text._lseek_r
                0x0000000008007014       0x24 /Applications/STM32CubeIDE.app/Contents/Eclipse/plugins/com.st.stm32cube.ide.mcu.externaltools.gnu-tools-for-stm32.10.3-2021.10.macos64_1.0.200.202301161003/tools/bin/../lib/gcc/arm-none-eabi/10.3.1/../../../../arm-none-eabi/lib/thumb/v7e-m+dp/hard/libc_nano.a(lib_a-lseekr.o)
                0x0000000008007014                _lseek_r
 .text.__malloc_lock
                0x0000000008007038        0xc /Applications/STM32CubeIDE.app/Contents/Eclipse/plugins/com.st.stm32cube.ide.mcu.externaltools.gnu-tools-for-stm32.10.3-2021.10.macos64_1.0.200.202301161003/tools/bin/../lib/gcc/arm-none-eabi/10.3.1/../../../../arm-none-eabi/lib/thumb/v7e-m+dp/hard/libc_nano.a(lib_a-mlock.o)
                0x0000000008007038                __malloc_lock
 .text.__malloc_unlock
                0x0000000008007044        0xc /Applications/STM32CubeIDE.app/Contents/Eclipse/plugins/com.st.stm32cube.ide.mcu.externaltools.gnu-tools-for-stm32.10.3-2021.10.macos64_1.0.200.202301161003/tools/bin/../lib/gcc/arm-none-eabi/10.3.1/../../../../arm-none-eabi/lib/thumb/v7e-m+dp/hard/libc_nano.a(lib_a-mlock.o)
                0x0000000008007044                __malloc_unlock
 .text._read_r  0x0000000008007050       0x24 /Applications/STM32CubeIDE.app/Contents/Eclipse/plugins/com.st.stm32cube.ide.mcu.externaltools.gnu-tools-for-stm32.10.3-2021.10.macos64_1.0.200.202301161003/tools/bin/../lib/gcc/arm-none-eabi/10.3.1/../../../../arm-none-eabi/lib/thumb/v7e-m+dp/hard/libc_nano.a(lib_a-readr.o)
                0x0000000008007050                _read_r
 *(.glue_7)
 .glue_7        0x0000000008007074        0x0 linker stubs
 *(.glue_7t)
 .glue_7t       0x0000000008007074        0x0 linker stubs
 *(.eh_frame)
 .eh_frame      0x0000000008007074        0x0 /Applications/STM32CubeIDE.app/Contents/Eclipse/plugins/com.st.stm32cube.ide.mcu.externaltools.gnu-tools-for-stm32.10.3-2021.10.macos64_1.0.200.202301161003/tools/bin/../lib/gcc/arm-none-eabi/10.3.1/thumb/v7e-m+dp/hard/crtbegin.o
 *(.init)
 .init          0x0000000008007074        0x4 /Applications/STM32CubeIDE.app/Contents/Eclipse/plugins/com.st.stm32cube.ide.mcu.externaltools.gnu-tools-for-stm32.10.3-2021.10.macos64_1.0.200.202301161003/tools/bin/../lib/gcc/arm-none-eabi/10.3.1/thumb/v7e-m+dp/hard/crti.o
                0x0000000008007074                _init
 .init          0x0000000008007078        0x8 /Applications/STM32CubeIDE.app/Contents/Eclipse/plugins/com.st.stm32cube.ide.mcu.externaltools.gnu-tools-for-stm32.10.3-2021.10.macos64_1.0.200.202301161003/tools/bin/../lib/gcc/arm-none-eabi/10.3.1/thumb/v7e-m+dp/hard/crtn.o
 *(.fini)
 .fini          0x0000000008007080        0x4 /Applications/STM32CubeIDE.app/Contents/Eclipse/plugins/com.st.stm32cube.ide.mcu.externaltools.gnu-tools-for-stm32.10.3-2021.10.macos64_1.0.200.202301161003/tools/bin/../lib/gcc/arm-none-eabi/10.3.1/thumb/v7e-m+dp/hard/crti.o
                0x0000000008007080                _fini
 .fini          0x0000000008007084        0x8 /Applications/STM32CubeIDE.app/Contents/Eclipse/plugins/com.st.stm32cube.ide.mcu.externaltools.gnu-tools-for-stm32.10.3-2021.10.macos64_1.0.200.202301161003/tools/bin/../lib/gcc/arm-none-eabi/10.3.1/thumb/v7e-m+dp/hard/crtn.o
                0x000000000800708c                . = ALIGN (0x4)
                0x000000000800708c                _etext = .

.vfp11_veneer   0x000000000800708c        0x0
 .vfp11_veneer  0x000000000800708c        0x0 linker stubs

.v4_bx          0x000000000800708c        0x0
 .v4_bx         0x000000000800708c        0x0 linker stubs

.iplt           0x000000000800708c        0x0
 .iplt          0x000000000800708c        0x0 /Applications/STM32CubeIDE.app/Contents/Eclipse/plugins/com.st.stm32cube.ide.mcu.externaltools.gnu-tools-for-stm32.10.3-2021.10.macos64_1.0.200.202301161003/tools/bin/../lib/gcc/arm-none-eabi/10.3.1/thumb/v7e-m+dp/hard/crtbegin.o

.rodata         0x000000000800708c      0x1a8
                0x000000000800708c                . = ALIGN (0x4)
 *(.rodata)
 .rodata        0x000000000800708c       0x7c ./Core/Src/main.o
 .rodata        0x0000000008007108        0x5 ./Middlewares/Third_Party/FreeRTOS/Source/tasks.o
 *fill*         0x000000000800710d        0x3 
 .rodata        0x0000000008007110        0xd ./Middlewares/Third_Party/FreeRTOS/Source/timers.o
 *(.rodata*)
 *fill*         0x000000000800711d        0x3 
 .rodata.PMT_task_attributes
                0x0000000008007120       0x24 ./Core/Src/main.o
                0x0000000008007120                PMT_task_attributes
 .rodata.ERPA_task_attributes
                0x0000000008007144       0x24 ./Core/Src/main.o
                0x0000000008007144                ERPA_task_attributes
 .rodata.HK_task_attributes
                0x0000000008007168       0x24 ./Core/Src/main.o
                0x0000000008007168                HK_task_attributes
 .rodata.D1CorePrescTable
                0x000000000800718c       0x10 ./Core/Src/system_stm32h7xx.o
                0x000000000800718c                D1CorePrescTable
 .rodata._global_impure_ptr
                0x000000000800719c        0x4 /Applications/STM32CubeIDE.app/Contents/Eclipse/plugins/com.st.stm32cube.ide.mcu.externaltools.gnu-tools-for-stm32.10.3-2021.10.macos64_1.0.200.202301161003/tools/bin/../lib/gcc/arm-none-eabi/10.3.1/../../../../arm-none-eabi/lib/thumb/v7e-m+dp/hard/libc_nano.a(lib_a-impure.o)
                0x000000000800719c                _global_impure_ptr
 .rodata.__sf_fake_stderr
                0x00000000080071a0       0x20 /Applications/STM32CubeIDE.app/Contents/Eclipse/plugins/com.st.stm32cube.ide.mcu.externaltools.gnu-tools-for-stm32.10.3-2021.10.macos64_1.0.200.202301161003/tools/bin/../lib/gcc/arm-none-eabi/10.3.1/../../../../arm-none-eabi/lib/thumb/v7e-m+dp/hard/libc_nano.a(lib_a-findfp.o)
                0x00000000080071a0                __sf_fake_stderr
 .rodata.__sf_fake_stdin
                0x00000000080071c0       0x20 /Applications/STM32CubeIDE.app/Contents/Eclipse/plugins/com.st.stm32cube.ide.mcu.externaltools.gnu-tools-for-stm32.10.3-2021.10.macos64_1.0.200.202301161003/tools/bin/../lib/gcc/arm-none-eabi/10.3.1/../../../../arm-none-eabi/lib/thumb/v7e-m+dp/hard/libc_nano.a(lib_a-findfp.o)
                0x00000000080071c0                __sf_fake_stdin
 .rodata.__sf_fake_stdout
                0x00000000080071e0       0x20 /Applications/STM32CubeIDE.app/Contents/Eclipse/plugins/com.st.stm32cube.ide.mcu.externaltools.gnu-tools-for-stm32.10.3-2021.10.macos64_1.0.200.202301161003/tools/bin/../lib/gcc/arm-none-eabi/10.3.1/../../../../arm-none-eabi/lib/thumb/v7e-m+dp/hard/libc_nano.a(lib_a-findfp.o)
                0x00000000080071e0                __sf_fake_stdout
 .rodata._vfprintf_r.str1.1
                0x0000000008007200       0x11 /Applications/STM32CubeIDE.app/Contents/Eclipse/plugins/com.st.stm32cube.ide.mcu.externaltools.gnu-tools-for-stm32.10.3-2021.10.macos64_1.0.200.202301161003/tools/bin/../lib/gcc/arm-none-eabi/10.3.1/../../../../arm-none-eabi/lib/thumb/v7e-m+dp/hard/libc_nano.a(lib_a-nano-vfprintf.o)
 .rodata._printf_i.str1.1
                0x0000000008007211       0x22 /Applications/STM32CubeIDE.app/Contents/Eclipse/plugins/com.st.stm32cube.ide.mcu.externaltools.gnu-tools-for-stm32.10.3-2021.10.macos64_1.0.200.202301161003/tools/bin/../lib/gcc/arm-none-eabi/10.3.1/../../../../arm-none-eabi/lib/thumb/v7e-m+dp/hard/libc_nano.a(lib_a-nano-vfprintf_i.o)
                0x0000000008007234                . = ALIGN (0x4)
 *fill*         0x0000000008007233        0x1 

.rel.dyn        0x0000000008007234        0x0
 .rel.iplt      0x0000000008007234        0x0 /Applications/STM32CubeIDE.app/Contents/Eclipse/plugins/com.st.stm32cube.ide.mcu.externaltools.gnu-tools-for-stm32.10.3-2021.10.macos64_1.0.200.202301161003/tools/bin/../lib/gcc/arm-none-eabi/10.3.1/thumb/v7e-m+dp/hard/crtbegin.o

.ARM.extab
 *(.ARM.extab* .gnu.linkonce.armextab.*)

.ARM            0x0000000008007234        0x0
                0x0000000008007234                __exidx_start = .
 *(.ARM.exidx*)
                0x0000000008007234                __exidx_end = .

.preinit_array  0x0000000008007234        0x0
                0x0000000008007234                PROVIDE (__preinit_array_start = .)
 *(.preinit_array*)
                0x0000000008007234                PROVIDE (__preinit_array_end = .)

.init_array     0x0000000008007234        0x4
                0x0000000008007234                PROVIDE (__init_array_start = .)
 *(SORT_BY_NAME(.init_array.*))
 *(.init_array*)
 .init_array    0x0000000008007234        0x4 /Applications/STM32CubeIDE.app/Contents/Eclipse/plugins/com.st.stm32cube.ide.mcu.externaltools.gnu-tools-for-stm32.10.3-2021.10.macos64_1.0.200.202301161003/tools/bin/../lib/gcc/arm-none-eabi/10.3.1/thumb/v7e-m+dp/hard/crtbegin.o
                0x0000000008007238                PROVIDE (__init_array_end = .)

.fini_array     0x0000000008007238        0x4
                [!provide]                        PROVIDE (__fini_array_start = .)
 *(SORT_BY_NAME(.fini_array.*))
 *(.fini_array*)
 .fini_array    0x0000000008007238        0x4 /Applications/STM32CubeIDE.app/Contents/Eclipse/plugins/com.st.stm32cube.ide.mcu.externaltools.gnu-tools-for-stm32.10.3-2021.10.macos64_1.0.200.202301161003/tools/bin/../lib/gcc/arm-none-eabi/10.3.1/thumb/v7e-m+dp/hard/crtbegin.o
                [!provide]                        PROVIDE (__fini_array_end = .)
                0x000000000800723c                _sidata = LOADADDR (.data)

.data           0x0000000024000000       0x78 load address 0x000000000800723c
                0x0000000024000000                . = ALIGN (0x4)
                0x0000000024000000                _sdata = .
 *(.data)
 *(.data*)
 .data.SystemCoreClock
                0x0000000024000000        0x4 ./Core/Src/system_stm32h7xx.o
                0x0000000024000000                SystemCoreClock
 .data.SystemD2Clock
                0x0000000024000004        0x4 ./Core/Src/system_stm32h7xx.o
                0x0000000024000004                SystemD2Clock
 .data.uwTickPrio
                0x0000000024000008        0x4 ./Drivers/STM32H7xx_HAL_Driver/Src/stm32h7xx_hal.o
                0x0000000024000008                uwTickPrio
 .data.uwTickFreq
                0x000000002400000c        0x1 ./Drivers/STM32H7xx_HAL_Driver/Src/stm32h7xx_hal.o
                0x000000002400000c                uwTickFreq
 *fill*         0x000000002400000d        0x3 
 .data.uxCriticalNesting
                0x0000000024000010        0x4 ./Middlewares/Third_Party/FreeRTOS/Source/portable/GCC/ARM_CM4F/port.o
 .data._impure_ptr
                0x0000000024000014        0x4 /Applications/STM32CubeIDE.app/Contents/Eclipse/plugins/com.st.stm32cube.ide.mcu.externaltools.gnu-tools-for-stm32.10.3-2021.10.macos64_1.0.200.202301161003/tools/bin/../lib/gcc/arm-none-eabi/10.3.1/../../../../arm-none-eabi/lib/thumb/v7e-m+dp/hard/libc_nano.a(lib_a-impure.o)
                0x0000000024000014                _impure_ptr
 .data.impure_data
                0x0000000024000018       0x60 /Applications/STM32CubeIDE.app/Contents/Eclipse/plugins/com.st.stm32cube.ide.mcu.externaltools.gnu-tools-for-stm32.10.3-2021.10.macos64_1.0.200.202301161003/tools/bin/../lib/gcc/arm-none-eabi/10.3.1/../../../../arm-none-eabi/lib/thumb/v7e-m+dp/hard/libc_nano.a(lib_a-impure.o)
 *(.RamFunc)
 *(.RamFunc*)
                0x0000000024000078                . = ALIGN (0x4)
                0x0000000024000078                _edata = .

.igot.plt       0x0000000024000078        0x0 load address 0x00000000080072b4
 .igot.plt      0x0000000024000078        0x0 /Applications/STM32CubeIDE.app/Contents/Eclipse/plugins/com.st.stm32cube.ide.mcu.externaltools.gnu-tools-for-stm32.10.3-2021.10.macos64_1.0.200.202301161003/tools/bin/../lib/gcc/arm-none-eabi/10.3.1/thumb/v7e-m+dp/hard/crtbegin.o
                0x0000000024000078                . = ALIGN (0x4)

.bss            0x0000000024000078     0x4ac8 load address 0x00000000080072b4
                0x0000000024000078                _sbss = .
                0x0000000024000078                __bss_start__ = _sbss
 *(.bss)
 .bss           0x0000000024000078       0x1c /Applications/STM32CubeIDE.app/Contents/Eclipse/plugins/com.st.stm32cube.ide.mcu.externaltools.gnu-tools-for-stm32.10.3-2021.10.macos64_1.0.200.202301161003/tools/bin/../lib/gcc/arm-none-eabi/10.3.1/thumb/v7e-m+dp/hard/crtbegin.o
 *(.bss*)
 .bss.htim1     0x0000000024000094       0x4c ./Core/Src/main.o
                0x0000000024000094                htim1
 .bss.htim2     0x00000000240000e0       0x4c ./Core/Src/main.o
                0x00000000240000e0                htim2
 .bss.htim3     0x000000002400012c       0x4c ./Core/Src/main.o
                0x000000002400012c                htim3
 .bss.PMT_taskHandle
                0x0000000024000178        0x4 ./Core/Src/main.o
                0x0000000024000178                PMT_taskHandle
 .bss.ERPA_taskHandle
                0x000000002400017c        0x4 ./Core/Src/main.o
                0x000000002400017c                ERPA_taskHandle
 .bss.HK_taskHandle
                0x0000000024000180        0x4 ./Core/Src/main.o
                0x0000000024000180                HK_taskHandle
 .bss.pmt_seq   0x0000000024000184        0x1 ./Core/Src/main.o
                0x0000000024000184                pmt_seq
 .bss.erpa_seq  0x0000000024000185        0x1 ./Core/Src/main.o
                0x0000000024000185                erpa_seq
 .bss.hk_seq    0x0000000024000186        0x1 ./Core/Src/main.o
                0x0000000024000186                hk_seq
 *fill*         0x0000000024000187        0x1 
 .bss.event_flags
                0x0000000024000188        0x4 ./Core/Src/main.o
                0x0000000024000188                event_flags
 .bss.htim6     0x000000002400018c       0x4c ./Core/Src/stm32h7xx_hal_timebase_tim.o
                0x000000002400018c                htim6
 .bss.__sbrk_heap_end
                0x00000000240001d8        0x4 ./Core/Src/sysmem.o
 .bss.uwTick    0x00000000240001dc        0x4 ./Drivers/STM32H7xx_HAL_Driver/Src/stm32h7xx_hal.o
                0x00000000240001dc                uwTick
 .bss.KernelState
                0x00000000240001e0        0x4 ./Middlewares/Third_Party/FreeRTOS/Source/CMSIS_RTOS_V2/cmsis_os2.o
 .bss.Idle_TCB.3
                0x00000000240001e4       0x5c ./Middlewares/Third_Party/FreeRTOS/Source/CMSIS_RTOS_V2/cmsis_os2.o
 .bss.Idle_Stack.2
                0x0000000024000240      0x200 ./Middlewares/Third_Party/FreeRTOS/Source/CMSIS_RTOS_V2/cmsis_os2.o
 .bss.Timer_TCB.1
                0x0000000024000440       0x5c ./Middlewares/Third_Party/FreeRTOS/Source/CMSIS_RTOS_V2/cmsis_os2.o
 .bss.Timer_Stack.0
                0x000000002400049c      0x400 ./Middlewares/Third_Party/FreeRTOS/Source/CMSIS_RTOS_V2/cmsis_os2.o
 .bss.xQueueRegistry
                0x000000002400089c       0x40 ./Middlewares/Third_Party/FreeRTOS/Source/queue.o
                0x000000002400089c                xQueueRegistry
 .bss.pxCurrentTCB
                0x00000000240008dc        0x4 ./Middlewares/Third_Party/FreeRTOS/Source/tasks.o
                0x00000000240008dc                pxCurrentTCB
 .bss.pxReadyTasksLists
                0x00000000240008e0      0x460 ./Middlewares/Third_Party/FreeRTOS/Source/tasks.o
 .bss.xDelayedTaskList1
                0x0000000024000d40       0x14 ./Middlewares/Third_Party/FreeRTOS/Source/tasks.o
 .bss.xDelayedTaskList2
                0x0000000024000d54       0x14 ./Middlewares/Third_Party/FreeRTOS/Source/tasks.o
 .bss.pxDelayedTaskList
                0x0000000024000d68        0x4 ./Middlewares/Third_Party/FreeRTOS/Source/tasks.o
 .bss.pxOverflowDelayedTaskList
                0x0000000024000d6c        0x4 ./Middlewares/Third_Party/FreeRTOS/Source/tasks.o
 .bss.xPendingReadyList
                0x0000000024000d70       0x14 ./Middlewares/Third_Party/FreeRTOS/Source/tasks.o
 .bss.xTasksWaitingTermination
                0x0000000024000d84       0x14 ./Middlewares/Third_Party/FreeRTOS/Source/tasks.o
 .bss.uxDeletedTasksWaitingCleanUp
                0x0000000024000d98        0x4 ./Middlewares/Third_Party/FreeRTOS/Source/tasks.o
 .bss.xSuspendedTaskList
                0x0000000024000d9c       0x14 ./Middlewares/Third_Party/FreeRTOS/Source/tasks.o
 .bss.uxCurrentNumberOfTasks
                0x0000000024000db0        0x4 ./Middlewares/Third_Party/FreeRTOS/Source/tasks.o
 .bss.xTickCount
                0x0000000024000db4        0x4 ./Middlewares/Third_Party/FreeRTOS/Source/tasks.o
 .bss.uxTopReadyPriority
                0x0000000024000db8        0x4 ./Middlewares/Third_Party/FreeRTOS/Source/tasks.o
 .bss.xSchedulerRunning
                0x0000000024000dbc        0x4 ./Middlewares/Third_Party/FreeRTOS/Source/tasks.o
 .bss.xPendedTicks
                0x0000000024000dc0        0x4 ./Middlewares/Third_Party/FreeRTOS/Source/tasks.o
 .bss.xYieldPending
                0x0000000024000dc4        0x4 ./Middlewares/Third_Party/FreeRTOS/Source/tasks.o
 .bss.xNumOfOverflows
                0x0000000024000dc8        0x4 ./Middlewares/Third_Party/FreeRTOS/Source/tasks.o
 .bss.uxTaskNumber
                0x0000000024000dcc        0x4 ./Middlewares/Third_Party/FreeRTOS/Source/tasks.o
 .bss.xNextTaskUnblockTime
                0x0000000024000dd0        0x4 ./Middlewares/Third_Party/FreeRTOS/Source/tasks.o
 .bss.xIdleTaskHandle
                0x0000000024000dd4        0x4 ./Middlewares/Third_Party/FreeRTOS/Source/tasks.o
 .bss.uxSchedulerSuspended
                0x0000000024000dd8        0x4 ./Middlewares/Third_Party/FreeRTOS/Source/tasks.o
 .bss.xActiveTimerList1
                0x0000000024000ddc       0x14 ./Middlewares/Third_Party/FreeRTOS/Source/timers.o
 .bss.xActiveTimerList2
                0x0000000024000df0       0x14 ./Middlewares/Third_Party/FreeRTOS/Source/timers.o
 .bss.pxCurrentTimerList
                0x0000000024000e04        0x4 ./Middlewares/Third_Party/FreeRTOS/Source/timers.o
 .bss.pxOverflowTimerList
                0x0000000024000e08        0x4 ./Middlewares/Third_Party/FreeRTOS/Source/timers.o
 .bss.xTimerQueue
                0x0000000024000e0c        0x4 ./Middlewares/Third_Party/FreeRTOS/Source/timers.o
 .bss.xTimerTaskHandle
                0x0000000024000e10        0x4 ./Middlewares/Third_Party/FreeRTOS/Source/timers.o
 .bss.xLastTime.2
                0x0000000024000e14        0x4 ./Middlewares/Third_Party/FreeRTOS/Source/timers.o
 .bss.ucStaticTimerQueueStorage.1
                0x0000000024000e18       0xa0 ./Middlewares/Third_Party/FreeRTOS/Source/timers.o
 .bss.xStaticTimerQueue.0
                0x0000000024000eb8       0x50 ./Middlewares/Third_Party/FreeRTOS/Source/timers.o
 .bss.ucMaxSysCallPriority
                0x0000000024000f08        0x1 ./Middlewares/Third_Party/FreeRTOS/Source/portable/GCC/ARM_CM4F/port.o
 *fill*         0x0000000024000f09        0x3 
 .bss.ulMaxPRIGROUPValue
                0x0000000024000f0c        0x4 ./Middlewares/Third_Party/FreeRTOS/Source/portable/GCC/ARM_CM4F/port.o
 .bss.ucHeap    0x0000000024000f10     0x3c00 ./Middlewares/Third_Party/FreeRTOS/Source/portable/MemMang/heap_4.o
 .bss.xStart    0x0000000024004b10        0x8 ./Middlewares/Third_Party/FreeRTOS/Source/portable/MemMang/heap_4.o
 .bss.pxEnd     0x0000000024004b18        0x4 ./Middlewares/Third_Party/FreeRTOS/Source/portable/MemMang/heap_4.o
 .bss.xFreeBytesRemaining
                0x0000000024004b1c        0x4 ./Middlewares/Third_Party/FreeRTOS/Source/portable/MemMang/heap_4.o
 .bss.xMinimumEverFreeBytesRemaining
                0x0000000024004b20        0x4 ./Middlewares/Third_Party/FreeRTOS/Source/portable/MemMang/heap_4.o
 .bss.xNumberOfSuccessfulAllocations
                0x0000000024004b24        0x4 ./Middlewares/Third_Party/FreeRTOS/Source/portable/MemMang/heap_4.o
 .bss.xNumberOfSuccessfulFrees
                0x0000000024004b28        0x4 ./Middlewares/Third_Party/FreeRTOS/Source/portable/MemMang/heap_4.o
 .bss.xBlockAllocatedBit
                0x0000000024004b2c        0x4 ./Middlewares/Third_Party/FreeRTOS/Source/portable/MemMang/heap_4.o
 .bss.__lock___malloc_recursive_mutex
                0x0000000024004b30        0x1 /Applications/STM32CubeIDE.app/Contents/Eclipse/plugins/com.st.stm32cube.ide.mcu.externaltools.gnu-tools-for-stm32.10.3-2021.10.macos64_1.0.200.202301161003/tools/bin/../lib/gcc/arm-none-eabi/10.3.1/../../../../arm-none-eabi/lib/thumb/v7e-m+dp/hard/libc_nano.a(lib_a-lock.o)
                0x0000000024004b30                __lock___malloc_recursive_mutex
 .bss.__lock___sfp_recursive_mutex
                0x0000000024004b31        0x1 /Applications/STM32CubeIDE.app/Contents/Eclipse/plugins/com.st.stm32cube.ide.mcu.externaltools.gnu-tools-for-stm32.10.3-2021.10.macos64_1.0.200.202301161003/tools/bin/../lib/gcc/arm-none-eabi/10.3.1/../../../../arm-none-eabi/lib/thumb/v7e-m+dp/hard/libc_nano.a(lib_a-lock.o)
                0x0000000024004b31                __lock___sfp_recursive_mutex
 .bss.__lock___sinit_recursive_mutex
                0x0000000024004b32        0x1 /Applications/STM32CubeIDE.app/Contents/Eclipse/plugins/com.st.stm32cube.ide.mcu.externaltools.gnu-tools-for-stm32.10.3-2021.10.macos64_1.0.200.202301161003/tools/bin/../lib/gcc/arm-none-eabi/10.3.1/../../../../arm-none-eabi/lib/thumb/v7e-m+dp/hard/libc_nano.a(lib_a-lock.o)
                0x0000000024004b32                __lock___sinit_recursive_mutex
 *fill*         0x0000000024004b33        0x1 
 .bss.__malloc_free_list
                0x0000000024004b34        0x4 /Applications/STM32CubeIDE.app/Contents/Eclipse/plugins/com.st.stm32cube.ide.mcu.externaltools.gnu-tools-for-stm32.10.3-2021.10.macos64_1.0.200.202301161003/tools/bin/../lib/gcc/arm-none-eabi/10.3.1/../../../../arm-none-eabi/lib/thumb/v7e-m+dp/hard/libc_nano.a(lib_a-nano-mallocr.o)
                0x0000000024004b34                __malloc_free_list
 .bss.__malloc_sbrk_start
                0x0000000024004b38        0x4 /Applications/STM32CubeIDE.app/Contents/Eclipse/plugins/com.st.stm32cube.ide.mcu.externaltools.gnu-tools-for-stm32.10.3-2021.10.macos64_1.0.200.202301161003/tools/bin/../lib/gcc/arm-none-eabi/10.3.1/../../../../arm-none-eabi/lib/thumb/v7e-m+dp/hard/libc_nano.a(lib_a-nano-mallocr.o)
                0x0000000024004b38                __malloc_sbrk_start
 .bss.errno     0x0000000024004b3c        0x4 /Applications/STM32CubeIDE.app/Contents/Eclipse/plugins/com.st.stm32cube.ide.mcu.externaltools.gnu-tools-for-stm32.10.3-2021.10.macos64_1.0.200.202301161003/tools/bin/../lib/gcc/arm-none-eabi/10.3.1/../../../../arm-none-eabi/lib/thumb/v7e-m+dp/hard/libc_nano.a(lib_a-reent.o)
                0x0000000024004b3c                errno
 *(COMMON)
                0x0000000024004b40                . = ALIGN (0x4)
                0x0000000024004b40                _ebss = .
                0x0000000024004b40                __bss_end__ = _ebss

._user_heap_stack
                0x0000000024004b40      0x600 load address 0x00000000080072b4
                0x0000000024004b40                . = ALIGN (0x8)
                [!provide]                        PROVIDE (end = .)
                0x0000000024004b40                PROVIDE (_end = .)
                0x0000000024004d40                . = (. + _Min_Heap_Size)
 *fill*         0x0000000024004b40      0x200 
                0x0000000024005140                . = (. + _Min_Stack_Size)
 *fill*         0x0000000024004d40      0x400 
                0x0000000024005140                . = ALIGN (0x8)

/DISCARD/
 libc.a(*)
 libm.a(*)
 libgcc.a(*)

.ARM.attributes
                0x0000000000000000       0x2e
 *(.ARM.attributes)
 .ARM.attributes
                0x0000000000000000       0x1e /Applications/STM32CubeIDE.app/Contents/Eclipse/plugins/com.st.stm32cube.ide.mcu.externaltools.gnu-tools-for-stm32.10.3-2021.10.macos64_1.0.200.202301161003/tools/bin/../lib/gcc/arm-none-eabi/10.3.1/thumb/v7e-m+dp/hard/crti.o
 .ARM.attributes
                0x000000000000001e       0x32 /Applications/STM32CubeIDE.app/Contents/Eclipse/plugins/com.st.stm32cube.ide.mcu.externaltools.gnu-tools-for-stm32.10.3-2021.10.macos64_1.0.200.202301161003/tools/bin/../lib/gcc/arm-none-eabi/10.3.1/thumb/v7e-m+dp/hard/crtbegin.o
 .ARM.attributes
                0x0000000000000050       0x32 ./Core/Src/main.o
 .ARM.attributes
                0x0000000000000082       0x32 ./Core/Src/stm32h7xx_hal_msp.o
 .ARM.attributes
                0x00000000000000b4       0x32 ./Core/Src/stm32h7xx_hal_timebase_tim.o
 .ARM.attributes
                0x00000000000000e6       0x32 ./Core/Src/stm32h7xx_it.o
 .ARM.attributes
                0x0000000000000118       0x32 ./Core/Src/syscalls.o
 .ARM.attributes
                0x000000000000014a       0x32 ./Core/Src/sysmem.o
 .ARM.attributes
                0x000000000000017c       0x32 ./Core/Src/system_stm32h7xx.o
 .ARM.attributes
                0x00000000000001ae       0x21 ./Core/Startup/startup_stm32h753vitx.o
 .ARM.attributes
                0x00000000000001cf       0x32 ./Drivers/STM32H7xx_HAL_Driver/Src/stm32h7xx_hal.o
 .ARM.attributes
                0x0000000000000201       0x32 ./Drivers/STM32H7xx_HAL_Driver/Src/stm32h7xx_hal_cortex.o
 .ARM.attributes
                0x0000000000000233       0x32 ./Drivers/STM32H7xx_HAL_Driver/Src/stm32h7xx_hal_pwr_ex.o
 .ARM.attributes
                0x0000000000000265       0x32 ./Drivers/STM32H7xx_HAL_Driver/Src/stm32h7xx_hal_rcc.o
 .ARM.attributes
                0x0000000000000297       0x32 ./Drivers/STM32H7xx_HAL_Driver/Src/stm32h7xx_hal_tim.o
 .ARM.attributes
                0x00000000000002c9       0x32 ./Drivers/STM32H7xx_HAL_Driver/Src/stm32h7xx_hal_tim_ex.o
 .ARM.attributes
                0x00000000000002fb       0x32 ./Middlewares/Third_Party/FreeRTOS/Source/CMSIS_RTOS_V2/cmsis_os2.o
 .ARM.attributes
                0x000000000000032d       0x32 ./Middlewares/Third_Party/FreeRTOS/Source/event_groups.o
 .ARM.attributes
                0x000000000000035f       0x32 ./Middlewares/Third_Party/FreeRTOS/Source/list.o
 .ARM.attributes
                0x0000000000000391       0x32 ./Middlewares/Third_Party/FreeRTOS/Source/queue.o
 .ARM.attributes
                0x00000000000003c3       0x32 ./Middlewares/Third_Party/FreeRTOS/Source/tasks.o
 .ARM.attributes
                0x00000000000003f5       0x32 ./Middlewares/Third_Party/FreeRTOS/Source/timers.o
 .ARM.attributes
                0x0000000000000427       0x32 ./Middlewares/Third_Party/FreeRTOS/Source/portable/GCC/ARM_CM4F/port.o
 .ARM.attributes
                0x0000000000000459       0x32 ./Middlewares/Third_Party/FreeRTOS/Source/portable/MemMang/heap_4.o
 .ARM.attributes
                0x000000000000048b       0x32 /Applications/STM32CubeIDE.app/Contents/Eclipse/plugins/com.st.stm32cube.ide.mcu.externaltools.gnu-tools-for-stm32.10.3-2021.10.macos64_1.0.200.202301161003/tools/bin/../lib/gcc/arm-none-eabi/10.3.1/../../../../arm-none-eabi/lib/thumb/v7e-m+dp/hard/libc_nano.a(lib_a-errno.o)
 .ARM.attributes
                0x00000000000004bd       0x32 /Applications/STM32CubeIDE.app/Contents/Eclipse/plugins/com.st.stm32cube.ide.mcu.externaltools.gnu-tools-for-stm32.10.3-2021.10.macos64_1.0.200.202301161003/tools/bin/../lib/gcc/arm-none-eabi/10.3.1/../../../../arm-none-eabi/lib/thumb/v7e-m+dp/hard/libc_nano.a(lib_a-impure.o)
 .ARM.attributes
                0x00000000000004ef       0x32 /Applications/STM32CubeIDE.app/Contents/Eclipse/plugins/com.st.stm32cube.ide.mcu.externaltools.gnu-tools-for-stm32.10.3-2021.10.macos64_1.0.200.202301161003/tools/bin/../lib/gcc/arm-none-eabi/10.3.1/../../../../arm-none-eabi/lib/thumb/v7e-m+dp/hard/libc_nano.a(lib_a-init.o)
 .ARM.attributes
                0x0000000000000521       0x32 /Applications/STM32CubeIDE.app/Contents/Eclipse/plugins/com.st.stm32cube.ide.mcu.externaltools.gnu-tools-for-stm32.10.3-2021.10.macos64_1.0.200.202301161003/tools/bin/../lib/gcc/arm-none-eabi/10.3.1/../../../../arm-none-eabi/lib/thumb/v7e-m+dp/hard/libc_nano.a(lib_a-memcpy-stub.o)
 .ARM.attributes
                0x0000000000000553       0x32 /Applications/STM32CubeIDE.app/Contents/Eclipse/plugins/com.st.stm32cube.ide.mcu.externaltools.gnu-tools-for-stm32.10.3-2021.10.macos64_1.0.200.202301161003/tools/bin/../lib/gcc/arm-none-eabi/10.3.1/../../../../arm-none-eabi/lib/thumb/v7e-m+dp/hard/libc_nano.a(lib_a-memset.o)
 .ARM.attributes
                0x0000000000000585       0x32 /Applications/STM32CubeIDE.app/Contents/Eclipse/plugins/com.st.stm32cube.ide.mcu.externaltools.gnu-tools-for-stm32.10.3-2021.10.macos64_1.0.200.202301161003/tools/bin/../lib/gcc/arm-none-eabi/10.3.1/../../../../arm-none-eabi/lib/thumb/v7e-m+dp/hard/libc_nano.a(lib_a-printf.o)
 .ARM.attributes
                0x00000000000005b7       0x32 /Applications/STM32CubeIDE.app/Contents/Eclipse/plugins/com.st.stm32cube.ide.mcu.externaltools.gnu-tools-for-stm32.10.3-2021.10.macos64_1.0.200.202301161003/tools/bin/../lib/gcc/arm-none-eabi/10.3.1/../../../../arm-none-eabi/lib/thumb/v7e-m+dp/hard/libc_nano.a(lib_a-puts.o)
 .ARM.attributes
                0x00000000000005e9       0x32 /Applications/STM32CubeIDE.app/Contents/Eclipse/plugins/com.st.stm32cube.ide.mcu.externaltools.gnu-tools-for-stm32.10.3-2021.10.macos64_1.0.200.202301161003/tools/bin/../lib/gcc/arm-none-eabi/10.3.1/../../../../arm-none-eabi/lib/thumb/v7e-m+dp/hard/libc_nano.a(lib_a-wbuf.o)
 .ARM.attributes
                0x000000000000061b       0x32 /Applications/STM32CubeIDE.app/Contents/Eclipse/plugins/com.st.stm32cube.ide.mcu.externaltools.gnu-tools-for-stm32.10.3-2021.10.macos64_1.0.200.202301161003/tools/bin/../lib/gcc/arm-none-eabi/10.3.1/../../../../arm-none-eabi/lib/thumb/v7e-m+dp/hard/libc_nano.a(lib_a-wsetup.o)
 .ARM.attributes
                0x000000000000064d       0x32 /Applications/STM32CubeIDE.app/Contents/Eclipse/plugins/com.st.stm32cube.ide.mcu.externaltools.gnu-tools-for-stm32.10.3-2021.10.macos64_1.0.200.202301161003/tools/bin/../lib/gcc/arm-none-eabi/10.3.1/../../../../arm-none-eabi/lib/thumb/v7e-m+dp/hard/libc_nano.a(lib_a-fflush.o)
 .ARM.attributes
                0x000000000000067f       0x32 /Applications/STM32CubeIDE.app/Contents/Eclipse/plugins/com.st.stm32cube.ide.mcu.externaltools.gnu-tools-for-stm32.10.3-2021.10.macos64_1.0.200.202301161003/tools/bin/../lib/gcc/arm-none-eabi/10.3.1/../../../../arm-none-eabi/lib/thumb/v7e-m+dp/hard/libc_nano.a(lib_a-findfp.o)
 .ARM.attributes
                0x00000000000006b1       0x32 /Applications/STM32CubeIDE.app/Contents/Eclipse/plugins/com.st.stm32cube.ide.mcu.externaltools.gnu-tools-for-stm32.10.3-2021.10.macos64_1.0.200.202301161003/tools/bin/../lib/gcc/arm-none-eabi/10.3.1/../../../../arm-none-eabi/lib/thumb/v7e-m+dp/hard/libc_nano.a(lib_a-fwalk.o)
 .ARM.attributes
                0x00000000000006e3       0x32 /Applications/STM32CubeIDE.app/Contents/Eclipse/plugins/com.st.stm32cube.ide.mcu.externaltools.gnu-tools-for-stm32.10.3-2021.10.macos64_1.0.200.202301161003/tools/bin/../lib/gcc/arm-none-eabi/10.3.1/../../../../arm-none-eabi/lib/thumb/v7e-m+dp/hard/libc_nano.a(lib_a-lock.o)
 .ARM.attributes