../Core/Src/error_packet_handler.c:16:6:handle_error	16	static
../Core/Src/error_packet_handler.c:53:6:error_counter_init	8	static
../Core/Src/error_packet_handler.c:61:6:increment_error_counter	24	static
../Core/Src/error_packet_handler.c:69:10:get_eeprom_error_counter	24	static
../Core/Src/error_packet_handler.c:77:6:set_eeprom_error_counter	16	static
../Core/Src/error_packet_handler.c:86:6:reset_eeprom_error_counters	16	static
../Core/Src/error_packet_handler.c:101:6:send_error_packet	24	static
../Core/Src/error_packet_handler.c:112:6:send_junk_packet	272	static
