../Core/Src/freertos.c:200:6:vApplicationTickHook	4	static
../Core/Src/freertos.c:213:6:vApplicationStackOverflowHook	16	static
../Core/Src/freertos.c:226:6:MX_FREERTOS_Init	8	static
../Core/Src/freertos.c:295:6:PMT_init	16	static
../Core/Src/freertos.c:316:6:ERPA_init	16	static
../Core/Src/freertos.c:337:6:HK_init	16	static
../Core/Src/freertos.c:358:6:AUTOINIT_init	24	static
../Core/Src/freertos.c:388:6:AUTODEINIT_init	24	static
../Core/Src/freertos.c:420:6:Voltage_Monitor_init	24	static
../Core/Src/freertos.c:447:6:STOP_init	16	static
../Core/Src/freertos.c:471:6:Science_init	32	static,ignoring_inline_asm
../Core/Src/freertos.c:520:6:Idle_init	24	static
../Core/Src/freertos.c:564:6:Sync_init	24	static
