../Core/Src/freertos.c:145:6:vApplicationTickHook	4	static
../Core/Src/freertos.c:161:6:MX_FREERTOS_Init	8	static
../Core/Src/freertos.c:230:6:PMT_init	16	static
../Core/Src/freertos.c:251:6:ERPA_init	16	static
../Core/Src/freertos.c:272:6:HK_init	16	static
../Core/Src/freertos.c:289:6:AUTOINIT_init	24	static
../Core/Src/freertos.c:319:6:AUTODEINIT_init	24	static
../Core/Src/freertos.c:351:6:UART_TX_init	32	static
../Core/Src/freertos.c:402:6:Voltage_Monitor_init	16	static
../Core/Src/freertos.c:418:6:STOP_init	16	static
../Core/Src/freertos.c:436:6:Science_init	16	static
../Core/Src/freertos.c:454:6:Idle_init	16	static
