../Core/Src/main.c:126:6:HAL_TIM_OC_DelayElapsedCallback	16	static
../Core/Src/main.c:148:6:HAL_UART_RxCpltCallback	24	static
../Core/Src/main.c:342:5:main	8	static
../Core/Src/main.c:435:6:SystemClock_Config	120	static
../Core/Src/main.c:486:13:MX_TIM1_Init	40	static
../Core/Src/main.c:533:13:MX_TIM2_Init	40	static
../Core/Src/main.c:578:13:MX_TIM3_Init	40	static
../Core/Src/main.c:623:13:MX_USART1_UART_Init	8	static
../Core/Src/main.c:671:13:MX_GPIO_Init	16	static
../Core/Src/main.c:726:6:PMT_init	24	static
../Core/Src/main.c:746:6:ERPA_init	16	static
../Core/Src/main.c:765:6:HK_init	16	static
../Core/Src/main.c:784:6:UART_RX_init	16	static
../Core/Src/main.c:803:6:HAL_TIM_PeriodElapsedCallback	16	static
../Core/Src/main.c:820:6:Error_Handler	4	static,ignoring_inline_asm
