../Core/Src/main.c:95:6:HAL_TIM_OC_DelayElapsedCallback	16	static
../Core/Src/main.c:124:5:main	8	static
../Core/Src/main.c:212:6:SystemClock_Config	120	static
../Core/Src/main.c:263:13:MX_TIM1_Init	40	static
../Core/Src/main.c:310:13:MX_TIM2_Init	40	static
../Core/Src/main.c:355:13:MX_TIM3_Init	40	static
../Core/Src/main.c:406:6:PMT_init	16	static
../Core/Src/main.c:425:6:ERPA_init	16	static
../Core/Src/main.c:444:6:HK_init	16	static
../Core/Src/main.c:465:6:HAL_TIM_PeriodElapsedCallback	16	static
../Core/Src/main.c:482:6:Error_Handler	4	static,ignoring_inline_asm
