../Core/Src/main.c:256:6:HAL_TIM_OC_DelayElapsedCallback	16	static
../Core/Src/main.c:281:6:HAL_UART_RxCpltCallback	32	static
../Core/Src/main.c:504:5:main	8	static
../Core/Src/main.c:631:6:SystemClock_Config	120	static
../Core/Src/main.c:687:6:PeriphCommonClock_Config	200	static
../Core/Src/main.c:712:13:MX_ADC1_Init	48	static
../Core/Src/main.c:856:13:MX_ADC3_Init	40	static
../Core/Src/main.c:935:13:MX_DAC1_Init	48	static
../Core/Src/main.c:975:13:MX_I2C1_Init	8	static
../Core/Src/main.c:1024:13:MX_RTC_Init	32	static
../Core/Src/main.c:1084:13:MX_SPI1_Init	8	static
../Core/Src/main.c:1132:13:MX_SPI2_Init	8	static
../Core/Src/main.c:1180:13:MX_TIM1_Init	112	static
../Core/Src/main.c:1256:13:MX_TIM2_Init	64	static
../Core/Src/main.c:1311:13:MX_TIM3_Init	40	static
../Core/Src/main.c:1353:13:MX_USART1_UART_Init	8	static
../Core/Src/main.c:1396:13:MX_DMA_Init	16	static
../Core/Src/main.c:1422:13:MX_GPIO_Init	48	static
../Core/Src/main.c:1473:9:poll_i2c_sensor	32	static
../Core/Src/main.c:1503:6:receive_pmt_spi	24	static
../Core/Src/main.c:1528:6:receive_erpa_spi	24	static
../Core/Src/main.c:1551:6:receive_erpa_adc	24	static
../Core/Src/main.c:1566:6:receive_hk_i2c	24	static
../Core/Src/main.c:1585:6:receive_hk_adc1	40	static
../Core/Src/main.c:1614:6:receive_hk_adc3	24	static
../Core/Src/main.c:1628:5:inRange	24	static
../Core/Src/main.c:1635:6:error_protocol	40	static
../Core/Src/main.c:1656:6:HAL_UART_TxCpltCallback	16	static
../Core/Src/main.c:1666:10:create_packet	32	static
../Core/Src/main.c:1681:5:handshake	72	static
../Core/Src/main.c:1747:6:system_setup	8	static
../Core/Src/main.c:1776:6:getTimestamp	48	static
../Core/Src/main.c:1806:6:sample_pmt	32	static
../Core/Src/main.c:1855:6:sample_erpa	32	static
../Core/Src/main.c:1916:6:sample_hk	40	static
../Core/Src/main.c:2035:6:PMT_init	16	static
../Core/Src/main.c:2064:6:ERPA_init	16	static
../Core/Src/main.c:2093:6:HK_init	16	static
../Core/Src/main.c:2121:6:UART_RX_init	16	static
../Core/Src/main.c:2138:6:GPIO_on_init	16	static
../Core/Src/main.c:2168:6:GPIO_off_init	16	static
../Core/Src/main.c:2198:6:UART_TX_init	24	static
../Core/Src/main.c:2247:6:Voltage_Monitor_init	48	static
../Core/Src/main.c:2337:6:HAL_TIM_PeriodElapsedCallback	16	static
../Core/Src/main.c:2353:6:Error_Handler	4	static,ignoring_inline_asm
