../Core/Src/main.c:136:6:HAL_TIM_OC_DelayElapsedCallback	16	static
../Core/Src/main.c:158:6:HAL_UART_RxCpltCallback	24	static
../Core/Src/main.c:352:5:main	8	static
../Core/Src/main.c:449:6:SystemClock_Config	120	static
../Core/Src/main.c:509:13:MX_ADC1_Init	48	static
../Core/Src/main.c:669:13:MX_I2C1_Init	8	static
../Core/Src/main.c:717:13:MX_SPI2_Init	8	static
../Core/Src/main.c:765:13:MX_TIM1_Init	112	static
../Core/Src/main.c:845:13:MX_TIM2_Init	64	static
../Core/Src/main.c:904:13:MX_TIM3_Init	40	static
../Core/Src/main.c:949:13:MX_USART1_UART_Init	8	static
../Core/Src/main.c:995:13:MX_DMA_Init	16	static
../Core/Src/main.c:1013:13:MX_GPIO_Init	24	static
../Core/Src/main.c:1070:6:PMT_init	24	static
../Core/Src/main.c:1090:6:ERPA_init	16	static
../Core/Src/main.c:1109:6:HK_init	16	static
../Core/Src/main.c:1128:6:UART_RX_init	16	static
../Core/Src/main.c:1148:6:HAL_TIM_PeriodElapsedCallback	16	static
../Core/Src/main.c:1165:6:Error_Handler	4	static,ignoring_inline_asm
