../Core/Src/main.c:306:6:HAL_TIM_OC_DelayElapsedCallback	16	static
../Core/Src/main.c:331:6:HAL_UART_RxCpltCallback	32	static
../Core/Src/main.c:588:5:main	8	static
../Core/Src/main.c:720:6:SystemClock_Config	120	static
../Core/Src/main.c:779:6:PeriphCommonClock_Config	200	static
../Core/Src/main.c:804:13:MX_ADC1_Init	48	static
../Core/Src/main.c:948:13:MX_ADC3_Init	40	static
../Core/Src/main.c:1027:13:MX_DAC1_Init	48	static
../Core/Src/main.c:1067:13:MX_I2C1_Init	8	static
../Core/Src/main.c:1116:13:MX_RTC_Init	32	static
../Core/Src/main.c:1176:13:MX_SPI1_Init	8	static
../Core/Src/main.c:1224:13:MX_SPI2_Init	8	static
../Core/Src/main.c:1272:13:MX_TIM1_Init	112	static
../Core/Src/main.c:1348:13:MX_TIM2_Init	64	static
../Core/Src/main.c:1403:13:MX_TIM3_Init	40	static
../Core/Src/main.c:1445:13:MX_TIM4_Init	40	static
../Core/Src/main.c:1487:13:MX_USART1_UART_Init	8	static
../Core/Src/main.c:1546:13:MX_DMA_Init	16	static
../Core/Src/main.c:1572:13:MX_GPIO_Init	48	static
../Core/Src/main.c:1623:9:poll_i2c_sensor	32	static
../Core/Src/main.c:1653:6:receive_pmt_spi	24	static
../Core/Src/main.c:1678:6:receive_erpa_spi	24	static
../Core/Src/main.c:1702:6:receive_erpa_adc	24	static
../Core/Src/main.c:1715:6:receive_hk_i2c	24	static
../Core/Src/main.c:1735:6:receive_hk_adc1	40	static
../Core/Src/main.c:1766:6:receive_hk_adc3	24	static
../Core/Src/main.c:1788:9:get_current_step	16	static
../Core/Src/main.c:1822:6:enter_stop	8	static
../Core/Src/main.c:1839:6:RTC_SetTime	40	static
../Core/Src/main.c:1894:6:calibrateRTC	56	static
../Core/Src/main.c:1940:6:sync	16	static
../Core/Src/main.c:1964:6:send_ACK	8	static
../Core/Src/main.c:1977:6:send_NACK	8	static
../Core/Src/main.c:1993:6:flush_message_queue	16	static
../Core/Src/main.c:2035:5:in_range	24	static
../Core/Src/main.c:2052:6:error_protocol	40	static
../Core/Src/main.c:2074:6:HAL_UART_TxCpltCallback	16	static
../Core/Src/main.c:2084:10:create_packet	32	static
../Core/Src/main.c:2102:6:system_setup	8	static
../Core/Src/main.c:2138:6:get_uptime	32	static
../Core/Src/main.c:2160:6:getTimestamp	48	static
../Core/Src/main.c:2189:6:sample_pmt	32	static
../Core/Src/main.c:2227:6:sample_erpa	40	static
../Core/Src/main.c:2277:6:sample_hk	32	static
../Core/Src/main.c:2372:6:PMT_init	16	static
../Core/Src/main.c:2395:6:ERPA_init	16	static
../Core/Src/main.c:2418:6:HK_init	16	static
../Core/Src/main.c:2441:6:GPIO_on_init	16	static
../Core/Src/main.c:2471:6:GPIO_off_init	16	static
../Core/Src/main.c:2507:6:UART_TX_init	24	static
../Core/Src/main.c:2556:6:Voltage_Monitor_init	24	static
../Core/Src/main.c:2655:6:FLAG_init	24	static
../Core/Src/main.c:2677:6:Flight_init	24	static
../Core/Src/main.c:2724:6:UnFlight_init	16	static
../Core/Src/main.c:2765:6:HAL_TIM_PeriodElapsedCallback	16	static
../Core/Src/main.c:2781:6:Error_Handler	4	static,ignoring_inline_asm
