../Core/Src/main.c:334:6:HAL_TIM_OC_DelayElapsedCallback	16	static
../Core/Src/main.c:359:6:HAL_UART_RxCpltCallback	32	static
../Core/Src/main.c:616:5:main	8	static
../Core/Src/main.c:744:6:SystemClock_Config	120	static
../Core/Src/main.c:804:6:PeriphCommonClock_Config	200	static
../Core/Src/main.c:831:13:MX_ADC1_Init	48	static
../Core/Src/main.c:989:13:MX_ADC3_Init	40	static
../Core/Src/main.c:1074:13:MX_DAC1_Init	48	static
../Core/Src/main.c:1117:13:MX_I2C1_Init	8	static
../Core/Src/main.c:1169:13:MX_RTC_Init	32	static
../Core/Src/main.c:1233:13:MX_SPI1_Init	8	static
../Core/Src/main.c:1281:13:MX_SPI2_Init	8	static
../Core/Src/main.c:1329:13:MX_TIM1_Init	112	static
../Core/Src/main.c:1409:13:MX_TIM2_Init	64	static
../Core/Src/main.c:1468:13:MX_TIM3_Init	40	static
../Core/Src/main.c:1513:13:MX_TIM4_Init	40	static
../Core/Src/main.c:1558:13:MX_USART1_UART_Init	8	static
../Core/Src/main.c:1620:13:MX_DMA_Init	16	static
../Core/Src/main.c:1647:13:MX_GPIO_Init	48	static
../Core/Src/main.c:1697:9:poll_i2c_sensor	32	static
../Core/Src/main.c:1727:6:receive_pmt_spi	24	static
../Core/Src/main.c:1752:6:receive_erpa_spi	24	static
../Core/Src/main.c:1776:6:receive_erpa_adc	24	static
../Core/Src/main.c:1789:6:receive_hk_i2c	24	static
../Core/Src/main.c:1809:6:receive_hk_adc1	40	static
../Core/Src/main.c:1840:6:receive_hk_adc3	24	static
../Core/Src/main.c:1862:9:get_current_step	16	static
../Core/Src/main.c:1896:6:enter_stop	8	static
../Core/Src/main.c:1913:6:RTC_SetTime	40	static
../Core/Src/main.c:1968:6:calibrateRTC	56	static
../Core/Src/main.c:2014:6:sync	16	static
../Core/Src/main.c:2038:6:send_ACK	8	static
../Core/Src/main.c:2051:6:send_NACK	8	static
../Core/Src/main.c:2067:6:flush_message_queue	16	static
../Core/Src/main.c:2109:5:in_range	24	static
../Core/Src/main.c:2126:6:error_protocol	40	static
../Core/Src/main.c:2148:6:HAL_UART_TxCpltCallback	16	static
../Core/Src/main.c:2158:10:create_packet	32	static
../Core/Src/main.c:2176:6:system_setup	8	static
../Core/Src/main.c:2212:6:get_uptime	32	static
../Core/Src/main.c:2234:6:getTimestamp	48	static
../Core/Src/main.c:2263:6:sample_pmt	32	static
../Core/Src/main.c:2301:6:sample_erpa	40	static
../Core/Src/main.c:2351:6:sample_hk	32	static
../Core/Src/main.c:2446:6:PMT_init	16	static
../Core/Src/main.c:2470:6:ERPA_init	16	static
../Core/Src/main.c:2494:6:HK_init	16	static
../Core/Src/main.c:2518:6:GPIO_on_init	16	static
../Core/Src/main.c:2549:6:GPIO_off_init	16	static
../Core/Src/main.c:2586:6:UART_TX_init	24	static
../Core/Src/main.c:2636:6:Voltage_Monitor_init	24	static
../Core/Src/main.c:2736:6:FLAG_init	24	static
../Core/Src/main.c:2759:6:Flight_init	24	static
../Core/Src/main.c:2807:6:UnFlight_init	16	static
../Core/Src/main.c:2849:6:HAL_TIM_PeriodElapsedCallback	16	static
../Core/Src/main.c:2866:6:Error_Handler	4	static,ignoring_inline_asm
