../Core/Src/main.c:102:6:HAL_UART_RxCpltCallback	40	static
../Core/Src/main.c:347:5:main	8	static
../Core/Src/main.c:411:6:SystemClock_Config	120	static
../Core/Src/main.c:471:6:PeriphCommonClock_Config	200	static
../Core/Src/main.c:494:6:system_setup	8	static
../Core/Src/main.c:541:6:sync	16	static
../Core/Src/main.c:559:6:send_ACK	8	static
../Core/Src/main.c:566:6:send_NACK	8	static
../Core/Src/main.c:583:6:HAL_TIM_PeriodElapsedCallback	16	static
../Core/Src/main.c:600:6:Error_Handler	4	static,ignoring_inline_asm
