../Core/Src/main.c:216:6:HAL_TIM_OC_DelayElapsedCallback	16	static
../Core/Src/main.c:248:6:HAL_UART_RxCpltCallback	32	static
../Core/Src/main.c:441:5:main	8	static
../Core/Src/main.c:561:6:SystemClock_Config	120	static
../Core/Src/main.c:621:6:PeriphCommonClock_Config	200	static
../Core/Src/main.c:648:13:MX_ADC1_Init	48	static
../Core/Src/main.c:808:13:MX_ADC3_Init	40	static
../Core/Src/main.c:893:13:MX_DAC1_Init	48	static
../Core/Src/main.c:936:13:MX_I2C1_Init	8	static
../Core/Src/main.c:984:13:MX_RTC_Init	32	static
../Core/Src/main.c:1048:13:MX_SPI1_Init	8	static
../Core/Src/main.c:1096:13:MX_SPI2_Init	8	static
../Core/Src/main.c:1144:13:MX_TIM1_Init	112	static
../Core/Src/main.c:1224:13:MX_TIM2_Init	64	static
../Core/Src/main.c:1283:13:MX_TIM3_Init	40	static
../Core/Src/main.c:1328:13:MX_USART1_UART_Init	8	static
../Core/Src/main.c:1374:13:MX_DMA_Init	16	static
../Core/Src/main.c:1398:13:MX_GPIO_Init	48	static
../Core/Src/main.c:1450:9:poll_i2c_sensor	32	static
../Core/Src/main.c:1481:6:receive_pmt_spi	24	static
../Core/Src/main.c:1508:6:receive_erpa_spi	24	static
../Core/Src/main.c:1532:6:receive_erpa_adc	24	static
../Core/Src/main.c:1549:6:receive_hk_i2c	24	static
../Core/Src/main.c:1570:6:receive_hk_adc1	40	static
../Core/Src/main.c:1601:6:receive_hk_adc3	24	static
../Core/Src/main.c:1617:5:handshake	40	static
../Core/Src/main.c:1656:6:system_setup	8	static
../Core/Src/main.c:1686:6:getTimestamp	48	static
../Core/Src/main.c:1708:10:create_packet	32	static
../Core/Src/main.c:1731:6:sample_pmt	32	static
../Core/Src/main.c:1779:6:sample_erpa	32	static
../Core/Src/main.c:1841:6:sample_hk	40	static
../Core/Src/main.c:1946:6:PMT_init	16	static
../Core/Src/main.c:1970:6:ERPA_init	16	static
../Core/Src/main.c:1996:6:HK_init	16	static
../Core/Src/main.c:2022:6:UART_RX_init	16	static
../Core/Src/main.c:2041:6:UART_TX_init	32	static
../Core/Src/main.c:2071:6:HAL_TIM_PeriodElapsedCallback	16	static
../Core/Src/main.c:2088:6:Error_Handler	4	static,ignoring_inline_asm
