../Core/Src/main.c:144:6:HAL_TIM_OC_DelayElapsedCallback	16	static
../Core/Src/main.c:166:6:HAL_UART_RxCpltCallback	24	static
../Core/Src/main.c:360:5:main	8	static
../Core/Src/main.c:462:6:SystemClock_Config	120	static
../Core/Src/main.c:521:6:PeriphCommonClock_Config	200	static
../Core/Src/main.c:548:13:MX_ADC1_Init	48	static
../Core/Src/main.c:708:13:MX_ADC3_Init	40	static
../Core/Src/main.c:793:13:MX_DAC1_Init	48	static
../Core/Src/main.c:836:13:MX_I2C1_Init	8	static
../Core/Src/main.c:884:13:MX_SPI2_Init	8	static
../Core/Src/main.c:932:13:MX_TIM1_Init	112	static
../Core/Src/main.c:1012:13:MX_TIM2_Init	64	static
../Core/Src/main.c:1071:13:MX_TIM3_Init	40	static
../Core/Src/main.c:1116:13:MX_USART1_UART_Init	8	static
../Core/Src/main.c:1162:13:MX_DMA_Init	16	static
../Core/Src/main.c:1186:13:MX_GPIO_Init	40	static
../Core/Src/main.c:1267:6:PMT_init	24	static
../Core/Src/main.c:1287:6:ERPA_init	16	static
../Core/Src/main.c:1306:6:HK_init	16	static
../Core/Src/main.c:1325:6:UART_RX_init	16	static
../Core/Src/main.c:1345:6:HAL_TIM_PeriodElapsedCallback	16	static
../Core/Src/main.c:1362:6:Error_Handler	4	static,ignoring_inline_asm
