../Core/Src/main.c:296:6:HAL_TIM_OC_DelayElapsedCallback	16	static
../Core/Src/main.c:321:6:HAL_UART_RxCpltCallback	32	static
../Core/Src/main.c:574:5:main	8	static
../Core/Src/main.c:699:6:SystemClock_Config	120	static
../Core/Src/main.c:758:6:PeriphCommonClock_Config	200	static
../Core/Src/main.c:783:13:MX_ADC1_Init	48	static
../Core/Src/main.c:927:13:MX_ADC3_Init	40	static
../Core/Src/main.c:1006:13:MX_DAC1_Init	48	static
../Core/Src/main.c:1046:13:MX_I2C1_Init	8	static
../Core/Src/main.c:1095:13:MX_RTC_Init	32	static
../Core/Src/main.c:1155:13:MX_SPI1_Init	8	static
../Core/Src/main.c:1203:13:MX_SPI2_Init	8	static
../Core/Src/main.c:1251:13:MX_TIM1_Init	112	static
../Core/Src/main.c:1327:13:MX_TIM2_Init	64	static
../Core/Src/main.c:1382:13:MX_TIM3_Init	40	static
../Core/Src/main.c:1424:13:MX_TIM4_Init	40	static
../Core/Src/main.c:1466:13:MX_USART1_UART_Init	8	static
../Core/Src/main.c:1525:13:MX_DMA_Init	16	static
../Core/Src/main.c:1551:13:MX_GPIO_Init	48	static
../Core/Src/main.c:1602:9:poll_i2c_sensor	32	static
../Core/Src/main.c:1632:6:receive_pmt_spi	24	static
../Core/Src/main.c:1657:6:receive_erpa_spi	24	static
../Core/Src/main.c:1681:6:receive_erpa_adc	24	static
../Core/Src/main.c:1694:6:receive_hk_i2c	24	static
../Core/Src/main.c:1714:6:receive_hk_adc1	40	static
../Core/Src/main.c:1745:6:receive_hk_adc3	24	static
../Core/Src/main.c:1765:6:enter_flight_mode	16	static
../Core/Src/main.c:1790:9:get_current_step	16	static
../Core/Src/main.c:1824:6:enter_stop	8	static
../Core/Src/main.c:1840:6:RTC_SetTime	40	static
../Core/Src/main.c:1896:6:calibrateRTC	56	static
../Core/Src/main.c:1942:6:sync	16	static
../Core/Src/main.c:1966:6:send_ACK	8	static
../Core/Src/main.c:1979:6:send_NACK	8	static
../Core/Src/main.c:1995:6:flush_message_queue	16	static
../Core/Src/main.c:2037:5:in_range	24	static
../Core/Src/main.c:2054:6:error_protocol	40	static
../Core/Src/main.c:2076:6:HAL_UART_TxCpltCallback	16	static
../Core/Src/main.c:2086:10:create_packet	32	static
../Core/Src/main.c:2104:6:system_setup	8	static
../Core/Src/main.c:2140:6:get_uptime	32	static
../Core/Src/main.c:2162:6:getTimestamp	48	static
../Core/Src/main.c:2191:6:sample_pmt	32	static
../Core/Src/main.c:2229:6:sample_erpa	40	static
../Core/Src/main.c:2280:6:sample_hk	32	static
../Core/Src/main.c:2376:6:PMT_init	16	static
../Core/Src/main.c:2399:6:ERPA_init	16	static
../Core/Src/main.c:2422:6:HK_init	16	static
../Core/Src/main.c:2445:6:GPIO_on_init	16	static
../Core/Src/main.c:2475:6:GPIO_off_init	16	static
../Core/Src/main.c:2511:6:UART_TX_init	24	static
../Core/Src/main.c:2560:6:Voltage_Monitor_init	24	static
../Core/Src/main.c:2659:6:FLAG_init	24	static
../Core/Src/main.c:2682:6:HAL_TIM_PeriodElapsedCallback	16	static
../Core/Src/main.c:2698:6:Error_Handler	4	static,ignoring_inline_asm
