../Core/Src/main.c:239:6:HAL_TIM_OC_DelayElapsedCallback	16	static
../Core/Src/main.c:271:6:HAL_UART_RxCpltCallback	32	static
../Core/Src/main.c:483:5:main	8	static
../Core/Src/main.c:609:6:SystemClock_Config	120	static
../Core/Src/main.c:669:6:PeriphCommonClock_Config	200	static
../Core/Src/main.c:696:13:MX_ADC1_Init	48	static
../Core/Src/main.c:854:13:MX_ADC3_Init	40	static
../Core/Src/main.c:939:13:MX_DAC1_Init	48	static
../Core/Src/main.c:982:13:MX_I2C1_Init	8	static
../Core/Src/main.c:1030:13:MX_RTC_Init	32	static
../Core/Src/main.c:1094:13:MX_SPI1_Init	8	static
../Core/Src/main.c:1142:13:MX_SPI2_Init	8	static
../Core/Src/main.c:1190:13:MX_TIM1_Init	112	static
../Core/Src/main.c:1270:13:MX_TIM2_Init	64	static
../Core/Src/main.c:1329:13:MX_TIM3_Init	40	static
../Core/Src/main.c:1374:13:MX_USART1_UART_Init	8	static
../Core/Src/main.c:1420:13:MX_DMA_Init	16	static
../Core/Src/main.c:1444:13:MX_GPIO_Init	48	static
../Core/Src/main.c:1496:9:poll_i2c_sensor	32	static
../Core/Src/main.c:1527:6:receive_pmt_spi	24	static
../Core/Src/main.c:1554:6:receive_erpa_spi	24	static
../Core/Src/main.c:1578:6:receive_erpa_adc	24	static
../Core/Src/main.c:1595:6:receive_hk_i2c	24	static
../Core/Src/main.c:1616:6:receive_hk_adc1	40	static
../Core/Src/main.c:1647:6:receive_hk_adc3	24	static
../Core/Src/main.c:1663:5:handshake	72	static
../Core/Src/main.c:1736:6:system_setup	8	static
../Core/Src/main.c:1766:6:getTimestamp	48	static
../Core/Src/main.c:1788:10:create_packet	32	static
../Core/Src/main.c:1811:6:sample_pmt	32	static
../Core/Src/main.c:1859:6:sample_erpa	32	static
../Core/Src/main.c:1921:6:sample_hk	40	static
../Core/Src/main.c:2026:6:PMT_init	16	static
../Core/Src/main.c:2050:6:ERPA_init	16	static
../Core/Src/main.c:2076:6:HK_init	16	static
../Core/Src/main.c:2102:6:UART_RX_init	16	static
../Core/Src/main.c:2121:6:UART_TX_init	32	static
../Core/Src/main.c:2150:6:GPIO_on_init	16	static
../Core/Src/main.c:2182:6:GPIO_off_init	16	static
../Core/Src/main.c:2215:6:HAL_TIM_PeriodElapsedCallback	16	static
../Core/Src/main.c:2232:6:Error_Handler	4	static,ignoring_inline_asm
