../Drivers/CMSIS/Include/core_cm7.h:2156:34:__NVIC_SystemReset	4	static,ignoring_inline_asm
../Core/Src/main.c:114:6:HAL_TIM_OC_DelayElapsedCallback	16	static
../Core/Src/main.c:140:6:HAL_UART_RxCpltCallback	40	static
../Core/Src/main.c:392:6:get_reset_cause	16	static
../Core/Src/main.c:423:5:main	8	static
../Core/Src/main.c:496:6:SystemClock_Config	120	static
../Core/Src/main.c:558:6:PeriphCommonClock_Config	200	static
../Core/Src/main.c:581:6:system_setup	8	static
../Core/Src/main.c:624:6:sync	16	static
../Core/Src/main.c:641:6:send_ACK	8	static
../Core/Src/main.c:648:6:send_NACK	8	static
../Core/Src/main.c:656:9:get_current_step	16	static
../Core/Src/main.c:683:6:enter_stop	8	static
../Core/Src/main.c:708:6:HAL_TIM_PeriodElapsedCallback	16	static
../Core/Src/main.c:725:6:Error_Handler	16	static
