../Core/Src/main.c:146:6:HAL_TIM_OC_DelayElapsedCallback	16	static
../Core/Src/main.c:168:6:HAL_UART_RxCpltCallback	24	static
../Core/Src/main.c:362:5:main	8	static
../Core/Src/main.c:465:6:SystemClock_Config	120	static
../Core/Src/main.c:524:6:PeriphCommonClock_Config	200	static
../Core/Src/main.c:551:13:MX_ADC1_Init	48	static
../Core/Src/main.c:709:13:MX_ADC3_Init	40	static
../Core/Src/main.c:794:13:MX_DAC1_Init	48	static
../Core/Src/main.c:837:13:MX_I2C1_Init	8	static
../Core/Src/main.c:885:13:MX_SPI1_Init	8	static
../Core/Src/main.c:933:13:MX_SPI2_Init	8	static
../Core/Src/main.c:981:13:MX_TIM1_Init	112	static
../Core/Src/main.c:1061:13:MX_TIM2_Init	64	static
../Core/Src/main.c:1120:13:MX_TIM3_Init	40	static
../Core/Src/main.c:1165:13:MX_USART1_UART_Init	8	static
../Core/Src/main.c:1211:13:MX_DMA_Init	16	static
../Core/Src/main.c:1235:13:MX_GPIO_Init	48	static
../Core/Src/main.c:1317:6:PMT_init	24	static
../Core/Src/main.c:1337:6:ERPA_init	16	static
../Core/Src/main.c:1356:6:HK_init	16	static
../Core/Src/main.c:1375:6:UART_RX_init	16	static
../Core/Src/main.c:1394:6:HAL_TIM_PeriodElapsedCallback	16	static
../Core/Src/main.c:1411:6:Error_Handler	4	static,ignoring_inline_asm
