../Core/Src/main.c:184:6:HAL_TIM_OC_DelayElapsedCallback	16	static
../Core/Src/main.c:216:6:HAL_UART_RxCpltCallback	24	static
../Core/Src/main.c:409:5:main	8	static
../Core/Src/main.c:515:6:SystemClock_Config	120	static
../Core/Src/main.c:574:6:PeriphCommonClock_Config	200	static
../Core/Src/main.c:601:13:MX_ADC1_Init	48	static
../Core/Src/main.c:761:13:MX_ADC3_Init	40	static
../Core/Src/main.c:846:13:MX_DAC1_Init	48	static
../Core/Src/main.c:889:13:MX_I2C1_Init	8	static
../Core/Src/main.c:937:13:MX_SPI2_Init	8	static
../Core/Src/main.c:985:13:MX_TIM1_Init	112	static
../Core/Src/main.c:1065:13:MX_TIM2_Init	64	static
../Core/Src/main.c:1124:13:MX_TIM3_Init	40	static
../Core/Src/main.c:1169:13:MX_USART1_UART_Init	8	static
../Core/Src/main.c:1215:13:MX_DMA_Init	16	static
../Core/Src/main.c:1239:13:MX_GPIO_Init	40	static
../Core/Src/main.c:1290:9:poll_i2c_sensor	32	static
../Core/Src/main.c:1321:6:receive_spi	16	static
../Core/Src/main.c:1347:6:receive_erpa_adc	24	static
../Core/Src/main.c:1364:6:receive_hk_i2c	24	static
../Core/Src/main.c:1385:6:receive_hk_adc1	40	static
../Core/Src/main.c:1416:6:receive_hk_adc3	24	static
../Core/Src/main.c:1439:6:system_setup	8	static
../Core/Src/main.c:1470:10:create_packet	32	static
../Core/Src/main.c:1493:6:sample_pmt	24	static
../Core/Src/main.c:1528:6:sample_erpa	32	static
../Core/Src/main.c:1576:6:sample_hk	56	static
../Core/Src/main.c:1664:6:PMT_init	16	static
../Core/Src/main.c:1683:6:ERPA_init	16	static
../Core/Src/main.c:1703:6:HK_init	16	static
../Core/Src/main.c:1723:6:UART_RX_init	16	static
../Core/Src/main.c:1742:6:UART_TX_init	32	static
../Core/Src/main.c:1772:6:HAL_TIM_PeriodElapsedCallback	16	static
../Core/Src/main.c:1789:6:Error_Handler	4	static,ignoring_inline_asm
