../Core/Src/main.c:338:6:HAL_TIM_OC_DelayElapsedCallback	16	static
../Core/Src/main.c:374:6:HAL_UART_RxCpltCallback	32	static
../Core/Src/main.c:622:5:main	8	static
../Core/Src/main.c:749:6:SystemClock_Config	120	static
../Core/Src/main.c:809:6:PeriphCommonClock_Config	200	static
../Core/Src/main.c:836:13:MX_ADC1_Init	48	static
../Core/Src/main.c:994:13:MX_ADC3_Init	40	static
../Core/Src/main.c:1079:13:MX_DAC1_Init	48	static
../Core/Src/main.c:1122:13:MX_I2C1_Init	8	static
../Core/Src/main.c:1174:13:MX_RTC_Init	32	static
../Core/Src/main.c:1238:13:MX_SPI1_Init	8	static
../Core/Src/main.c:1286:13:MX_SPI2_Init	8	static
../Core/Src/main.c:1334:13:MX_TIM1_Init	112	static
../Core/Src/main.c:1414:13:MX_TIM2_Init	64	static
../Core/Src/main.c:1473:13:MX_TIM3_Init	40	static
../Core/Src/main.c:1518:13:MX_USART1_UART_Init	8	static
../Core/Src/main.c:1580:13:MX_DMA_Init	16	static
../Core/Src/main.c:1607:13:MX_GPIO_Init	48	static
../Core/Src/main.c:1657:9:poll_i2c_sensor	32	static
../Core/Src/main.c:1687:6:receive_pmt_spi	24	static
../Core/Src/main.c:1712:6:receive_erpa_spi	24	static
../Core/Src/main.c:1736:6:receive_erpa_adc	24	static
../Core/Src/main.c:1749:6:receive_hk_i2c	24	static
../Core/Src/main.c:1769:6:receive_hk_adc1	40	static
../Core/Src/main.c:1800:6:receive_hk_adc3	24	static
../Core/Src/main.c:1822:9:get_current_step	16	static
../Core/Src/main.c:1856:6:enter_stop	8	static
../Core/Src/main.c:1873:6:RTC_SetTime	40	static
../Core/Src/main.c:1928:6:calibrateRTC	56	static
../Core/Src/main.c:1974:6:sync	16	static
../Core/Src/main.c:1998:6:send_ACK	8	static
../Core/Src/main.c:2011:6:send_NACK	8	static
../Core/Src/main.c:2027:6:flush_message_queue	16	static
../Core/Src/main.c:2069:5:in_range	24	static
../Core/Src/main.c:2086:6:error_protocol	40	static
../Core/Src/main.c:2108:6:HAL_UART_TxCpltCallback	16	static
../Core/Src/main.c:2118:10:create_packet	32	static
../Core/Src/main.c:2136:6:system_setup	8	static
../Core/Src/main.c:2172:6:get_uptime	32	static
../Core/Src/main.c:2194:6:getTimestamp	48	static
../Core/Src/main.c:2223:6:sample_pmt	32	static
../Core/Src/main.c:2261:6:sample_erpa	40	static
../Core/Src/main.c:2311:6:sample_hk	32	static
../Core/Src/main.c:2396:6:PMT_init	16	static
../Core/Src/main.c:2420:6:ERPA_init	16	static
../Core/Src/main.c:2444:6:HK_init	16	static
../Core/Src/main.c:2468:6:GPIO_on_init	24	static
../Core/Src/main.c:2493:6:GPIO_off_init	24	static
../Core/Src/main.c:2524:6:UART_TX_init	24	static
../Core/Src/main.c:2574:6:Voltage_Monitor_init	24	static
../Core/Src/main.c:2676:6:FLAG_init	24	static
../Core/Src/main.c:2699:6:Science_init	32	static,ignoring_inline_asm
../Core/Src/main.c:2740:6:Idle_init	24	static
../Core/Src/main.c:2774:6:HAL_TIM_PeriodElapsedCallback	16	static
../Core/Src/main.c:2791:6:Error_Handler	4	static,ignoring_inline_asm
