../Core/Src/main.c:132:6:HAL_TIM_OC_DelayElapsedCallback	16	static
../Core/Src/main.c:154:6:HAL_UART_RxCpltCallback	24	static
../Core/Src/main.c:348:5:main	8	static
../Core/Src/main.c:443:6:SystemClock_Config	120	static
../Core/Src/main.c:503:13:MX_I2C1_Init	8	static
../Core/Src/main.c:551:13:MX_SPI2_Init	8	static
../Core/Src/main.c:599:13:MX_TIM1_Init	112	static
../Core/Src/main.c:679:13:MX_TIM2_Init	64	static
../Core/Src/main.c:738:13:MX_TIM3_Init	40	static
../Core/Src/main.c:783:13:MX_USART1_UART_Init	8	static
../Core/Src/main.c:831:13:MX_GPIO_Init	16	static
../Core/Src/main.c:887:6:PMT_init	24	static
../Core/Src/main.c:907:6:ERPA_init	16	static
../Core/Src/main.c:926:6:HK_init	16	static
../Core/Src/main.c:945:6:UART_RX_init	16	static
../Core/Src/main.c:964:6:HAL_TIM_PeriodElapsedCallback	16	static
../Core/Src/main.c:981:6:Error_Handler	4	static,ignoring_inline_asm
