../Core/Src/main.c:295:6:HAL_TIM_OC_DelayElapsedCallback	16	static
../Core/Src/main.c:320:6:HAL_UART_RxCpltCallback	32	static
../Core/Src/main.c:573:5:main	8	static
../Core/Src/main.c:698:6:SystemClock_Config	120	static
../Core/Src/main.c:757:6:PeriphCommonClock_Config	200	static
../Core/Src/main.c:782:13:MX_ADC1_Init	48	static
../Core/Src/main.c:926:13:MX_ADC3_Init	40	static
../Core/Src/main.c:1005:13:MX_DAC1_Init	48	static
../Core/Src/main.c:1045:13:MX_I2C1_Init	8	static
../Core/Src/main.c:1094:13:MX_RTC_Init	32	static
../Core/Src/main.c:1154:13:MX_SPI1_Init	8	static
../Core/Src/main.c:1202:13:MX_SPI2_Init	8	static
../Core/Src/main.c:1250:13:MX_TIM1_Init	112	static
../Core/Src/main.c:1326:13:MX_TIM2_Init	64	static
../Core/Src/main.c:1381:13:MX_TIM3_Init	40	static
../Core/Src/main.c:1423:13:MX_TIM4_Init	40	static
../Core/Src/main.c:1465:13:MX_USART1_UART_Init	8	static
../Core/Src/main.c:1524:13:MX_DMA_Init	16	static
../Core/Src/main.c:1550:13:MX_GPIO_Init	48	static
../Core/Src/main.c:1601:9:poll_i2c_sensor	32	static
../Core/Src/main.c:1631:6:receive_pmt_spi	24	static
../Core/Src/main.c:1656:6:receive_erpa_spi	24	static
../Core/Src/main.c:1680:6:receive_erpa_adc	24	static
../Core/Src/main.c:1693:6:receive_hk_i2c	24	static
../Core/Src/main.c:1713:6:receive_hk_adc1	40	static
../Core/Src/main.c:1744:6:receive_hk_adc3	24	static
../Core/Src/main.c:1764:6:enter_flight_mode	16	static
../Core/Src/main.c:1789:9:get_current_step	16	static
../Core/Src/main.c:1823:6:enter_stop	8	static
../Core/Src/main.c:1849:6:calibrateRTC	56	static
../Core/Src/main.c:1894:6:sync	16	static
../Core/Src/main.c:1918:6:send_ACK	8	static
../Core/Src/main.c:1931:6:send_NACK	8	static
../Core/Src/main.c:1947:6:flush_message_queue	16	static
../Core/Src/main.c:1989:5:in_range	24	static
../Core/Src/main.c:2006:6:error_protocol	40	static
../Core/Src/main.c:2028:6:HAL_UART_TxCpltCallback	16	static
../Core/Src/main.c:2038:10:create_packet	32	static
../Core/Src/main.c:2056:6:system_setup	8	static
../Core/Src/main.c:2092:6:get_uptime	32	static
../Core/Src/main.c:2114:6:getTimestamp	48	static
../Core/Src/main.c:2143:6:sample_pmt	32	static
../Core/Src/main.c:2181:6:sample_erpa	40	static
../Core/Src/main.c:2232:6:sample_hk	32	static
../Core/Src/main.c:2328:6:PMT_init	16	static
../Core/Src/main.c:2351:6:ERPA_init	16	static
../Core/Src/main.c:2374:6:HK_init	16	static
../Core/Src/main.c:2397:6:GPIO_on_init	16	static
../Core/Src/main.c:2427:6:GPIO_off_init	16	static
../Core/Src/main.c:2463:6:UART_TX_init	24	static
../Core/Src/main.c:2512:6:Voltage_Monitor_init	24	static
../Core/Src/main.c:2611:6:FLAG_init	24	static
../Core/Src/main.c:2634:6:HAL_TIM_PeriodElapsedCallback	16	static
../Core/Src/main.c:2650:6:Error_Handler	4	static,ignoring_inline_asm
