../Drivers/CMSIS/Include/core_cm7.h:2156:34:__NVIC_SystemReset	4	static,ignoring_inline_asm
../Core/Src/main.c:113:6:HAL_TIM_OC_DelayElapsedCallback	16	static
../Core/Src/main.c:139:6:HAL_UART_RxCpltCallback	40	static
../Core/Src/main.c:391:6:get_reset_cause	16	static
../Core/Src/main.c:422:5:main	8	static
../Core/Src/main.c:500:6:SystemClock_Config	120	static
../Core/Src/main.c:562:6:PeriphCommonClock_Config	200	static
../Core/Src/main.c:585:6:system_setup	8	static
../Core/Src/main.c:628:6:sync	16	static
../Core/Src/main.c:645:6:send_ACK	8	static
../Core/Src/main.c:652:6:send_NACK	8	static
../Core/Src/main.c:660:9:get_current_step	16	static
../Core/Src/main.c:687:6:enter_stop	8	static
../Core/Src/main.c:712:6:HAL_TIM_PeriodElapsedCallback	16	static
../Core/Src/main.c:729:6:Error_Handler	16	static
