../Core/Src/main.c:253:6:HAL_TIM_OC_DelayElapsedCallback	16	static
../Core/Src/main.c:285:6:HAL_UART_RxCpltCallback	32	static
../Core/Src/main.c:506:5:main	8	static
../Core/Src/main.c:629:6:SystemClock_Config	120	static
../Core/Src/main.c:693:6:PeriphCommonClock_Config	200	static
../Core/Src/main.c:720:13:MX_ADC1_Init	48	static
../Core/Src/main.c:878:13:MX_ADC3_Init	40	static
../Core/Src/main.c:963:13:MX_DAC1_Init	48	static
../Core/Src/main.c:1006:13:MX_I2C1_Init	8	static
../Core/Src/main.c:1058:13:MX_RTC_Init	32	static
../Core/Src/main.c:1122:13:MX_SPI1_Init	8	static
../Core/Src/main.c:1170:13:MX_SPI2_Init	8	static
../Core/Src/main.c:1218:13:MX_TIM1_Init	112	static
../Core/Src/main.c:1298:13:MX_TIM2_Init	64	static
../Core/Src/main.c:1357:13:MX_TIM3_Init	40	static
../Core/Src/main.c:1402:13:MX_TIM4_Init	40	static
../Core/Src/main.c:1447:13:MX_USART1_UART_Init	8	static
../Core/Src/main.c:1493:13:MX_DMA_Init	16	static
../Core/Src/main.c:1520:13:MX_GPIO_Init	48	static
../Core/Src/main.c:1572:9:poll_i2c_sensor	32	static
../Core/Src/main.c:1603:6:receive_pmt_spi	24	static
../Core/Src/main.c:1630:6:receive_erpa_spi	24	static
../Core/Src/main.c:1654:6:receive_erpa_adc	24	static
../Core/Src/main.c:1671:6:receive_hk_i2c	24	static
../Core/Src/main.c:1692:6:receive_hk_adc1	40	static
../Core/Src/main.c:1723:6:receive_hk_adc3	24	static
../Core/Src/main.c:1737:6:HAL_UART_TxCpltCallback	16	static
../Core/Src/main.c:1742:10:create_packet	32	static
../Core/Src/main.c:1754:5:handshake	72	static
../Core/Src/main.c:1830:6:system_setup	8	static
../Core/Src/main.c:1857:10:getMicro	16	static
../Core/Src/main.c:1878:6:getTimestamp	48	static
../Core/Src/main.c:1911:6:sample_pmt	32	static
../Core/Src/main.c:1963:6:sample_erpa	32	static
../Core/Src/main.c:2029:6:sample_hk	40	static
../Core/Src/main.c:2154:6:PMT_init	16	static
../Core/Src/main.c:2183:6:ERPA_init	16	static
../Core/Src/main.c:2214:6:HK_init	16	static
../Core/Src/main.c:2244:6:UART_RX_init	16	static
../Core/Src/main.c:2263:6:GPIO_on_init	16	static
../Core/Src/main.c:2295:6:GPIO_off_init	16	static
../Core/Src/main.c:2327:6:UART_TX_init	24	static
../Core/Src/main.c:2378:6:HAL_TIM_PeriodElapsedCallback	16	static
../Core/Src/main.c:2395:6:Error_Handler	4	static,ignoring_inline_asm
