../Core/Src/main.c:223:6:HAL_TIM_OC_DelayElapsedCallback	16	static
../Core/Src/main.c:255:6:HAL_UART_RxCpltCallback	32	static
../Core/Src/main.c:467:5:main	8	static
../Core/Src/main.c:587:6:SystemClock_Config	128	static
../Core/Src/main.c:652:6:PeriphCommonClock_Config	200	static
../Core/Src/main.c:679:13:MX_ADC1_Init	48	static
../Core/Src/main.c:837:13:MX_ADC3_Init	40	static
../Core/Src/main.c:922:13:MX_DAC1_Init	48	static
../Core/Src/main.c:965:13:MX_I2C1_Init	8	static
../Core/Src/main.c:1017:13:MX_RTC_Init	32	static
../Core/Src/main.c:1081:13:MX_SPI1_Init	8	static
../Core/Src/main.c:1129:13:MX_SPI2_Init	8	static
../Core/Src/main.c:1177:13:MX_TIM1_Init	112	static
../Core/Src/main.c:1257:13:MX_TIM2_Init	64	static
../Core/Src/main.c:1316:13:MX_TIM3_Init	40	static
../Core/Src/main.c:1361:13:MX_USART1_UART_Init	8	static
../Core/Src/main.c:1407:13:MX_DMA_Init	16	static
../Core/Src/main.c:1431:13:MX_GPIO_Init	48	static
../Core/Src/main.c:1483:9:poll_i2c_sensor	32	static
../Core/Src/main.c:1514:6:receive_pmt_spi	24	static
../Core/Src/main.c:1541:6:receive_erpa_spi	24	static
../Core/Src/main.c:1565:6:receive_erpa_adc	24	static
../Core/Src/main.c:1582:6:receive_hk_i2c	24	static
../Core/Src/main.c:1603:6:receive_hk_adc1	40	static
../Core/Src/main.c:1634:6:receive_hk_adc3	24	static
../Core/Src/main.c:1650:5:handshake	72	static
../Core/Src/main.c:1723:6:system_setup	8	static
../Core/Src/main.c:1753:6:getTimestamp	48	static
../Core/Src/main.c:1785:6:sample_pmt	24	static
../Core/Src/main.c:1832:6:sample_erpa	24	static
../Core/Src/main.c:1893:6:sample_hk	32	static
../Core/Src/main.c:1997:6:PMT_init	16	static
../Core/Src/main.c:2021:6:ERPA_init	16	static
../Core/Src/main.c:2047:6:HK_init	16	static
../Core/Src/main.c:2073:6:UART_RX_init	16	static
../Core/Src/main.c:2092:6:GPIO_on_init	16	static
../Core/Src/main.c:2124:6:GPIO_off_init	16	static
../Core/Src/main.c:2157:6:HAL_TIM_PeriodElapsedCallback	16	static
../Core/Src/main.c:2174:6:Error_Handler	4	static,ignoring_inline_asm
