../Core/Src/main.c:316:6:HAL_TIM_OC_DelayElapsedCallback	16	static
../Core/Src/main.c:341:6:HAL_UART_RxCpltCallback	32	static
../Core/Src/main.c:592:5:main	8	static
../Core/Src/main.c:714:6:SystemClock_Config	120	static
../Core/Src/main.c:774:6:PeriphCommonClock_Config	200	static
../Core/Src/main.c:801:13:MX_ADC1_Init	48	static
../Core/Src/main.c:959:13:MX_ADC3_Init	40	static
../Core/Src/main.c:1044:13:MX_DAC1_Init	48	static
../Core/Src/main.c:1087:13:MX_I2C1_Init	8	static
../Core/Src/main.c:1139:13:MX_RTC_Init	32	static
../Core/Src/main.c:1203:13:MX_SPI1_Init	8	static
../Core/Src/main.c:1251:13:MX_SPI2_Init	8	static
../Core/Src/main.c:1299:13:MX_TIM1_Init	112	static
../Core/Src/main.c:1379:13:MX_TIM2_Init	64	static
../Core/Src/main.c:1438:13:MX_TIM3_Init	40	static
../Core/Src/main.c:1483:13:MX_TIM4_Init	40	static
../Core/Src/main.c:1528:13:MX_USART1_UART_Init	8	static
../Core/Src/main.c:1590:13:MX_DMA_Init	16	static
../Core/Src/main.c:1617:13:MX_GPIO_Init	48	static
../Core/Src/main.c:1667:9:poll_i2c_sensor	32	static
../Core/Src/main.c:1697:6:receive_pmt_spi	24	static
../Core/Src/main.c:1722:6:receive_erpa_spi	24	static
../Core/Src/main.c:1745:6:receive_erpa_adc	24	static
../Core/Src/main.c:1760:6:receive_hk_i2c	24	static
../Core/Src/main.c:1779:6:receive_hk_adc1	40	static
../Core/Src/main.c:1808:6:receive_hk_adc3	24	static
../Core/Src/main.c:1822:9:getCurrentStep	16	static
../Core/Src/main.c:1849:6:enterStop	8	static
../Core/Src/main.c:1866:6:calibrateRTC	56	static
../Core/Src/main.c:1902:6:sync	16	static
../Core/Src/main.c:1925:6:sendACK	8	static
../Core/Src/main.c:1932:6:sendNACK	8	static
../Core/Src/main.c:1940:6:flushMessageQueue	16	static
../Core/Src/main.c:1974:5:inRange	24	static
../Core/Src/main.c:1981:6:error_protocol	40	static
../Core/Src/main.c:2004:6:HAL_UART_TxCpltCallback	16	static
../Core/Src/main.c:2014:10:create_packet	32	static
../Core/Src/main.c:2033:6:system_setup	8	static
../Core/Src/main.c:2059:6:getUptime	32	static
../Core/Src/main.c:2086:6:getTimestamp	48	static
../Core/Src/main.c:2115:6:sample_pmt	32	static
../Core/Src/main.c:2159:6:sample_erpa	40	static
../Core/Src/main.c:2224:6:sample_hk	32	static
../Core/Src/main.c:2339:6:PMT_init	16	static
../Core/Src/main.c:2369:6:ERPA_init	16	static
../Core/Src/main.c:2399:6:HK_init	16	static
../Core/Src/main.c:2428:6:GPIO_on_init	16	static
../Core/Src/main.c:2459:6:GPIO_off_init	16	static
../Core/Src/main.c:2490:6:UART_TX_init	24	static
../Core/Src/main.c:2540:6:Voltage_Monitor_init	24	static
../Core/Src/main.c:2641:6:FLAG_init	24	static
../Core/Src/main.c:2666:6:HAL_TIM_PeriodElapsedCallback	16	static
../Core/Src/main.c:2683:6:Error_Handler	4	static,ignoring_inline_asm
