../Drivers/CMSIS/Include/core_cm7.h:2156:34:__NVIC_SystemReset	4	static,ignoring_inline_asm
../Core/Src/main.c:112:6:HAL_TIM_OC_DelayElapsedCallback	16	static
../Core/Src/main.c:136:6:HAL_UART_RxCpltCallback	40	static
../Core/Src/main.c:390:5:main	24	static,ignoring_inline_asm
../Core/Src/main.c:463:6:SystemClock_Config	120	static
../Core/Src/main.c:523:6:PeriphCommonClock_Config	200	static
../Core/Src/main.c:546:6:system_setup	8	static
../Core/Src/main.c:588:6:sync	16	static
../Core/Src/main.c:606:6:send_ACK	8	static
../Core/Src/main.c:613:6:send_NACK	8	static
../Core/Src/main.c:621:9:get_current_step	16	static
../Core/Src/main.c:648:6:enter_stop	8	static
../Core/Src/main.c:667:6:MPU_Config	24	static
../Core/Src/main.c:715:6:HAL_TIM_PeriodElapsedCallback	16	static
../Core/Src/main.c:732:6:Error_Handler	4	static,ignoring_inline_asm
