../Core/Src/main.c:302:6:HAL_TIM_OC_DelayElapsedCallback	16	static
../Core/Src/main.c:326:6:HAL_UART_RxCpltCallback	32	static
../Core/Src/main.c:550:5:main	8	static
../Core/Src/main.c:676:6:SystemClock_Config	120	static
../Core/Src/main.c:736:6:PeriphCommonClock_Config	200	static
../Core/Src/main.c:763:13:MX_ADC1_Init	48	static
../Core/Src/main.c:921:13:MX_ADC3_Init	40	static
../Core/Src/main.c:1006:13:MX_DAC1_Init	48	static
../Core/Src/main.c:1049:13:MX_I2C1_Init	8	static
../Core/Src/main.c:1101:13:MX_RTC_Init	32	static
../Core/Src/main.c:1165:13:MX_SPI1_Init	8	static
../Core/Src/main.c:1213:13:MX_SPI2_Init	8	static
../Core/Src/main.c:1261:13:MX_TIM1_Init	112	static
../Core/Src/main.c:1341:13:MX_TIM2_Init	64	static
../Core/Src/main.c:1400:13:MX_TIM3_Init	40	static
../Core/Src/main.c:1445:13:MX_TIM4_Init	40	static
../Core/Src/main.c:1490:13:MX_USART1_UART_Init	8	static
../Core/Src/main.c:1552:13:MX_DMA_Init	16	static
../Core/Src/main.c:1579:13:MX_GPIO_Init	48	static
../Core/Src/main.c:1629:9:poll_i2c_sensor	32	static
../Core/Src/main.c:1659:6:receive_pmt_spi	24	static
../Core/Src/main.c:1684:6:receive_erpa_spi	24	static
../Core/Src/main.c:1707:6:receive_erpa_adc	24	static
../Core/Src/main.c:1722:6:receive_hk_i2c	24	static
../Core/Src/main.c:1741:6:receive_hk_adc1	40	static
../Core/Src/main.c:1770:6:receive_hk_adc3	24	static
../Core/Src/main.c:1784:5:inRange	24	static
../Core/Src/main.c:1791:6:error_protocol	40	static
../Core/Src/main.c:1814:6:HAL_UART_TxCpltCallback	16	static
../Core/Src/main.c:1824:10:create_packet	32	static
../Core/Src/main.c:1839:5:handshake	72	static
../Core/Src/main.c:1905:6:system_setup	8	static
../Core/Src/main.c:1930:6:getUptime	32	static
../Core/Src/main.c:1957:6:getTimestamp	48	static
../Core/Src/main.c:1986:6:sample_pmt	32	static
../Core/Src/main.c:2030:6:sample_erpa	32	static
../Core/Src/main.c:2086:6:sample_hk	32	static
../Core/Src/main.c:2201:6:PMT_init	16	static
../Core/Src/main.c:2231:6:ERPA_init	16	static
../Core/Src/main.c:2261:6:HK_init	16	static
../Core/Src/main.c:2290:6:UART_RX_init	16	static
../Core/Src/main.c:2324:6:GPIO_on_init	16	static
../Core/Src/main.c:2355:6:GPIO_off_init	16	static
../Core/Src/main.c:2386:6:UART_TX_init	24	static
../Core/Src/main.c:2436:6:Voltage_Monitor_init	24	static
../Core/Src/main.c:2529:6:HAL_TIM_PeriodElapsedCallback	16	static
../Core/Src/main.c:2546:6:Error_Handler	4	static,ignoring_inline_asm
