../Core/Src/main.c:195:6:HAL_TIM_OC_DelayElapsedCallback	16	static
../Core/Src/main.c:227:6:HAL_UART_RxCpltCallback	24	static
../Core/Src/main.c:414:5:main	8	static
../Core/Src/main.c:524:6:SystemClock_Config	120	static
../Core/Src/main.c:583:6:PeriphCommonClock_Config	200	static
../Core/Src/main.c:610:13:MX_ADC1_Init	48	static
../Core/Src/main.c:770:13:MX_ADC3_Init	40	static
../Core/Src/main.c:855:13:MX_DAC1_Init	48	static
../Core/Src/main.c:898:13:MX_I2C1_Init	8	static
../Core/Src/main.c:946:13:MX_SPI2_Init	8	static
../Core/Src/main.c:994:13:MX_TIM1_Init	112	static
../Core/Src/main.c:1074:13:MX_TIM2_Init	64	static
../Core/Src/main.c:1133:13:MX_TIM3_Init	40	static
../Core/Src/main.c:1178:13:MX_USART1_UART_Init	8	static
../Core/Src/main.c:1224:13:MX_DMA_Init	16	static
../Core/Src/main.c:1248:13:MX_GPIO_Init	40	static
../Core/Src/main.c:1299:9:poll_i2c_sensor	32	static
../Core/Src/main.c:1330:6:receive_spi	16	static
../Core/Src/main.c:1356:6:receive_erpa_adc	24	static
../Core/Src/main.c:1373:6:receive_hk_i2c	24	static
../Core/Src/main.c:1394:6:receive_hk_adc1	40	static
../Core/Src/main.c:1425:6:receive_hk_adc3	24	static
../Core/Src/main.c:1448:6:system_setup	8	static
../Core/Src/main.c:1478:10:create_packet	32	static
../Core/Src/main.c:1501:6:sample_pmt	24	static
../Core/Src/main.c:1536:6:sample_erpa	32	static
../Core/Src/main.c:1586:6:sample_hk	32	static
../Core/Src/main.c:1677:6:PMT_init	16	static
../Core/Src/main.c:1701:6:ERPA_init	16	static
../Core/Src/main.c:1727:6:HK_init	16	static
../Core/Src/main.c:1753:6:UART_RX_init	16	static
../Core/Src/main.c:1772:6:UART_TX_init	32	static
../Core/Src/main.c:1802:6:HAL_TIM_PeriodElapsedCallback	16	static
../Core/Src/main.c:1819:6:Error_Handler	4	static,ignoring_inline_asm
