../Drivers/CMSIS/Include/core_cm7.h:2156:34:__NVIC_SystemReset	4	static,ignoring_inline_asm
../Core/Src/main.c:214:6:SetBootloaderFlag	8	static,ignoring_inline_asm
../Core/Src/main.c:224:6:JumpToBootloader	16	static,ignoring_inline_asm
../Core/Src/main.c:242:6:HAL_FLASHEx_EccCorrectionCallback	16	static
../Core/Src/main.c:254:6:HAL_FLASHEx_EccDetectionCallback	16	static
../Core/Src/main.c:268:6:HAL_TIM_OC_DelayElapsedCallback	16	static
../Core/Src/main.c:304:6:HAL_UART_RxCpltCallback	80	static
../Core/Src/main.c:652:14:get_reset_cause	24	static
../Core/Src/main.c:685:5:main	8	static
../Core/Src/main.c:754:6:SystemClock_Config	120	static
../Core/Src/main.c:816:6:PeriphCommonClock_Config	200	static
../Core/Src/main.c:844:6:system_setup	8	static
../Core/Src/main.c:883:6:send_ACK	8	static
../Core/Src/main.c:895:6:send_NACK	8	static
../Core/Src/main.c:908:13:get_current_step	16	static
../Core/Src/main.c:949:6:enter_stop	8	static
../Core/Src/main.c:968:6:init_flash_ecc	8	static
../Core/Src/main.c:988:6:HAL_TIM_PeriodElapsedCallback	16	static
../Core/Src/main.c:1010:6:Error_Handler	16	static
