../Core/Src/main.c:332:6:HAL_TIM_OC_DelayElapsedCallback	16	static
../Core/Src/main.c:368:6:HAL_UART_RxCpltCallback	32	static
../Core/Src/main.c:623:5:main	8	static
../Core/Src/main.c:750:6:SystemClock_Config	120	static
../Core/Src/main.c:810:6:PeriphCommonClock_Config	200	static
../Core/Src/main.c:837:13:MX_ADC1_Init	48	static
../Core/Src/main.c:995:13:MX_ADC3_Init	40	static
../Core/Src/main.c:1080:13:MX_DAC1_Init	48	static
../Core/Src/main.c:1123:13:MX_I2C1_Init	8	static
../Core/Src/main.c:1175:13:MX_RTC_Init	32	static
../Core/Src/main.c:1239:13:MX_SPI1_Init	8	static
../Core/Src/main.c:1287:13:MX_SPI2_Init	8	static
../Core/Src/main.c:1335:13:MX_TIM1_Init	112	static
../Core/Src/main.c:1415:13:MX_TIM2_Init	64	static
../Core/Src/main.c:1474:13:MX_TIM3_Init	40	static
../Core/Src/main.c:1519:13:MX_USART1_UART_Init	8	static
../Core/Src/main.c:1581:13:MX_DMA_Init	16	static
../Core/Src/main.c:1608:13:MX_GPIO_Init	48	static
../Core/Src/main.c:1658:9:poll_i2c_sensor	32	static
../Core/Src/main.c:1688:6:receive_pmt_spi	24	static
../Core/Src/main.c:1713:6:receive_erpa_spi	24	static
../Core/Src/main.c:1737:6:receive_erpa_adc	24	static
../Core/Src/main.c:1750:6:receive_hk_i2c	24	static
../Core/Src/main.c:1770:6:receive_hk_adc1	40	static
../Core/Src/main.c:1801:6:receive_hk_adc3	24	static
../Core/Src/main.c:1823:9:get_current_step	16	static
../Core/Src/main.c:1857:6:enter_stop	8	static
../Core/Src/main.c:1874:6:RTC_SetTime	40	static
../Core/Src/main.c:1929:6:calibrateRTC	56	static
../Core/Src/main.c:1975:6:sync	16	static
../Core/Src/main.c:1999:6:send_ACK	8	static
../Core/Src/main.c:2012:6:send_NACK	8	static
../Core/Src/main.c:2028:6:flush_message_queue	16	static
../Core/Src/main.c:2070:5:in_range	24	static
../Core/Src/main.c:2087:6:error_protocol	40	static
../Core/Src/main.c:2109:6:HAL_UART_TxCpltCallback	16	static
../Core/Src/main.c:2119:10:create_packet	32	static
../Core/Src/main.c:2137:6:system_setup	8	static
../Core/Src/main.c:2173:6:get_uptime	32	static
../Core/Src/main.c:2195:6:getTimestamp	48	static
../Core/Src/main.c:2224:6:sample_pmt	32	static
../Core/Src/main.c:2262:6:sample_erpa	40	static
../Core/Src/main.c:2312:6:sample_hk	32	static
../Core/Src/main.c:2397:6:PMT_init	16	static
../Core/Src/main.c:2421:6:ERPA_init	16	static
../Core/Src/main.c:2445:6:HK_init	16	static
../Core/Src/main.c:2469:6:GPIO_on_init	16	static
../Core/Src/main.c:2500:6:GPIO_off_init	16	static
../Core/Src/main.c:2537:6:UART_TX_init	24	static
../Core/Src/main.c:2587:6:Voltage_Monitor_init	24	static
../Core/Src/main.c:2687:6:FLAG_init	24	static
../Core/Src/main.c:2710:6:Flight_init	24	static,ignoring_inline_asm
../Core/Src/main.c:2762:6:UnFlight_init	16	static
../Core/Src/main.c:2803:6:HAL_TIM_PeriodElapsedCallback	16	static
../Core/Src/main.c:2820:6:Error_Handler	4	static,ignoring_inline_asm
