../Core/Src/main.c:162:6:HAL_TIM_OC_DelayElapsedCallback	16	static
../Core/Src/main.c:184:6:HAL_UART_RxCpltCallback	24	static
../Core/Src/main.c:378:5:main	8	static
../Core/Src/main.c:481:6:SystemClock_Config	120	static
../Core/Src/main.c:540:6:PeriphCommonClock_Config	200	static
../Core/Src/main.c:567:13:MX_ADC1_Init	48	static
../Core/Src/main.c:727:13:MX_ADC3_Init	40	static
../Core/Src/main.c:812:13:MX_DAC1_Init	48	static
../Core/Src/main.c:855:13:MX_I2C1_Init	8	static
../Core/Src/main.c:903:13:MX_SPI2_Init	8	static
../Core/Src/main.c:951:13:MX_TIM1_Init	112	static
../Core/Src/main.c:1031:13:MX_TIM2_Init	64	static
../Core/Src/main.c:1090:13:MX_TIM3_Init	40	static
../Core/Src/main.c:1135:13:MX_USART1_UART_Init	8	static
../Core/Src/main.c:1181:13:MX_DMA_Init	16	static
../Core/Src/main.c:1205:13:MX_GPIO_Init	40	static
../Core/Src/main.c:1244:6:system_setup	8	static
../Core/Src/main.c:1275:9:poll_i2c_sensor	32	static
../Core/Src/main.c:1296:6:receive_spi	16	static
../Core/Src/main.c:1313:6:receive_erpa_adc	24	static
../Core/Src/main.c:1322:6:receive_hk_i2c	24	static
../Core/Src/main.c:1335:6:receive_hk_adc1	40	static
../Core/Src/main.c:1358:6:receive_hk_adc3	24	static
../Core/Src/main.c:1371:6:sample_pmt	24	static
../Core/Src/main.c:1393:6:sample_erpa	24	static
../Core/Src/main.c:1426:6:sample_hk	56	static
../Core/Src/main.c:1507:6:PMT_init	24	static
../Core/Src/main.c:1527:6:ERPA_init	32	static
../Core/Src/main.c:1548:6:HK_init	56	static
../Core/Src/main.c:1569:6:UART_RX_init	16	static
../Core/Src/main.c:1589:6:HAL_TIM_PeriodElapsedCallback	16	static
../Core/Src/main.c:1606:6:Error_Handler	4	static,ignoring_inline_asm
