../Core/Src/main.c:104:6:HAL_TIM_OC_DelayElapsedCallback	16	static
../Core/Src/main.c:114:6:HAL_UART_RxCpltCallback	40	static
../Core/Src/main.c:354:6:HAL_UART_TxCpltCallback	16	static
../Core/Src/main.c:364:5:main	8	static
../Core/Src/main.c:428:6:SystemClock_Config	120	static
../Core/Src/main.c:488:6:PeriphCommonClock_Config	200	static
../Core/Src/main.c:511:6:system_setup	8	static
../Core/Src/main.c:559:6:sync	16	static
../Core/Src/main.c:577:6:send_ACK	8	static
../Core/Src/main.c:584:6:send_NACK	8	static
../Core/Src/main.c:592:9:get_current_step	16	static
../Core/Src/main.c:628:6:HAL_TIM_PeriodElapsedCallback	16	static
../Core/Src/main.c:645:6:Error_Handler	4	static,ignoring_inline_asm
