../Core/Src/main.c:299:6:HAL_TIM_OC_DelayElapsedCallback	16	static
../Core/Src/main.c:323:6:HAL_UART_RxCpltCallback	32	static
../Core/Src/main.c:546:5:main	8	static
../Core/Src/main.c:672:6:SystemClock_Config	120	static
../Core/Src/main.c:730:6:PeriphCommonClock_Config	200	static
../Core/Src/main.c:757:13:MX_ADC1_Init	48	static
../Core/Src/main.c:915:13:MX_ADC3_Init	40	static
../Core/Src/main.c:1000:13:MX_DAC1_Init	48	static
../Core/Src/main.c:1043:13:MX_I2C1_Init	8	static
../Core/Src/main.c:1095:13:MX_RTC_Init	32	static
../Core/Src/main.c:1159:13:MX_SPI1_Init	8	static
../Core/Src/main.c:1207:13:MX_SPI2_Init	8	static
../Core/Src/main.c:1255:13:MX_TIM1_Init	112	static
../Core/Src/main.c:1335:13:MX_TIM2_Init	64	static
../Core/Src/main.c:1394:13:MX_TIM3_Init	40	static
../Core/Src/main.c:1439:13:MX_TIM4_Init	40	static
../Core/Src/main.c:1484:13:MX_USART1_UART_Init	8	static
../Core/Src/main.c:1530:13:MX_DMA_Init	16	static
../Core/Src/main.c:1557:13:MX_GPIO_Init	48	static
../Core/Src/main.c:1607:9:poll_i2c_sensor	32	static
../Core/Src/main.c:1637:6:receive_pmt_spi	24	static
../Core/Src/main.c:1662:6:receive_erpa_spi	24	static
../Core/Src/main.c:1685:6:receive_erpa_adc	24	static
../Core/Src/main.c:1700:6:receive_hk_i2c	24	static
../Core/Src/main.c:1719:6:receive_hk_adc1	40	static
../Core/Src/main.c:1748:6:receive_hk_adc3	24	static
../Core/Src/main.c:1762:5:inRange	24	static
../Core/Src/main.c:1769:6:error_protocol	40	static
../Core/Src/main.c:1790:6:HAL_UART_TxCpltCallback	16	static
../Core/Src/main.c:1800:10:create_packet	32	static
../Core/Src/main.c:1815:5:handshake	72	static
../Core/Src/main.c:1881:6:system_setup	8	static
../Core/Src/main.c:1910:6:getTimestamp	48	static
../Core/Src/main.c:1940:6:sample_pmt	32	static
../Core/Src/main.c:1989:6:sample_erpa	32	static
../Core/Src/main.c:2050:6:sample_hk	32	static
../Core/Src/main.c:2164:6:PMT_init	16	static
../Core/Src/main.c:2194:6:ERPA_init	16	static
../Core/Src/main.c:2224:6:HK_init	16	static
../Core/Src/main.c:2253:6:UART_RX_init	16	static
../Core/Src/main.c:2271:6:GPIO_on_init	16	static
../Core/Src/main.c:2302:6:GPIO_off_init	16	static
../Core/Src/main.c:2333:6:UART_TX_init	24	static
../Core/Src/main.c:2383:6:Voltage_Monitor_init	16	static
../Core/Src/main.c:2476:6:HAL_TIM_PeriodElapsedCallback	16	static
../Core/Src/main.c:2493:6:Error_Handler	4	static,ignoring_inline_asm
