../Drivers/CMSIS/Include/core_cm7.h:2156:34:__NVIC_SystemReset	4	static,ignoring_inline_asm
../Core/Src/main.c:114:6:HAL_TIM_OC_DelayElapsedCallback	16	static
../Core/Src/main.c:138:6:HAL_UART_RxCpltCallback	40	static
../Core/Src/main.c:384:6:get_reset_cause	16	static
../Core/Src/main.c:415:5:main	24	static,ignoring_inline_asm
../Core/Src/main.c:490:6:SystemClock_Config	120	static
../Core/Src/main.c:552:6:PeriphCommonClock_Config	200	static
../Core/Src/main.c:575:6:system_setup	8	static
../Core/Src/main.c:615:6:sync	16	static
../Core/Src/main.c:632:6:send_ACK	8	static
../Core/Src/main.c:639:6:send_NACK	8	static
../Core/Src/main.c:647:9:get_current_step	16	static
../Core/Src/main.c:674:6:enter_stop	8	static
../Core/Src/main.c:693:6:MPU_Config	24	static
../Core/Src/main.c:741:6:HAL_TIM_PeriodElapsedCallback	16	static
../Core/Src/main.c:758:6:Error_Handler	16	static
