../Core/Src/main.c:107:6:HAL_TIM_OC_DelayElapsedCallback	16	static
../Core/Src/main.c:136:6:HAL_UART_RxCpltCallback	40	static
../Core/Src/main.c:376:6:HAL_UART_TxCpltCallback	16	static
../Core/Src/main.c:386:5:main	8	static
../Core/Src/main.c:450:6:SystemClock_Config	120	static
../Core/Src/main.c:510:6:PeriphCommonClock_Config	200	static
../Core/Src/main.c:533:6:system_setup	8	static
../Core/Src/main.c:581:6:sync	16	static
../Core/Src/main.c:599:6:send_ACK	8	static
../Core/Src/main.c:606:6:send_NACK	8	static
../Core/Src/main.c:614:9:get_current_step	16	static
../Core/Src/main.c:650:6:HAL_TIM_PeriodElapsedCallback	16	static
../Core/Src/main.c:667:6:Error_Handler	4	static,ignoring_inline_asm
