../Core/Src/main.c:306:6:HAL_TIM_OC_DelayElapsedCallback	16	static
../Core/Src/main.c:330:6:HAL_UART_RxCpltCallback	32	static
../Core/Src/main.c:557:5:main	8	static
../Core/Src/main.c:679:6:SystemClock_Config	120	static
../Core/Src/main.c:739:6:PeriphCommonClock_Config	200	static
../Core/Src/main.c:766:13:MX_ADC1_Init	48	static
../Core/Src/main.c:924:13:MX_ADC3_Init	40	static
../Core/Src/main.c:1009:13:MX_DAC1_Init	48	static
../Core/Src/main.c:1052:13:MX_I2C1_Init	8	static
../Core/Src/main.c:1104:13:MX_RTC_Init	32	static
../Core/Src/main.c:1168:13:MX_SPI1_Init	8	static
../Core/Src/main.c:1216:13:MX_SPI2_Init	8	static
../Core/Src/main.c:1264:13:MX_TIM1_Init	112	static
../Core/Src/main.c:1344:13:MX_TIM2_Init	64	static
../Core/Src/main.c:1403:13:MX_TIM3_Init	40	static
../Core/Src/main.c:1448:13:MX_TIM4_Init	40	static
../Core/Src/main.c:1493:13:MX_USART1_UART_Init	8	static
../Core/Src/main.c:1555:13:MX_DMA_Init	16	static
../Core/Src/main.c:1582:13:MX_GPIO_Init	48	static
../Core/Src/main.c:1632:9:poll_i2c_sensor	32	static
../Core/Src/main.c:1662:6:receive_pmt_spi	24	static
../Core/Src/main.c:1687:6:receive_erpa_spi	24	static
../Core/Src/main.c:1710:6:receive_erpa_adc	24	static
../Core/Src/main.c:1725:6:receive_hk_i2c	24	static
../Core/Src/main.c:1744:6:receive_hk_adc1	40	static
../Core/Src/main.c:1773:6:receive_hk_adc3	24	static
../Core/Src/main.c:1787:9:getCurrentStep	16	static
../Core/Src/main.c:1814:6:enterStop	8	static
../Core/Src/main.c:1831:6:calibrateRTC	56	static
../Core/Src/main.c:1867:6:sync	16	static
../Core/Src/main.c:1890:6:sendACK	8	static
../Core/Src/main.c:1897:6:sendNACK	8	static
../Core/Src/main.c:1905:6:flushMessageQueue	16	static
../Core/Src/main.c:1939:5:inRange	24	static
../Core/Src/main.c:1946:6:error_protocol	40	static
../Core/Src/main.c:1969:6:HAL_UART_TxCpltCallback	16	static
../Core/Src/main.c:1979:10:create_packet	32	static
../Core/Src/main.c:1998:6:system_setup	8	static
../Core/Src/main.c:2024:6:getUptime	32	static
../Core/Src/main.c:2051:6:getTimestamp	48	static
../Core/Src/main.c:2080:6:sample_pmt	32	static
../Core/Src/main.c:2124:6:sample_erpa	40	static
../Core/Src/main.c:2182:6:sample_hk	32	static
../Core/Src/main.c:2297:6:PMT_init	16	static
../Core/Src/main.c:2327:6:ERPA_init	16	static
../Core/Src/main.c:2357:6:HK_init	16	static
../Core/Src/main.c:2386:6:GPIO_on_init	16	static
../Core/Src/main.c:2417:6:GPIO_off_init	16	static
../Core/Src/main.c:2448:6:UART_TX_init	24	static
../Core/Src/main.c:2498:6:Voltage_Monitor_init	24	static
../Core/Src/main.c:2587:6:FLAG_init	24	static
../Core/Src/main.c:2612:6:HAL_TIM_PeriodElapsedCallback	16	static
../Core/Src/main.c:2629:6:Error_Handler	4	static,ignoring_inline_asm
