../Core/Src/main.c:318:6:HAL_TIM_OC_DelayElapsedCallback	16	static
../Core/Src/main.c:343:6:HAL_UART_RxCpltCallback	32	static
../Core/Src/main.c:596:5:main	8	static
../Core/Src/main.c:718:6:SystemClock_Config	120	static
../Core/Src/main.c:778:6:PeriphCommonClock_Config	200	static
../Core/Src/main.c:805:13:MX_ADC1_Init	48	static
../Core/Src/main.c:963:13:MX_ADC3_Init	40	static
../Core/Src/main.c:1048:13:MX_DAC1_Init	48	static
../Core/Src/main.c:1091:13:MX_I2C1_Init	8	static
../Core/Src/main.c:1143:13:MX_RTC_Init	32	static
../Core/Src/main.c:1207:13:MX_SPI1_Init	8	static
../Core/Src/main.c:1255:13:MX_SPI2_Init	8	static
../Core/Src/main.c:1303:13:MX_TIM1_Init	112	static
../Core/Src/main.c:1383:13:MX_TIM2_Init	64	static
../Core/Src/main.c:1442:13:MX_TIM3_Init	40	static
../Core/Src/main.c:1487:13:MX_TIM4_Init	40	static
../Core/Src/main.c:1532:13:MX_USART1_UART_Init	8	static
../Core/Src/main.c:1594:13:MX_DMA_Init	16	static
../Core/Src/main.c:1621:13:MX_GPIO_Init	48	static
../Core/Src/main.c:1671:9:poll_i2c_sensor	32	static
../Core/Src/main.c:1701:6:receive_pmt_spi	24	static
../Core/Src/main.c:1726:6:receive_erpa_spi	24	static
../Core/Src/main.c:1750:6:receive_erpa_adc	24	static
../Core/Src/main.c:1763:6:receive_hk_i2c	24	static
../Core/Src/main.c:1783:6:receive_hk_adc1	40	static
../Core/Src/main.c:1814:6:receive_hk_adc3	24	static
../Core/Src/main.c:1834:6:enter_flight_mode	16	static
../Core/Src/main.c:1859:9:get_current_step	16	static
../Core/Src/main.c:1893:6:enter_stop	8	static
../Core/Src/main.c:1909:6:RTC_SetTime	40	static
../Core/Src/main.c:1965:6:calibrateRTC	56	static
../Core/Src/main.c:2011:6:sync	16	static
../Core/Src/main.c:2035:6:send_ACK	8	static
../Core/Src/main.c:2048:6:send_NACK	8	static
../Core/Src/main.c:2064:6:flush_message_queue	16	static
../Core/Src/main.c:2106:5:in_range	24	static
../Core/Src/main.c:2123:6:error_protocol	40	static
../Core/Src/main.c:2145:6:HAL_UART_TxCpltCallback	16	static
../Core/Src/main.c:2155:10:create_packet	32	static
../Core/Src/main.c:2173:6:system_setup	8	static
../Core/Src/main.c:2209:6:get_uptime	32	static
../Core/Src/main.c:2231:6:getTimestamp	48	static
../Core/Src/main.c:2260:6:sample_pmt	32	static
../Core/Src/main.c:2298:6:sample_erpa	40	static
../Core/Src/main.c:2349:6:sample_hk	32	static
../Core/Src/main.c:2445:6:PMT_init	16	static
../Core/Src/main.c:2469:6:ERPA_init	16	static
../Core/Src/main.c:2493:6:HK_init	16	static
../Core/Src/main.c:2517:6:GPIO_on_init	16	static
../Core/Src/main.c:2548:6:GPIO_off_init	16	static
../Core/Src/main.c:2585:6:UART_TX_init	24	static
../Core/Src/main.c:2635:6:Voltage_Monitor_init	24	static
../Core/Src/main.c:2735:6:FLAG_init	24	static
../Core/Src/main.c:2759:6:HAL_TIM_PeriodElapsedCallback	16	static
../Core/Src/main.c:2776:6:Error_Handler	4	static,ignoring_inline_asm
