../Core/Src/main.c:119:6:HAL_TIM_OC_DelayElapsedCallback	16	static
../Core/Src/main.c:157:6:HAL_UART_RxCpltCallback	40	static
../Core/Src/main.c:402:5:main	8	static
../Core/Src/main.c:466:6:SystemClock_Config	120	static
../Core/Src/main.c:526:6:PeriphCommonClock_Config	200	static
../Core/Src/main.c:554:6:enter_stop	8	static
../Core/Src/main.c:572:6:sync	16	static
../Core/Src/main.c:591:6:send_ACK	8	static
../Core/Src/main.c:599:6:send_NACK	8	static
../Core/Src/main.c:611:6:system_setup	8	static
../Core/Src/main.c:629:6:HAL_TIM_PeriodElapsedCallback	16	static
../Core/Src/main.c:646:6:Error_Handler	4	static,ignoring_inline_asm
