../Core/Src/main.c:101:6:HAL_UART_RxCpltCallback	40	static
../Core/Src/main.c:346:5:main	8	static
../Core/Src/main.c:410:6:SystemClock_Config	120	static
../Core/Src/main.c:470:6:PeriphCommonClock_Config	200	static
../Core/Src/main.c:493:6:system_setup	8	static
../Core/Src/main.c:535:6:sync	16	static
../Core/Src/main.c:553:6:send_ACK	8	static
../Core/Src/main.c:560:6:send_NACK	8	static
../Core/Src/main.c:577:6:HAL_TIM_PeriodElapsedCallback	16	static
../Core/Src/main.c:594:6:Error_Handler	4	static,ignoring_inline_asm
