../Core/Src/main.c:119:6:HAL_TIM_OC_DelayElapsedCallback	16	static
../Core/Src/main.c:155:6:HAL_UART_RxCpltCallback	40	static
../Core/Src/main.c:398:5:main	8	static
../Core/Src/main.c:462:6:SystemClock_Config	120	static
../Core/Src/main.c:522:6:PeriphCommonClock_Config	200	static
../Core/Src/main.c:550:6:enter_stop	8	static
../Core/Src/main.c:568:6:sync	16	static
../Core/Src/main.c:587:6:send_ACK	8	static
../Core/Src/main.c:595:6:send_NACK	8	static
../Core/Src/main.c:604:6:HAL_UART_TxCpltCallback	16	static
../Core/Src/main.c:609:6:system_setup	8	static
../Core/Src/main.c:627:6:HAL_TIM_PeriodElapsedCallback	16	static
../Core/Src/main.c:644:6:Error_Handler	4	static,ignoring_inline_asm
