../Core/Src/main.c:253:6:HAL_TIM_OC_DelayElapsedCallback	16	static
../Core/Src/main.c:285:6:HAL_UART_RxCpltCallback	32	static
../Core/Src/main.c:506:5:main	8	static
../Core/Src/main.c:628:6:SystemClock_Config	120	static
../Core/Src/main.c:692:6:PeriphCommonClock_Config	200	static
../Core/Src/main.c:719:13:MX_ADC1_Init	48	static
../Core/Src/main.c:877:13:MX_ADC3_Init	40	static
../Core/Src/main.c:962:13:MX_DAC1_Init	48	static
../Core/Src/main.c:1005:13:MX_I2C1_Init	8	static
../Core/Src/main.c:1057:13:MX_RTC_Init	32	static
../Core/Src/main.c:1121:13:MX_SPI1_Init	8	static
../Core/Src/main.c:1169:13:MX_SPI2_Init	8	static
../Core/Src/main.c:1217:13:MX_TIM1_Init	112	static
../Core/Src/main.c:1297:13:MX_TIM2_Init	64	static
../Core/Src/main.c:1356:13:MX_TIM3_Init	40	static
../Core/Src/main.c:1401:13:MX_USART1_UART_Init	8	static
../Core/Src/main.c:1447:13:MX_DMA_Init	16	static
../Core/Src/main.c:1474:13:MX_GPIO_Init	48	static
../Core/Src/main.c:1526:9:poll_i2c_sensor	32	static
../Core/Src/main.c:1557:6:receive_pmt_spi	24	static
../Core/Src/main.c:1584:6:receive_erpa_spi	24	static
../Core/Src/main.c:1608:6:receive_erpa_adc	24	static
../Core/Src/main.c:1625:6:receive_hk_i2c	24	static
../Core/Src/main.c:1646:6:receive_hk_adc1	40	static
../Core/Src/main.c:1677:6:receive_hk_adc3	24	static
../Core/Src/main.c:1691:6:HAL_UART_TxCpltCallback	16	static
../Core/Src/main.c:1696:10:create_packet	32	static
../Core/Src/main.c:1708:5:handshake	72	static
../Core/Src/main.c:1781:6:system_setup	8	static
../Core/Src/main.c:1808:10:getMicro	16	static
../Core/Src/main.c:1829:6:getTimestamp	48	static
../Core/Src/main.c:1863:6:sample_pmt	32	static
../Core/Src/main.c:1915:6:sample_erpa	32	static
../Core/Src/main.c:1981:6:sample_hk	40	static
../Core/Src/main.c:2106:6:PMT_init	16	static
../Core/Src/main.c:2135:6:ERPA_init	16	static
../Core/Src/main.c:2166:6:HK_init	16	static
../Core/Src/main.c:2196:6:UART_RX_init	16	static
../Core/Src/main.c:2215:6:GPIO_on_init	16	static
../Core/Src/main.c:2247:6:GPIO_off_init	16	static
../Core/Src/main.c:2279:6:UART_TX_init	24	static
../Core/Src/main.c:2330:6:HAL_TIM_PeriodElapsedCallback	16	static
../Core/Src/main.c:2347:6:Error_Handler	4	static,ignoring_inline_asm
