../Core/Src/main.c:301:6:HAL_TIM_OC_DelayElapsedCallback	16	static
../Core/Src/main.c:325:6:HAL_UART_RxCpltCallback	32	static
../Core/Src/main.c:548:5:main	8	static
../Core/Src/main.c:674:6:SystemClock_Config	120	static
../Core/Src/main.c:732:6:PeriphCommonClock_Config	200	static
../Core/Src/main.c:759:13:MX_ADC1_Init	48	static
../Core/Src/main.c:917:13:MX_ADC3_Init	40	static
../Core/Src/main.c:1002:13:MX_DAC1_Init	48	static
../Core/Src/main.c:1045:13:MX_I2C1_Init	8	static
../Core/Src/main.c:1097:13:MX_RTC_Init	32	static
../Core/Src/main.c:1161:13:MX_SPI1_Init	8	static
../Core/Src/main.c:1209:13:MX_SPI2_Init	8	static
../Core/Src/main.c:1257:13:MX_TIM1_Init	112	static
../Core/Src/main.c:1337:13:MX_TIM2_Init	64	static
../Core/Src/main.c:1396:13:MX_TIM3_Init	40	static
../Core/Src/main.c:1441:13:MX_TIM4_Init	40	static
../Core/Src/main.c:1486:13:MX_USART1_UART_Init	8	static
../Core/Src/main.c:1532:13:MX_DMA_Init	16	static
../Core/Src/main.c:1559:13:MX_GPIO_Init	48	static
../Core/Src/main.c:1609:9:poll_i2c_sensor	32	static
../Core/Src/main.c:1639:6:receive_pmt_spi	24	static
../Core/Src/main.c:1664:6:receive_erpa_spi	24	static
../Core/Src/main.c:1687:6:receive_erpa_adc	24	static
../Core/Src/main.c:1702:6:receive_hk_i2c	24	static
../Core/Src/main.c:1721:6:receive_hk_adc1	40	static
../Core/Src/main.c:1750:6:receive_hk_adc3	24	static
../Core/Src/main.c:1764:5:inRange	24	static
../Core/Src/main.c:1771:6:error_protocol	40	static
../Core/Src/main.c:1793:6:HAL_UART_TxCpltCallback	16	static
../Core/Src/main.c:1803:10:create_packet	32	static
../Core/Src/main.c:1818:5:handshake	72	static
../Core/Src/main.c:1884:6:system_setup	8	static
../Core/Src/main.c:1909:10:getMicro	16	static
../Core/Src/main.c:1933:6:getTimestamp	48	static
../Core/Src/main.c:1963:6:sample_pmt	32	static
../Core/Src/main.c:2012:6:sample_erpa	32	static
../Core/Src/main.c:2073:6:sample_hk	32	static
../Core/Src/main.c:2187:6:PMT_init	16	static
../Core/Src/main.c:2217:6:ERPA_init	16	static
../Core/Src/main.c:2247:6:HK_init	16	static
../Core/Src/main.c:2276:6:UART_RX_init	16	static
../Core/Src/main.c:2294:6:GPIO_on_init	16	static
../Core/Src/main.c:2325:6:GPIO_off_init	16	static
../Core/Src/main.c:2356:6:UART_TX_init	24	static
../Core/Src/main.c:2406:6:Voltage_Monitor_init	16	static
../Core/Src/main.c:2500:6:HAL_TIM_PeriodElapsedCallback	16	static
../Core/Src/main.c:2517:6:Error_Handler	4	static,ignoring_inline_asm
