../Core/Src/main.c:97:6:HAL_TIM_OC_DelayElapsedCallback	16	static
../Core/Src/main.c:126:5:main	8	static
../Core/Src/main.c:214:6:SystemClock_Config	120	static
../Core/Src/main.c:265:13:MX_TIM1_Init	40	static
../Core/Src/main.c:312:13:MX_TIM2_Init	40	static
../Core/Src/main.c:357:13:MX_TIM3_Init	40	static
../Core/Src/main.c:408:6:PMT_init	16	static
../Core/Src/main.c:427:6:ERPA_init	16	static
../Core/Src/main.c:446:6:HK_init	16	static
../Core/Src/main.c:467:6:HAL_TIM_PeriodElapsedCallback	16	static
../Core/Src/main.c:484:6:Error_Handler	4	static,ignoring_inline_asm
