../Core/Src/main.c:129:6:HAL_TIM_OC_DelayElapsedCallback	16	static
../Core/Src/main.c:151:6:HAL_UART_RxCpltCallback	24	static
../Core/Src/main.c:345:5:main	8	static
../Core/Src/main.c:438:6:SystemClock_Config	120	static
../Core/Src/main.c:489:13:MX_TIM1_Init	40	static
../Core/Src/main.c:536:13:MX_TIM2_Init	40	static
../Core/Src/main.c:581:13:MX_TIM3_Init	40	static
../Core/Src/main.c:626:13:MX_USART1_UART_Init	8	static
../Core/Src/main.c:674:13:MX_GPIO_Init	16	static
../Core/Src/main.c:729:6:PMT_init	24	static
../Core/Src/main.c:749:6:ERPA_init	16	static
../Core/Src/main.c:768:6:HK_init	16	static
../Core/Src/main.c:787:6:UART_RX_init	16	static
../Core/Src/main.c:806:6:HAL_TIM_PeriodElapsedCallback	16	static
../Core/Src/main.c:823:6:Error_Handler	4	static,ignoring_inline_asm
