../Core/Src/main.c:211:6:HAL_TIM_OC_DelayElapsedCallback	16	static
../Core/Src/main.c:243:6:HAL_UART_RxCpltCallback	32	static
../Core/Src/main.c:436:5:main	8	static
../Core/Src/main.c:547:6:SystemClock_Config	120	static
../Core/Src/main.c:606:6:PeriphCommonClock_Config	200	static
../Core/Src/main.c:633:13:MX_ADC1_Init	48	static
../Core/Src/main.c:793:13:MX_ADC3_Init	40	static
../Core/Src/main.c:878:13:MX_DAC1_Init	48	static
../Core/Src/main.c:921:13:MX_I2C1_Init	8	static
../Core/Src/main.c:969:13:MX_SPI1_Init	8	static
../Core/Src/main.c:1017:13:MX_SPI2_Init	8	static
../Core/Src/main.c:1065:13:MX_TIM1_Init	112	static
../Core/Src/main.c:1145:13:MX_TIM2_Init	64	static
../Core/Src/main.c:1204:13:MX_TIM3_Init	40	static
../Core/Src/main.c:1249:13:MX_USART1_UART_Init	8	static
../Core/Src/main.c:1295:13:MX_DMA_Init	16	static
../Core/Src/main.c:1319:13:MX_GPIO_Init	40	static
../Core/Src/main.c:1370:9:poll_i2c_sensor	32	static
../Core/Src/main.c:1401:6:receive_pmt_spi	24	static
../Core/Src/main.c:1428:10:receive_erpa_spi	24	static
../Core/Src/main.c:1454:6:receive_erpa_adc	24	static
../Core/Src/main.c:1471:6:receive_hk_i2c	24	static
../Core/Src/main.c:1492:6:receive_hk_adc1	40	static
../Core/Src/main.c:1523:6:receive_hk_adc3	24	static
../Core/Src/main.c:1546:6:system_setup	8	static
../Core/Src/main.c:1576:10:create_packet	32	static
../Core/Src/main.c:1599:6:sample_pmt	24	static
../Core/Src/main.c:1634:6:sample_erpa	32	static
../Core/Src/main.c:1685:6:sample_hk	32	static
../Core/Src/main.c:1776:6:PMT_init	16	static
../Core/Src/main.c:1800:6:ERPA_init	16	static
../Core/Src/main.c:1826:6:HK_init	16	static
../Core/Src/main.c:1852:6:UART_RX_init	16	static
../Core/Src/main.c:1871:6:UART_TX_init	32	static
../Core/Src/main.c:1901:6:HAL_TIM_PeriodElapsedCallback	16	static
../Core/Src/main.c:1918:6:Error_Handler	4	static,ignoring_inline_asm
