../Drivers/CMSIS/Include/core_cm7.h:2156:34:__NVIC_SystemReset	4	static,ignoring_inline_asm
../Core/Src/main.c:109:6:HAL_FLASHEx_EccCorrectionCallback	16	static
../Core/Src/main.c:116:6:HAL_FLASHEx_EccDetectionCallback	16	static
../Core/Src/main.c:123:6:HAL_TIM_OC_DelayElapsedCallback	16	static
../Core/Src/main.c:149:6:HAL_UART_RxCpltCallback	40	static
../Core/Src/main.c:401:6:get_reset_cause	16	static
../Core/Src/main.c:431:5:main	8	static
../Core/Src/main.c:503:6:SystemClock_Config	120	static
../Core/Src/main.c:565:6:PeriphCommonClock_Config	200	static
../Core/Src/main.c:588:6:system_setup	8	static
../Core/Src/main.c:631:6:send_ACK	8	static
../Core/Src/main.c:638:6:send_NACK	8	static
../Core/Src/main.c:646:9:get_current_step	16	static
../Core/Src/main.c:673:6:enter_stop	8	static
../Core/Src/main.c:689:6:init_flash_ecc	8	static
../Core/Src/main.c:709:6:HAL_TIM_PeriodElapsedCallback	16	static
../Core/Src/main.c:729:6:Error_Handler	16	static
