../Drivers/CMSIS/Include/core_cm7.h:2156:34:__NVIC_SystemReset	4	static,ignoring_inline_asm
../Core/Src/main.c:112:6:HAL_TIM_OC_DelayElapsedCallback	16	static
../Core/Src/main.c:136:6:HAL_UART_RxCpltCallback	40	static
../Core/Src/main.c:390:5:main	32	static,ignoring_inline_asm
../Core/Src/main.c:486:6:SystemClock_Config	120	static
../Core/Src/main.c:546:6:PeriphCommonClock_Config	200	static
../Core/Src/main.c:569:6:system_setup	8	static
../Core/Src/main.c:611:6:sync	16	static
../Core/Src/main.c:629:6:send_ACK	8	static
../Core/Src/main.c:636:6:send_NACK	8	static
../Core/Src/main.c:644:9:get_current_step	16	static
../Core/Src/main.c:671:6:enter_stop	8	static
../Core/Src/main.c:690:6:MPU_Config	24	static
../Core/Src/main.c:738:6:HAL_TIM_PeriodElapsedCallback	16	static
../Core/Src/main.c:755:6:Error_Handler	4	static,ignoring_inline_asm
