../Core/Src/main.c:173:6:HAL_TIM_OC_DelayElapsedCallback	16	static
../Core/Src/main.c:205:6:HAL_UART_RxCpltCallback	24	static
../Core/Src/main.c:399:5:main	8	static
../Core/Src/main.c:502:6:SystemClock_Config	120	static
../Core/Src/main.c:561:6:PeriphCommonClock_Config	200	static
../Core/Src/main.c:588:13:MX_ADC1_Init	48	static
../Core/Src/main.c:748:13:MX_ADC3_Init	40	static
../Core/Src/main.c:833:13:MX_DAC1_Init	48	static
../Core/Src/main.c:876:13:MX_I2C1_Init	8	static
../Core/Src/main.c:924:13:MX_SPI2_Init	8	static
../Core/Src/main.c:972:13:MX_TIM1_Init	112	static
../Core/Src/main.c:1052:13:MX_TIM2_Init	64	static
../Core/Src/main.c:1111:13:MX_TIM3_Init	40	static
../Core/Src/main.c:1156:13:MX_USART1_UART_Init	8	static
../Core/Src/main.c:1202:13:MX_DMA_Init	16	static
../Core/Src/main.c:1226:13:MX_GPIO_Init	40	static
../Core/Src/main.c:1277:9:poll_i2c_sensor	32	static
../Core/Src/main.c:1308:6:receive_spi	16	static
../Core/Src/main.c:1334:6:receive_erpa_adc	24	static
../Core/Src/main.c:1351:6:receive_hk_i2c	24	static
../Core/Src/main.c:1372:6:receive_hk_adc1	40	static
../Core/Src/main.c:1403:6:receive_hk_adc3	24	static
../Core/Src/main.c:1426:6:system_setup	8	static
../Core/Src/main.c:1464:6:sample_pmt	24	static
../Core/Src/main.c:1495:6:sample_erpa	24	static
../Core/Src/main.c:1537:6:sample_hk	56	static
../Core/Src/main.c:1620:6:PMT_init	24	static
../Core/Src/main.c:1640:6:ERPA_init	32	static
../Core/Src/main.c:1661:6:HK_init	56	static
../Core/Src/main.c:1682:6:UART_RX_init	16	static
../Core/Src/main.c:1702:6:HAL_TIM_PeriodElapsedCallback	16	static
../Core/Src/main.c:1719:6:Error_Handler	4	static,ignoring_inline_asm
