../Core/Src/main.c:104:6:HAL_TIM_OC_DelayElapsedCallback	16	static
../Core/Src/main.c:111:6:HAL_UART_RxCpltCallback	40	static
../Core/Src/main.c:351:6:HAL_UART_TxCpltCallback	16	static
../Core/Src/main.c:361:5:main	8	static
../Core/Src/main.c:425:6:SystemClock_Config	120	static
../Core/Src/main.c:485:6:PeriphCommonClock_Config	200	static
../Core/Src/main.c:508:6:system_setup	8	static
../Core/Src/main.c:556:6:sync	16	static
../Core/Src/main.c:574:6:send_ACK	8	static
../Core/Src/main.c:581:6:send_NACK	8	static
../Core/Src/main.c:598:6:HAL_TIM_PeriodElapsedCallback	16	static
../Core/Src/main.c:615:6:Error_Handler	4	static,ignoring_inline_asm
