../Drivers/CMSIS/Include/core_cm7.h:2156:34:__NVIC_SystemReset	4	static,ignoring_inline_asm
../Core/Src/main.c:106:6:HAL_TIM_OC_DelayElapsedCallback	16	static
../Core/Src/main.c:135:6:HAL_UART_RxCpltCallback	40	static
../Core/Src/main.c:380:5:main	8	static
../Core/Src/main.c:444:6:SystemClock_Config	120	static
../Core/Src/main.c:504:6:PeriphCommonClock_Config	200	static
../Core/Src/main.c:527:6:system_setup	8	static
../Core/Src/main.c:575:6:sync	16	static
../Core/Src/main.c:593:6:send_ACK	8	static
../Core/Src/main.c:600:6:send_NACK	8	static
../Core/Src/main.c:608:9:get_current_step	16	static
../Core/Src/main.c:635:6:enter_stop	8	static
../Core/Src/main.c:659:6:HAL_TIM_PeriodElapsedCallback	16	static
../Core/Src/main.c:676:6:Error_Handler	4	static,ignoring_inline_asm
