../Core/Src/main.c:105:6:HAL_TIM_OC_DelayElapsedCallback	16	static
../Core/Src/main.c:134:6:HAL_UART_RxCpltCallback	40	static
../Core/Src/main.c:374:6:HAL_UART_TxCpltCallback	16	static
../Core/Src/main.c:384:5:main	8	static
../Core/Src/main.c:448:6:SystemClock_Config	120	static
../Core/Src/main.c:508:6:PeriphCommonClock_Config	200	static
../Core/Src/main.c:531:6:system_setup	8	static
../Core/Src/main.c:579:6:sync	16	static
../Core/Src/main.c:597:6:send_ACK	8	static
../Core/Src/main.c:604:6:send_NACK	8	static
../Core/Src/main.c:612:9:get_current_step	16	static
../Core/Src/main.c:648:6:HAL_TIM_PeriodElapsedCallback	16	static
../Core/Src/main.c:665:6:Error_Handler	4	static,ignoring_inline_asm
