../Core/Src/stm32h7xx_it.c:73:6:NMI_Handler	4	static
../Core/Src/stm32h7xx_it.c:87:6:HardFault_Handler	4	static
../Core/Src/stm32h7xx_it.c:102:6:MemManage_Handler	4	static
../Core/Src/stm32h7xx_it.c:117:6:BusFault_Handler	4	static
../Core/Src/stm32h7xx_it.c:132:6:UsageFault_Handler	4	static
../Core/Src/stm32h7xx_it.c:147:6:DebugMon_Handler	4	static
../Core/Src/stm32h7xx_it.c:167:6:TIM1_BRK_IRQHandler	8	static
../Core/Src/stm32h7xx_it.c:181:6:TIM1_UP_IRQHandler	8	static
../Core/Src/stm32h7xx_it.c:195:6:TIM1_TRG_COM_IRQHandler	8	static
../Core/Src/stm32h7xx_it.c:209:6:TIM1_CC_IRQHandler	8	static
../Core/Src/stm32h7xx_it.c:223:6:TIM2_IRQHandler	8	static
../Core/Src/stm32h7xx_it.c:237:6:TIM3_IRQHandler	8	static
../Core/Src/stm32h7xx_it.c:251:6:TIM6_DAC_IRQHandler	8	static
