../Core/Src/stm32h7xx_it.c:98:6:NMI_Handler	4	static
../Core/Src/stm32h7xx_it.c:112:6:HardFault_Handler	8	static
../Core/Src/stm32h7xx_it.c:129:6:MemManage_Handler	4	static
../Core/Src/stm32h7xx_it.c:144:6:BusFault_Handler	4	static
../Core/Src/stm32h7xx_it.c:159:6:UsageFault_Handler	4	static
../Core/Src/stm32h7xx_it.c:174:6:DebugMon_Handler	4	static
../Core/Src/stm32h7xx_it.c:194:6:FLASH_IRQHandler	8	static
../Core/Src/stm32h7xx_it.c:208:6:DMA1_Stream0_IRQHandler	8	static
../Core/Src/stm32h7xx_it.c:222:6:DMA1_Stream1_IRQHandler	8	static
../Core/Src/stm32h7xx_it.c:236:6:DMA1_Stream2_IRQHandler	8	static
../Core/Src/stm32h7xx_it.c:250:6:DMA1_Stream3_IRQHandler	8	static
../Core/Src/stm32h7xx_it.c:264:6:DMA1_Stream4_IRQHandler	8	static
../Core/Src/stm32h7xx_it.c:278:6:DMA1_Stream5_IRQHandler	8	static
../Core/Src/stm32h7xx_it.c:292:6:DMA1_Stream6_IRQHandler	8	static
../Core/Src/stm32h7xx_it.c:306:6:TIM1_BRK_IRQHandler	8	static
../Core/Src/stm32h7xx_it.c:320:6:TIM1_UP_IRQHandler	8	static
../Core/Src/stm32h7xx_it.c:334:6:TIM1_TRG_COM_IRQHandler	8	static
../Core/Src/stm32h7xx_it.c:348:6:TIM1_CC_IRQHandler	8	static
../Core/Src/stm32h7xx_it.c:362:6:TIM2_IRQHandler	8	static
../Core/Src/stm32h7xx_it.c:376:6:TIM3_IRQHandler	8	static
../Core/Src/stm32h7xx_it.c:390:6:TIM4_IRQHandler	8	static
../Core/Src/stm32h7xx_it.c:404:6:I2C1_EV_IRQHandler	8	static
../Core/Src/stm32h7xx_it.c:418:6:I2C1_ER_IRQHandler	8	static
../Core/Src/stm32h7xx_it.c:432:6:SPI1_IRQHandler	8	static
../Core/Src/stm32h7xx_it.c:446:6:SPI2_IRQHandler	8	static
../Core/Src/stm32h7xx_it.c:460:6:USART1_IRQHandler	8	static
../Core/Src/stm32h7xx_it.c:474:6:DMA1_Stream7_IRQHandler	8	static
../Core/Src/stm32h7xx_it.c:488:6:TIM6_DAC_IRQHandler	8	static
../Core/Src/stm32h7xx_it.c:506:6:ECC_IRQHandler	8	static
