../Drivers/STM32H7xx_HAL_Driver/Src/stm32h7xx_hal_pwr.c:225:6:HAL_PWR_DeInit	4	static
../Drivers/STM32H7xx_HAL_Driver/Src/stm32h7xx_hal_pwr.c:235:6:HAL_PWR_EnableBkUpAccess	4	static
../Drivers/STM32H7xx_HAL_Driver/Src/stm32h7xx_hal_pwr.c:247:6:HAL_PWR_DisableBkUpAccess	4	static
../Drivers/STM32H7xx_HAL_Driver/Src/stm32h7xx_hal_pwr.c:412:6:HAL_PWR_ConfigPVD	16	static
../Drivers/STM32H7xx_HAL_Driver/Src/stm32h7xx_hal_pwr.c:461:6:HAL_PWR_EnablePVD	4	static
../Drivers/STM32H7xx_HAL_Driver/Src/stm32h7xx_hal_pwr.c:470:6:HAL_PWR_DisablePVD	4	static
../Drivers/STM32H7xx_HAL_Driver/Src/stm32h7xx_hal_pwr.c:496:6:HAL_PWR_EnableWakeUpPin	16	static
../Drivers/STM32H7xx_HAL_Driver/Src/stm32h7xx_hal_pwr.c:524:6:HAL_PWR_DisableWakeUpPin	16	static
../Drivers/STM32H7xx_HAL_Driver/Src/stm32h7xx_hal_pwr.c:551:6:HAL_PWR_EnterSLEEPMode	16	static,ignoring_inline_asm
../Drivers/STM32H7xx_HAL_Driver/Src/stm32h7xx_hal_pwr.c:601:6:HAL_PWR_EnterSTOPMode	16	static,ignoring_inline_asm
../Drivers/STM32H7xx_HAL_Driver/Src/stm32h7xx_hal_pwr.c:668:6:HAL_PWR_EnterSTANDBYMode	4	static,ignoring_inline_asm
../Drivers/STM32H7xx_HAL_Driver/Src/stm32h7xx_hal_pwr.c:719:6:HAL_PWR_EnableSleepOnExit	4	static
../Drivers/STM32H7xx_HAL_Driver/Src/stm32h7xx_hal_pwr.c:731:6:HAL_PWR_DisableSleepOnExit	4	static
../Drivers/STM32H7xx_HAL_Driver/Src/stm32h7xx_hal_pwr.c:743:6:HAL_PWR_EnableSEVOnPend	4	static
../Drivers/STM32H7xx_HAL_Driver/Src/stm32h7xx_hal_pwr.c:754:6:HAL_PWR_DisableSEVOnPend	4	static
../Drivers/STM32H7xx_HAL_Driver/Src/stm32h7xx_hal_pwr.c:782:6:HAL_PWR_PVD_IRQHandler	8	static
../Drivers/STM32H7xx_HAL_Driver/Src/stm32h7xx_hal_pwr.c:825:13:HAL_PWR_PVDCallback	4	static
