../Drivers/STM32H7xx_HAL_Driver/Src/stm32h7xx_hal_dma.c:215:19:HAL_DMA_Init	32	static
../Drivers/STM32H7xx_HAL_Driver/Src/stm32h7xx_hal_dma.c:453:19:HAL_DMA_DeInit	24	static
../Drivers/STM32H7xx_HAL_Driver/Src/stm32h7xx_hal_dma.c:604:19:HAL_DMA_Start	32	static
../Drivers/STM32H7xx_HAL_Driver/Src/stm32h7xx_hal_dma.c:656:19:HAL_DMA_Start_IT	32	static
../Drivers/STM32H7xx_HAL_Driver/Src/stm32h7xx_hal_dma.c:751:19:HAL_DMA_Abort	32	static
../Drivers/STM32H7xx_HAL_Driver/Src/stm32h7xx_hal_dma.c:863:19:HAL_DMA_Abort_IT	24	static
../Drivers/STM32H7xx_HAL_Driver/Src/stm32h7xx_hal_dma.c:942:19:HAL_DMA_PollForTransfer	48	static
../Drivers/STM32H7xx_HAL_Driver/Src/stm32h7xx_hal_dma.c:1152:6:HAL_DMA_IRQHandler	48	static
../Drivers/STM32H7xx_HAL_Driver/Src/stm32h7xx_hal_dma.c:1482:19:HAL_DMA_RegisterCallback	32	static
../Drivers/STM32H7xx_HAL_Driver/Src/stm32h7xx_hal_dma.c:1545:19:HAL_DMA_UnRegisterCallback	24	static
../Drivers/STM32H7xx_HAL_Driver/Src/stm32h7xx_hal_dma.c:1631:22:HAL_DMA_GetState	16	static
../Drivers/STM32H7xx_HAL_Driver/Src/stm32h7xx_hal_dma.c:1641:10:HAL_DMA_GetError	16	static
../Drivers/STM32H7xx_HAL_Driver/Src/stm32h7xx_hal_dma.c:1666:13:DMA_SetConfig	32	static
../Drivers/STM32H7xx_HAL_Driver/Src/stm32h7xx_hal_dma.c:1748:17:DMA_CalcBaseAndBitshift	24	static
../Drivers/STM32H7xx_HAL_Driver/Src/stm32h7xx_hal_dma.c:1784:26:DMA_CheckFifoParam	24	static
../Drivers/STM32H7xx_HAL_Driver/Src/stm32h7xx_hal_dma.c:1866:13:DMA_CalcDMAMUXChannelBaseAndMask	24	static
../Drivers/STM32H7xx_HAL_Driver/Src/stm32h7xx_hal_dma.c:1902:13:DMA_CalcDMAMUXRequestGenBaseAndMask	24	static
