../Drivers/STM32H7xx_HAL_Driver/Inc/stm32h7xx_ll_adc.h:2709:23:LL_ADC_SetCommonPathInternalCh	16	static
../Drivers/STM32H7xx_HAL_Driver/Inc/stm32h7xx_ll_adc.h:2732:27:LL_ADC_GetCommonPathInternalCh	16	static
../Drivers/STM32H7xx_HAL_Driver/Inc/stm32h7xx_ll_adc.h:2839:23:LL_ADC_SetCalibrationOffsetFactor	24	static
../Drivers/STM32H7xx_HAL_Driver/Inc/stm32h7xx_ll_adc.h:2869:27:LL_ADC_GetCalibrationOffsetFactor	16	static
../Drivers/STM32H7xx_HAL_Driver/Inc/stm32h7xx_ll_adc.h:2907:23:LL_ADC_SetCalibrationLinearFactor	32	static
../Drivers/STM32H7xx_HAL_Driver/Inc/stm32h7xx_ll_adc.h:2947:27:LL_ADC_GetCalibrationLinearFactor	24	static
../Drivers/STM32H7xx_HAL_Driver/Inc/stm32h7xx_ll_adc.h:3354:23:LL_ADC_SetOffset	32	static
../Drivers/STM32H7xx_HAL_Driver/Inc/stm32h7xx_ll_adc.h:3435:27:LL_ADC_GetOffsetChannel	24	static
../Drivers/STM32H7xx_HAL_Driver/Inc/stm32h7xx_ll_adc.h:3529:23:LL_ADC_SetOffsetSignedSaturation	32	static
../Drivers/STM32H7xx_HAL_Driver/Inc/stm32h7xx_ll_adc.h:3906:27:LL_ADC_REG_IsTriggerSourceSWStart	16	static
../Drivers/STM32H7xx_HAL_Driver/Inc/stm32h7xx_ll_adc.h:4693:27:LL_ADC_INJ_IsTriggerSourceSWStart	16	static
../Drivers/STM32H7xx_HAL_Driver/Inc/stm32h7xx_ll_adc.h:4993:27:LL_ADC_INJ_GetTrigAuto	16	static
../Drivers/STM32H7xx_HAL_Driver/Inc/stm32h7xx_ll_adc.h:5038:23:LL_ADC_INJ_SetQueueMode	16	static
../Drivers/STM32H7xx_HAL_Driver/Inc/stm32h7xx_ll_adc.h:5367:23:LL_ADC_SetChannelSamplingTime	32	static
../Drivers/STM32H7xx_HAL_Driver/Inc/stm32h7xx_ll_adc.h:5517:23:LL_ADC_SetChannelSingleDiff	24	static
../Drivers/STM32H7xx_HAL_Driver/Inc/stm32h7xx_ll_adc.h:6554:27:LL_ADC_GetMultimode	16	static
../Drivers/STM32H7xx_HAL_Driver/Inc/stm32h7xx_ll_adc.h:6748:23:LL_ADC_EnableDeepPowerDown	16	static
../Drivers/STM32H7xx_HAL_Driver/Inc/stm32h7xx_ll_adc.h:6816:23:LL_ADC_DisableInternalRegulator	16	static
../Drivers/STM32H7xx_HAL_Driver/Inc/stm32h7xx_ll_adc.h:6881:27:LL_ADC_IsEnabled	16	static
../Drivers/STM32H7xx_HAL_Driver/Inc/stm32h7xx_ll_adc.h:6928:23:LL_ADC_StartCalibration	24	static
../Drivers/STM32H7xx_HAL_Driver/Inc/stm32h7xx_ll_adc.h:6944:27:LL_ADC_IsCalibrationOnGoing	16	static
../Drivers/STM32H7xx_HAL_Driver/Inc/stm32h7xx_ll_adc.h:6974:23:LL_ADC_REG_StartConversion	16	static
../Drivers/STM32H7xx_HAL_Driver/Inc/stm32h7xx_ll_adc.h:6991:23:LL_ADC_REG_StopConversion	16	static
../Drivers/STM32H7xx_HAL_Driver/Inc/stm32h7xx_ll_adc.h:7004:27:LL_ADC_REG_IsConversionOngoing	16	static
../Drivers/STM32H7xx_HAL_Driver/Inc/stm32h7xx_ll_adc.h:7155:23:LL_ADC_INJ_StartConversion	16	static
../Drivers/STM32H7xx_HAL_Driver/Inc/stm32h7xx_ll_adc.h:7185:27:LL_ADC_INJ_IsConversionOngoing	16	static
../Drivers/STM32H7xx_HAL_Driver/Src/stm32h7xx_hal_adc_ex.c:125:19:HAL_ADCEx_Calibration_Start	32	static
../Drivers/STM32H7xx_HAL_Driver/Src/stm32h7xx_hal_adc_ex.c:194:10:HAL_ADCEx_Calibration_GetValue	16	static
../Drivers/STM32H7xx_HAL_Driver/Src/stm32h7xx_hal_adc_ex.c:210:19:HAL_ADCEx_LinearCalibration_GetValue	40	static
../Drivers/STM32H7xx_HAL_Driver/Src/stm32h7xx_hal_adc_ex.c:254:19:HAL_ADCEx_Calibration_SetValue	40	static
../Drivers/STM32H7xx_HAL_Driver/Src/stm32h7xx_hal_adc_ex.c:316:19:HAL_ADCEx_LinearCalibration_SetValue	32	static
../Drivers/STM32H7xx_HAL_Driver/Src/stm32h7xx_hal_adc_ex.c:399:19:HAL_ADCEx_LinearCalibration_FactorLoad	56	static
../Drivers/STM32H7xx_HAL_Driver/Src/stm32h7xx_hal_adc_ex.c:441:19:HAL_ADCEx_InjectedStart	32	static
../Drivers/STM32H7xx_HAL_Driver/Src/stm32h7xx_hal_adc_ex.c:564:19:HAL_ADCEx_InjectedStop	24	static
../Drivers/STM32H7xx_HAL_Driver/Src/stm32h7xx_hal_adc_ex.c:614:19:HAL_ADCEx_InjectedPollForConversion	48	static
../Drivers/STM32H7xx_HAL_Driver/Src/stm32h7xx_hal_adc_ex.c:733:19:HAL_ADCEx_InjectedStart_IT	32	static
../Drivers/STM32H7xx_HAL_Driver/Src/stm32h7xx_hal_adc_ex.c:878:19:HAL_ADCEx_InjectedStop_IT	24	static
../Drivers/STM32H7xx_HAL_Driver/Src/stm32h7xx_hal_adc_ex.c:943:19:HAL_ADCEx_MultiModeStart_DMA	136	static
../Drivers/STM32H7xx_HAL_Driver/Src/stm32h7xx_hal_adc_ex.c:1072:19:HAL_ADCEx_MultiModeStop_DMA	136	static
../Drivers/STM32H7xx_HAL_Driver/Src/stm32h7xx_hal_adc_ex.c:1186:10:HAL_ADCEx_MultiModeGetValue	24	static
../Drivers/STM32H7xx_HAL_Driver/Src/stm32h7xx_hal_adc_ex.c:1231:10:HAL_ADCEx_InjectedGetValue	24	static
../Drivers/STM32H7xx_HAL_Driver/Src/stm32h7xx_hal_adc_ex.c:1265:13:HAL_ADCEx_InjectedConvCpltCallback	16	static
../Drivers/STM32H7xx_HAL_Driver/Src/stm32h7xx_hal_adc_ex.c:1283:13:HAL_ADCEx_InjectedQueueOverflowCallback	16	static
../Drivers/STM32H7xx_HAL_Driver/Src/stm32h7xx_hal_adc_ex.c:1297:13:HAL_ADCEx_LevelOutOfWindow2Callback	16	static
../Drivers/STM32H7xx_HAL_Driver/Src/stm32h7xx_hal_adc_ex.c:1311:13:HAL_ADCEx_LevelOutOfWindow3Callback	16	static
../Drivers/STM32H7xx_HAL_Driver/Src/stm32h7xx_hal_adc_ex.c:1325:13:HAL_ADCEx_EndOfSamplingCallback	16	static
../Drivers/STM32H7xx_HAL_Driver/Src/stm32h7xx_hal_adc_ex.c:1341:19:HAL_ADCEx_RegularStop	24	static
../Drivers/STM32H7xx_HAL_Driver/Src/stm32h7xx_hal_adc_ex.c:1393:19:HAL_ADCEx_RegularStop_IT	24	static
../Drivers/STM32H7xx_HAL_Driver/Src/stm32h7xx_hal_adc_ex.c:1447:19:HAL_ADCEx_RegularStop_DMA	24	static
../Drivers/STM32H7xx_HAL_Driver/Src/stm32h7xx_hal_adc_ex.c:1524:19:HAL_ADCEx_RegularMultiModeStop_DMA	128	static
../Drivers/STM32H7xx_HAL_Driver/Src/stm32h7xx_hal_adc_ex.c:1696:19:HAL_ADCEx_InjectedConfigChannel	248	static,ignoring_inline_asm
../Drivers/STM32H7xx_HAL_Driver/Src/stm32h7xx_hal_adc_ex.c:2274:19:HAL_ADCEx_MultiModeConfigChannel	136	static
../Drivers/STM32H7xx_HAL_Driver/Src/stm32h7xx_hal_adc_ex.c:2381:19:HAL_ADCEx_EnableInjectedQueue	32	static
../Drivers/STM32H7xx_HAL_Driver/Src/stm32h7xx_hal_adc_ex.c:2419:19:HAL_ADCEx_DisableInjectedQueue	32	static
../Drivers/STM32H7xx_HAL_Driver/Src/stm32h7xx_hal_adc_ex.c:2453:19:HAL_ADCEx_DisableVoltageRegulator	24	static
../Drivers/STM32H7xx_HAL_Driver/Src/stm32h7xx_hal_adc_ex.c:2486:19:HAL_ADCEx_EnterADCDeepPowerDownMode	24	static
