../Drivers/STM32H7xx_HAL_Driver/Src/stm32h7xx_hal_rtc.c:225:19:HAL_RTC_Init	24	static
../Drivers/STM32H7xx_HAL_Driver/Src/stm32h7xx_hal_rtc.c:355:19:HAL_RTC_DeInit	24	static
../Drivers/STM32H7xx_HAL_Driver/Src/stm32h7xx_hal_rtc.c:752:13:HAL_RTC_MspInit	16	static
../Drivers/STM32H7xx_HAL_Driver/Src/stm32h7xx_hal_rtc.c:766:13:HAL_RTC_MspDeInit	16	static
../Drivers/STM32H7xx_HAL_Driver/Src/stm32h7xx_hal_rtc.c:803:19:HAL_RTC_SetTime	40	static
../Drivers/STM32H7xx_HAL_Driver/Src/stm32h7xx_hal_rtc.c:905:19:HAL_RTC_GetTime	32	static
../Drivers/STM32H7xx_HAL_Driver/Src/stm32h7xx_hal_rtc.c:952:19:HAL_RTC_SetDate	40	static
../Drivers/STM32H7xx_HAL_Driver/Src/stm32h7xx_hal_rtc.c:1032:19:HAL_RTC_GetDate	32	static
../Drivers/STM32H7xx_HAL_Driver/Src/stm32h7xx_hal_rtc.c:1088:19:HAL_RTC_SetAlarm	48	static
../Drivers/STM32H7xx_HAL_Driver/Src/stm32h7xx_hal_rtc.c:1271:19:HAL_RTC_SetAlarm_IT	48	static
../Drivers/STM32H7xx_HAL_Driver/Src/stm32h7xx_hal_rtc.c:1466:19:HAL_RTC_DeactivateAlarm	24	static
../Drivers/STM32H7xx_HAL_Driver/Src/stm32h7xx_hal_rtc.c:1563:19:HAL_RTC_GetAlarm	32	static
../Drivers/STM32H7xx_HAL_Driver/Src/stm32h7xx_hal_rtc.c:1632:6:HAL_RTC_AlarmIRQHandler	16	static
../Drivers/STM32H7xx_HAL_Driver/Src/stm32h7xx_hal_rtc.c:1718:13:HAL_RTC_AlarmAEventCallback	16	static
../Drivers/STM32H7xx_HAL_Driver/Src/stm32h7xx_hal_rtc.c:1733:19:HAL_RTC_PollForAlarmAEvent	24	static
../Drivers/STM32H7xx_HAL_Driver/Src/stm32h7xx_hal_rtc.c:1789:19:HAL_RTC_WaitForSynchro	24	static
../Drivers/STM32H7xx_HAL_Driver/Src/stm32h7xx_hal_rtc.c:1839:21:HAL_RTC_GetState	16	static
../Drivers/STM32H7xx_HAL_Driver/Src/stm32h7xx_hal_rtc.c:1862:19:RTC_EnterInitMode	24	static
../Drivers/STM32H7xx_HAL_Driver/Src/stm32h7xx_hal_rtc.c:1903:19:RTC_ExitInitMode	24	static
../Drivers/STM32H7xx_HAL_Driver/Src/stm32h7xx_hal_rtc.c:1940:9:RTC_ByteToBcd2	24	static
../Drivers/STM32H7xx_HAL_Driver/Src/stm32h7xx_hal_rtc.c:1957:9:RTC_Bcd2ToByte	24	static
