../Drivers/CMSIS/Include/core_cm7.h:2156:34:__NVIC_SystemReset	4	static,ignoring_inline_asm
../Core/Src/main.c:147:9:poll_i2c_sensor	32	static
../Core/Src/main.c:173:10:i2c	24	static
../Core/Src/main.c:191:6:do_auto_sweep	8	static
../Core/Src/main.c:216:10:spi	24	static
../Core/Src/main.c:232:6:set_erpa_sweep	8	static
../Core/Src/main.c:243:11:erpa_adc	16	static
../Core/Src/main.c:256:11:hk_adc1	32	static
../Core/Src/main.c:283:11:hk_adc3	24	static
../Core/Src/main.c:305:6:send_erpa_packet	32	static
../Core/Src/main.c:334:6:send_hk_packet	64	static
../Core/Src/main.c:388:6:send_pmt_packet	24	static
../Core/Src/main.c:403:6:HAL_TIM_OC_DelayElapsedCallback	168	static
../Core/Src/main.c:456:6:HAL_UART_RxCpltCallback	32	static
../Core/Src/main.c:623:5:main	8	static
../Core/Src/main.c:715:6:SystemClock_Config	120	static
../Core/Src/main.c:778:6:PeriphCommonClock_Config	200	static
../Core/Src/main.c:805:13:MX_ADC1_Init	48	static
../Core/Src/main.c:963:13:MX_ADC3_Init	40	static
../Core/Src/main.c:1048:13:MX_DAC1_Init	48	static
../Core/Src/main.c:1091:13:MX_I2C1_Init	8	static
../Core/Src/main.c:1139:13:MX_SPI1_Init	8	static
../Core/Src/main.c:1187:13:MX_SPI2_Init	8	static
../Core/Src/main.c:1235:13:MX_TIM1_Init	96	static
../Core/Src/main.c:1305:13:MX_TIM2_Init	64	static
../Core/Src/main.c:1364:13:MX_USART1_UART_Init	8	static
../Core/Src/main.c:1410:13:MX_DMA_Init	16	static
../Core/Src/main.c:1434:13:MX_GPIO_Init	48	static
../Core/Src/main.c:1477:6:Error_Handler	4	static,ignoring_inline_asm
