../Drivers/CMSIS/Include/core_cm7.h:2156:34:__NVIC_SystemReset	4	static,ignoring_inline_asm
../Core/Src/main.c:148:9:poll_i2c_sensor	32	static
../Core/Src/main.c:174:10:i2c	24	static
../Core/Src/main.c:192:6:do_auto_sweep	8	static
../Core/Src/main.c:217:10:spi	24	static
../Core/Src/main.c:233:6:set_erpa_sweep	8	static
../Core/Src/main.c:244:11:erpa_adc	16	static
../Core/Src/main.c:257:11:hk_adc1	32	static
../Core/Src/main.c:284:11:hk_adc3	24	static
../Core/Src/main.c:306:6:send_erpa_packet	32	static
../Core/Src/main.c:335:6:send_hk_packet	64	static
../Core/Src/main.c:389:6:send_pmt_packet	24	static
../Core/Src/main.c:404:6:HAL_TIM_OC_DelayElapsedCallback	168	static
../Core/Src/main.c:457:6:HAL_UART_RxCpltCallback	32	static
../Core/Src/main.c:622:5:main	8	static
../Core/Src/main.c:714:6:SystemClock_Config	120	static
../Core/Src/main.c:777:6:PeriphCommonClock_Config	200	static
../Core/Src/main.c:804:13:MX_ADC1_Init	48	static
../Core/Src/main.c:962:13:MX_ADC3_Init	40	static
../Core/Src/main.c:1047:13:MX_DAC1_Init	48	static
../Core/Src/main.c:1090:13:MX_I2C1_Init	8	static
../Core/Src/main.c:1138:13:MX_SPI1_Init	8	static
../Core/Src/main.c:1186:13:MX_SPI2_Init	8	static
../Core/Src/main.c:1234:13:MX_TIM1_Init	96	static
../Core/Src/main.c:1304:13:MX_TIM2_Init	64	static
../Core/Src/main.c:1363:13:MX_USART1_UART_Init	8	static
../Core/Src/main.c:1409:13:MX_DMA_Init	16	static
../Core/Src/main.c:1433:13:MX_GPIO_Init	48	static
../Core/Src/main.c:1476:6:Error_Handler	4	static,ignoring_inline_asm
