../Drivers/CMSIS/Include/core_cm7.h:2156:34:__NVIC_SystemReset	4	static,ignoring_inline_asm
../Core/Src/main.c:134:6:HAL_TIM_OC_DelayElapsedCallback	80	static
../Core/Src/main.c:435:6:HAL_UART_RxCpltCallback	24	static
../Core/Src/main.c:607:5:main	8	static
../Core/Src/main.c:683:6:SystemClock_Config	120	static
../Core/Src/main.c:747:13:MX_ADC1_Init	48	static
../Core/Src/main.c:815:13:MX_DAC1_Init	48	static
../Core/Src/main.c:858:13:MX_I2C1_Init	8	static
../Core/Src/main.c:906:13:MX_SPI1_Init	8	static
../Core/Src/main.c:954:13:MX_SPI2_Init	8	static
../Core/Src/main.c:1002:13:MX_TIM1_Init	96	static
../Core/Src/main.c:1072:13:MX_TIM2_Init	48	static
../Core/Src/main.c:1121:13:MX_USART1_UART_Init	8	static
../Core/Src/main.c:1167:13:MX_DMA_Init	16	static
../Core/Src/main.c:1185:13:MX_GPIO_Init	56	static
../Core/Src/main.c:1248:6:Error_Handler	4	static,ignoring_inline_asm
