../Drivers/CMSIS/Include/core_cm7.h:2156:34:__NVIC_SystemReset	4	static,ignoring_inline_asm
../Core/Src/main.c:138:6:HAL_TIM_OC_DelayElapsedCallback	80	static
../Core/Src/main.c:439:6:HAL_UART_RxCpltCallback	24	static
../Core/Src/main.c:611:5:main	8	static
../Core/Src/main.c:691:6:SystemClock_Config	120	static
../Core/Src/main.c:754:6:PeriphCommonClock_Config	200	static
../Core/Src/main.c:781:13:MX_ADC1_Init	48	static
../Core/Src/main.c:962:13:MX_ADC3_Init	40	static
../Core/Src/main.c:1045:13:MX_DAC1_Init	48	static
../Core/Src/main.c:1088:13:MX_I2C1_Init	8	static
../Core/Src/main.c:1136:13:MX_SPI1_Init	8	static
../Core/Src/main.c:1184:13:MX_SPI2_Init	8	static
../Core/Src/main.c:1232:13:MX_TIM1_Init	96	static
../Core/Src/main.c:1302:13:MX_TIM2_Init	48	static
../Core/Src/main.c:1351:13:MX_USART1_UART_Init	8	static
../Core/Src/main.c:1397:13:MX_DMA_Init	16	static
../Core/Src/main.c:1418:13:MX_GPIO_Init	56	static
../Core/Src/main.c:1481:6:Error_Handler	4	static,ignoring_inline_asm
