../Drivers/CMSIS/Include/core_cm7.h:2156:34:__NVIC_SystemReset	4	static,ignoring_inline_asm
../Core/Src/main.c:144:6:HAL_TIM_OC_DelayElapsedCallback	80	static
../Core/Src/main.c:468:6:HAL_UART_RxCpltCallback	24	static
../Core/Src/main.c:640:5:main	8	static
../Core/Src/main.c:733:6:SystemClock_Config	120	static
../Core/Src/main.c:796:6:PeriphCommonClock_Config	200	static
../Core/Src/main.c:823:13:MX_ADC1_Init	48	static
../Core/Src/main.c:1017:13:MX_ADC3_Init	40	static
../Core/Src/main.c:1084:13:MX_DAC1_Init	48	static
../Core/Src/main.c:1127:13:MX_I2C1_Init	8	static
../Core/Src/main.c:1175:13:MX_SPI1_Init	8	static
../Core/Src/main.c:1223:13:MX_SPI2_Init	8	static
../Core/Src/main.c:1271:13:MX_TIM1_Init	96	static
../Core/Src/main.c:1341:13:MX_TIM2_Init	48	static
../Core/Src/main.c:1390:13:MX_USART1_UART_Init	8	static
../Core/Src/main.c:1436:13:MX_DMA_Init	16	static
../Core/Src/main.c:1457:13:MX_GPIO_Init	56	static
../Core/Src/main.c:1514:6:HAL_ADC_ConvHalfCpltCallback	48	static,ignoring_inline_asm
../Core/Src/main.c:1533:6:HAL_ADC_ConvCpltCallback	48	static,ignoring_inline_asm
../Core/Src/main.c:1552:6:Error_Handler	4	static,ignoring_inline_asm
