../Drivers/CMSIS/Include/core_cm7.h:2156:34:__NVIC_SystemReset	4	static,ignoring_inline_asm
../Core/Src/main.c:142:6:HAL_TIM_OC_DelayElapsedCallback	72	static
../Core/Src/main.c:466:6:HAL_UART_RxCpltCallback	24	static
../Core/Src/main.c:638:5:main	8	static
../Core/Src/main.c:731:6:SystemClock_Config	120	static
../Core/Src/main.c:794:6:PeriphCommonClock_Config	200	static
../Core/Src/main.c:821:13:MX_ADC1_Init	48	static
../Core/Src/main.c:1015:13:MX_ADC3_Init	40	static
../Core/Src/main.c:1073:13:MX_DAC1_Init	48	static
../Core/Src/main.c:1116:13:MX_I2C1_Init	8	static
../Core/Src/main.c:1164:13:MX_SPI1_Init	8	static
../Core/Src/main.c:1212:13:MX_SPI2_Init	8	static
../Core/Src/main.c:1260:13:MX_TIM1_Init	96	static
../Core/Src/main.c:1330:13:MX_TIM2_Init	48	static
../Core/Src/main.c:1379:13:MX_USART1_UART_Init	8	static
../Core/Src/main.c:1425:13:MX_DMA_Init	16	static
../Core/Src/main.c:1443:13:MX_GPIO_Init	56	static
../Core/Src/main.c:1500:6:HAL_ADC_ConvHalfCpltCallback	32	static,ignoring_inline_asm
../Core/Src/main.c:1513:6:HAL_ADC_ConvCpltCallback	32	static,ignoring_inline_asm
../Core/Src/main.c:1526:6:Error_Handler	4	static,ignoring_inline_asm
