../Drivers/CMSIS/Include/core_cm7.h:2156:34:__NVIC_SystemReset	4	static,ignoring_inline_asm
../Core/Src/main.c:145:9:poll_i2c_sensor	32	static
../Core/Src/main.c:180:10:i2c	24	static
../Core/Src/main.c:199:6:do_auto_sweep	4	static
../Core/Src/main.c:226:10:spi	24	static
../Core/Src/main.c:243:6:set_erpa_sweep	8	static
../Core/Src/main.c:255:11:erpa_adc	24	static
../Core/Src/main.c:281:11:hk_adc1	32	static
../Core/Src/main.c:318:11:hk_adc3	24	static
../Core/Src/main.c:346:6:send_erpa_packet	32	static
../Core/Src/main.c:375:6:send_hk_packet	64	static
../Core/Src/main.c:431:6:send_pmt_packet	24	static
../Core/Src/main.c:448:6:HAL_TIM_OC_DelayElapsedCallback	168	static
../Core/Src/main.c:505:6:HAL_UART_RxCpltCallback	24	static
../Core/Src/main.c:687:5:main	8	static
../Core/Src/main.c:766:6:SystemClock_Config	120	static
../Core/Src/main.c:829:6:PeriphCommonClock_Config	200	static
../Core/Src/main.c:856:13:MX_ADC1_Init	48	static
../Core/Src/main.c:1041:13:MX_ADC3_Init	40	static
../Core/Src/main.c:1117:13:MX_DAC1_Init	48	static
../Core/Src/main.c:1167:13:MX_I2C1_Init	8	static
../Core/Src/main.c:1215:13:MX_SPI1_Init	8	static
../Core/Src/main.c:1263:13:MX_SPI2_Init	8	static
../Core/Src/main.c:1311:13:MX_TIM1_Init	96	static
../Core/Src/main.c:1381:13:MX_TIM2_Init	48	static
../Core/Src/main.c:1430:13:MX_USART1_UART_Init	8	static
../Core/Src/main.c:1476:13:MX_DMA_Init	16	static
../Core/Src/main.c:1497:13:MX_GPIO_Init	56	static
../Core/Src/main.c:1554:6:HAL_ADC_ConvHalfCpltCallback	48	static,ignoring_inline_asm
../Core/Src/main.c:1573:6:HAL_ADC_ConvCpltCallback	48	static,ignoring_inline_asm
../Core/Src/main.c:1592:6:Error_Handler	4	static,ignoring_inline_asm
