../Drivers/CMSIS/Include/core_cm7.h:2156:34:__NVIC_SystemReset	4	static,ignoring_inline_asm
../Core/Src/main.c:152:6:HAL_TIM_OC_DelayElapsedCallback	80	static
../Core/Src/main.c:519:6:HAL_UART_RxCpltCallback	24	static
../Core/Src/main.c:723:5:main	8	static
../Core/Src/main.c:823:6:SystemClock_Config	120	static
../Core/Src/main.c:886:6:PeriphCommonClock_Config	200	static
../Core/Src/main.c:913:13:MX_ADC1_Init	48	static
../Core/Src/main.c:1098:13:MX_ADC3_Init	40	static
../Core/Src/main.c:1174:13:MX_DAC1_Init	48	static
../Core/Src/main.c:1224:13:MX_I2C1_Init	8	static
../Core/Src/main.c:1272:13:MX_RAMECC_Init	8	static
../Core/Src/main.c:1301:13:MX_SPI1_Init	8	static
../Core/Src/main.c:1349:13:MX_SPI2_Init	8	static
../Core/Src/main.c:1397:13:MX_TIM1_Init	96	static
../Core/Src/main.c:1467:13:MX_TIM2_Init	48	static
../Core/Src/main.c:1516:13:MX_USART1_UART_Init	8	static
../Core/Src/main.c:1562:13:MX_DMA_Init	16	static
../Core/Src/main.c:1583:13:MX_GPIO_Init	56	static
../Core/Src/main.c:1640:6:HAL_ADC_ConvHalfCpltCallback	48	static,ignoring_inline_asm
../Core/Src/main.c:1659:6:HAL_ADC_ConvCpltCallback	48	static,ignoring_inline_asm
../Core/Src/main.c:1678:6:Error_Handler	4	static,ignoring_inline_asm
