../Drivers/CMSIS/Include/core_cm7.h:2156:34:__NVIC_SystemReset	4	static,ignoring_inline_asm
../Core/Src/main.c:146:6:HAL_TIM_OC_DelayElapsedCallback	80	static
../Core/Src/main.c:453:6:HAL_UART_RxCpltCallback	24	static
../Core/Src/main.c:625:5:main	8	static
../Core/Src/main.c:708:6:SystemClock_Config	120	static
../Core/Src/main.c:771:6:PeriphCommonClock_Config	200	static
../Core/Src/main.c:798:13:MX_ADC1_Init	48	static
../Core/Src/main.c:975:13:MX_ADC3_Init	40	static
../Core/Src/main.c:1060:13:MX_DAC1_Init	48	static
../Core/Src/main.c:1103:13:MX_I2C1_Init	8	static
../Core/Src/main.c:1151:13:MX_SPI1_Init	8	static
../Core/Src/main.c:1199:13:MX_SPI2_Init	8	static
../Core/Src/main.c:1247:13:MX_TIM1_Init	96	static
../Core/Src/main.c:1317:13:MX_TIM2_Init	48	static
../Core/Src/main.c:1366:13:MX_USART1_UART_Init	8	static
../Core/Src/main.c:1412:13:MX_DMA_Init	16	static
../Core/Src/main.c:1433:13:MX_GPIO_Init	56	static
../Core/Src/main.c:1496:6:Error_Handler	4	static,ignoring_inline_asm
