../Drivers/CMSIS/Include/core_cm7.h:2156:34:__NVIC_SystemReset	4	static,ignoring_inline_asm
../Core/Src/main.c:146:6:HAL_ADC_ConvCpltCallback	56	static
../Core/Src/main.c:218:6:HAL_TIM_OC_DelayElapsedCallback	48	static
../Core/Src/main.c:461:6:HAL_UART_RxCpltCallback	24	static
../Core/Src/main.c:633:5:main	8	static
../Core/Src/main.c:715:6:SystemClock_Config	120	static
../Core/Src/main.c:778:6:PeriphCommonClock_Config	200	static
../Core/Src/main.c:805:13:MX_ADC1_Init	48	static
../Core/Src/main.c:981:13:MX_ADC3_Init	40	static
../Core/Src/main.c:1066:13:MX_DAC1_Init	48	static
../Core/Src/main.c:1109:13:MX_I2C1_Init	8	static
../Core/Src/main.c:1157:13:MX_SPI1_Init	8	static
../Core/Src/main.c:1205:13:MX_SPI2_Init	8	static
../Core/Src/main.c:1253:13:MX_TIM1_Init	96	static
../Core/Src/main.c:1323:13:MX_TIM2_Init	48	static
../Core/Src/main.c:1372:13:MX_USART1_UART_Init	8	static
../Core/Src/main.c:1418:13:MX_DMA_Init	16	static
../Core/Src/main.c:1439:13:MX_GPIO_Init	56	static
../Core/Src/main.c:1502:6:Error_Handler	4	static,ignoring_inline_asm
