../Drivers/CMSIS/Include/core_cm7.h:2156:34:__NVIC_SystemReset	4	static,ignoring_inline_asm
../Core/Src/main.c:148:6:HAL_ADC_ConvCpltCallback	16	static
../Core/Src/main.c:159:6:HAL_TIM_OC_DelayElapsedCallback	80	static
../Core/Src/main.c:465:6:HAL_UART_RxCpltCallback	24	static
../Core/Src/main.c:637:5:main	8	static
../Core/Src/main.c:720:6:SystemClock_Config	120	static
../Core/Src/main.c:783:6:PeriphCommonClock_Config	200	static
../Core/Src/main.c:810:13:MX_ADC1_Init	48	static
../Core/Src/main.c:986:13:MX_ADC3_Init	40	static
../Core/Src/main.c:1071:13:MX_DAC1_Init	48	static
../Core/Src/main.c:1114:13:MX_I2C1_Init	8	static
../Core/Src/main.c:1162:13:MX_SPI1_Init	8	static
../Core/Src/main.c:1210:13:MX_SPI2_Init	8	static
../Core/Src/main.c:1258:13:MX_TIM1_Init	96	static
../Core/Src/main.c:1328:13:MX_TIM2_Init	48	static
../Core/Src/main.c:1377:13:MX_USART1_UART_Init	8	static
../Core/Src/main.c:1423:13:MX_DMA_Init	16	static
../Core/Src/main.c:1444:13:MX_MDMA_Init	16	static
../Core/Src/main.c:1491:13:MX_GPIO_Init	56	static
../Core/Src/main.c:1554:6:Error_Handler	4	static,ignoring_inline_asm
