core_cm7.h:2156:34:__NVIC_SystemReset	1
main.c:146:6:HAL_TIM_OC_DelayElapsedCallback	19
main.c:453:6:HAL_UART_RxCpltCallback	31
main.c:625:5:main	4
main.c:708:6:SystemClock_Config	4
main.c:771:6:PeriphCommonClock_Config	2
main.c:798:13:MX_ADC1_Init	16
main.c:975:13:MX_ADC3_Init	6
main.c:1060:13:MX_DAC1_Init	3
main.c:1103:13:MX_I2C1_Init	4
main.c:1151:13:MX_SPI1_Init	2
main.c:1199:13:MX_SPI2_Init	2
main.c:1247:13:MX_TIM1_Init	5
main.c:1317:13:MX_TIM2_Init	4
main.c:1366:13:MX_USART1_UART_Init	5
main.c:1412:13:MX_DMA_Init	1
main.c:1433:13:MX_GPIO_Init	1
main.c:1496:6:Error_Handler	1
