../Drivers/CMSIS/Include/core_cm7.h:2156:34:__NVIC_SystemReset	4	static,ignoring_inline_asm
../Core/Src/main.c:143:9:poll_i2c_sensor	32	static
../Core/Src/main.c:178:10:i2c	24	static
../Core/Src/main.c:197:6:do_auto_sweep	8	static
../Core/Src/main.c:230:10:spi	24	static
../Core/Src/main.c:247:6:set_erpa_sweep	8	static
../Core/Src/main.c:259:11:erpa_adc	24	static
../Core/Src/main.c:283:11:hk_adc1	40	static
../Core/Src/main.c:322:11:hk_adc3	24	static
../Core/Src/main.c:352:6:send_erpa_packet	32	static
../Core/Src/main.c:381:6:send_hk_packet	64	static
../Core/Src/main.c:437:6:send_pmt_packet	24	static
../Core/Src/main.c:454:6:HAL_TIM_OC_DelayElapsedCallback	168	static
../Core/Src/main.c:513:6:HAL_UART_RxCpltCallback	24	static
../Core/Src/main.c:695:5:main	8	static
../Core/Src/main.c:774:6:SystemClock_Config	120	static
../Core/Src/main.c:837:6:PeriphCommonClock_Config	200	static
../Core/Src/main.c:864:13:MX_ADC1_Init	48	static
../Core/Src/main.c:1031:13:MX_ADC3_Init	40	static
../Core/Src/main.c:1116:13:MX_DAC1_Init	48	static
../Core/Src/main.c:1166:13:MX_I2C1_Init	8	static
../Core/Src/main.c:1214:13:MX_SPI1_Init	8	static
../Core/Src/main.c:1262:13:MX_SPI2_Init	8	static
../Core/Src/main.c:1310:13:MX_TIM1_Init	96	static
../Core/Src/main.c:1380:13:MX_TIM2_Init	48	static
../Core/Src/main.c:1429:13:MX_USART1_UART_Init	8	static
../Core/Src/main.c:1475:13:MX_DMA_Init	16	static
../Core/Src/main.c:1496:13:MX_GPIO_Init	56	static
../Core/Src/main.c:1553:6:HAL_ADC_ConvHalfCpltCallback	48	static,ignoring_inline_asm
../Core/Src/main.c:1572:6:HAL_ADC_ConvCpltCallback	48	static,ignoring_inline_asm
../Core/Src/main.c:1591:6:Error_Handler	4	static,ignoring_inline_asm
