../Drivers/CMSIS/Include/core_cm7.h:2156:34:__NVIC_SystemReset	4	static,ignoring_inline_asm
../Core/Src/main.c:144:6:HAL_TIM_OC_DelayElapsedCallback	80	static
../Core/Src/main.c:445:6:HAL_UART_RxCpltCallback	24	static
../Core/Src/main.c:617:5:main	8	static
../Core/Src/main.c:697:6:SystemClock_Config	120	static
../Core/Src/main.c:760:6:PeriphCommonClock_Config	200	static
../Core/Src/main.c:787:13:MX_ADC1_Init	48	static
../Core/Src/main.c:968:13:MX_ADC3_Init	40	static
../Core/Src/main.c:1051:13:MX_DAC1_Init	48	static
../Core/Src/main.c:1094:13:MX_I2C1_Init	8	static
../Core/Src/main.c:1142:13:MX_SPI1_Init	8	static
../Core/Src/main.c:1190:13:MX_SPI2_Init	8	static
../Core/Src/main.c:1238:13:MX_TIM1_Init	96	static
../Core/Src/main.c:1308:13:MX_TIM2_Init	48	static
../Core/Src/main.c:1357:13:MX_USART1_UART_Init	8	static
../Core/Src/main.c:1403:13:MX_DMA_Init	16	static
../Core/Src/main.c:1424:13:MX_GPIO_Init	56	static
../Core/Src/main.c:1487:6:Error_Handler	4	static,ignoring_inline_asm
