core_cm7.h:2156:34:__NVIC_SystemReset	1
main.c:146:6:HAL_ADC_ConvCpltCallback	3
main.c:218:6:HAL_TIM_OC_DelayElapsedCallback	18
main.c:461:6:HAL_UART_RxCpltCallback	31
main.c:633:5:main	4
main.c:715:6:SystemClock_Config	4
main.c:778:6:PeriphCommonClock_Config	2
main.c:805:13:MX_ADC1_Init	16
main.c:981:13:MX_ADC3_Init	6
main.c:1066:13:MX_DAC1_Init	3
main.c:1109:13:MX_I2C1_Init	4
main.c:1157:13:MX_SPI1_Init	2
main.c:1205:13:MX_SPI2_Init	2
main.c:1253:13:MX_TIM1_Init	5
main.c:1323:13:MX_TIM2_Init	4
main.c:1372:13:MX_USART1_UART_Init	5
main.c:1418:13:MX_DMA_Init	1
main.c:1439:13:MX_GPIO_Init	1
main.c:1502:6:Error_Handler	1
