../Drivers/CMSIS/Include/core_cm7.h:2156:34:__NVIC_SystemReset	4	static,ignoring_inline_asm
../Core/Src/main.c:149:6:HAL_TIM_OC_DelayElapsedCallback	80	static
../Core/Src/main.c:514:6:HAL_UART_RxCpltCallback	24	static
../Core/Src/main.c:718:5:main	8	static
../Core/Src/main.c:812:6:SystemClock_Config	120	static
../Core/Src/main.c:875:6:PeriphCommonClock_Config	200	static
../Core/Src/main.c:902:13:MX_ADC1_Init	48	static
../Core/Src/main.c:1087:13:MX_ADC3_Init	40	static
../Core/Src/main.c:1163:13:MX_DAC1_Init	48	static
../Core/Src/main.c:1213:13:MX_I2C1_Init	8	static
../Core/Src/main.c:1261:13:MX_SPI1_Init	8	static
../Core/Src/main.c:1309:13:MX_SPI2_Init	8	static
../Core/Src/main.c:1357:13:MX_TIM1_Init	96	static
../Core/Src/main.c:1427:13:MX_TIM2_Init	48	static
../Core/Src/main.c:1476:13:MX_USART1_UART_Init	8	static
../Core/Src/main.c:1522:13:MX_DMA_Init	16	static
../Core/Src/main.c:1543:13:MX_GPIO_Init	56	static
../Core/Src/main.c:1600:6:HAL_ADC_ConvHalfCpltCallback	48	static,ignoring_inline_asm
../Core/Src/main.c:1619:6:HAL_ADC_ConvCpltCallback	48	static,ignoring_inline_asm
../Core/Src/main.c:1638:6:Error_Handler	4	static,ignoring_inline_asm
