../Drivers/CMSIS/Include/core_cm7.h:2156:34:__NVIC_SystemReset	4	static,ignoring_inline_asm
../Core/Src/main.c:143:9:poll_i2c_sensor	32	static
../Core/Src/main.c:178:10:i2c	24	static
../Core/Src/main.c:197:6:do_auto_sweep	4	static
../Core/Src/main.c:224:10:spi	24	static
../Core/Src/main.c:241:6:set_erpa_sweep	8	static
../Core/Src/main.c:253:11:erpa_adc	24	static
../Core/Src/main.c:279:11:hk_adc1	32	static
../Core/Src/main.c:316:11:hk_adc3	24	static
../Core/Src/main.c:344:6:send_erpa_packet	32	static
../Core/Src/main.c:373:6:send_hk_packet	64	static
../Core/Src/main.c:429:6:send_pmt_packet	24	static
../Core/Src/main.c:446:6:HAL_TIM_OC_DelayElapsedCallback	168	static
../Core/Src/main.c:503:6:HAL_UART_RxCpltCallback	24	static
../Core/Src/main.c:685:5:main	8	static
../Core/Src/main.c:764:6:SystemClock_Config	120	static
../Core/Src/main.c:827:6:PeriphCommonClock_Config	200	static
../Core/Src/main.c:854:13:MX_ADC1_Init	48	static
../Core/Src/main.c:1039:13:MX_ADC3_Init	40	static
../Core/Src/main.c:1115:13:MX_DAC1_Init	48	static
../Core/Src/main.c:1165:13:MX_I2C1_Init	8	static
../Core/Src/main.c:1213:13:MX_SPI1_Init	8	static
../Core/Src/main.c:1261:13:MX_SPI2_Init	8	static
../Core/Src/main.c:1309:13:MX_TIM1_Init	96	static
../Core/Src/main.c:1379:13:MX_TIM2_Init	48	static
../Core/Src/main.c:1428:13:MX_USART1_UART_Init	8	static
../Core/Src/main.c:1474:13:MX_DMA_Init	16	static
../Core/Src/main.c:1495:13:MX_GPIO_Init	56	static
../Core/Src/main.c:1552:6:HAL_ADC_ConvHalfCpltCallback	48	static,ignoring_inline_asm
../Core/Src/main.c:1571:6:HAL_ADC_ConvCpltCallback	48	static,ignoring_inline_asm
../Core/Src/main.c:1590:6:Error_Handler	4	static,ignoring_inline_asm
