Archive member included to satisfy reference by file (symbol)

c:/st/stm32cubeide_1.12.0/stm32cubeide/plugins/com.st.stm32cube.ide.mcu.externaltools.gnu-tools-for-stm32.10.3-2021.10.win32_1.0.200.202301161003/tools/bin/../lib/gcc/arm-none-eabi/10.3.1/../../../../arm-none-eabi/lib/thumb/v7e-m+dp/hard\libc_nano.a(lib_a-errno.o)
                              ./Core/Src/syscalls.o (__errno)
c:/st/stm32cubeide_1.12.0/stm32cubeide/plugins/com.st.stm32cube.ide.mcu.externaltools.gnu-tools-for-stm32.10.3-2021.10.win32_1.0.200.202301161003/tools/bin/../lib/gcc/arm-none-eabi/10.3.1/../../../../arm-none-eabi/lib/thumb/v7e-m+dp/hard\libc_nano.a(lib_a-exit.o)
                              c:/st/stm32cubeide_1.12.0/stm32cubeide/plugins/com.st.stm32cube.ide.mcu.externaltools.gnu-tools-for-stm32.10.3-2021.10.win32_1.0.200.202301161003/tools/bin/../lib/gcc/arm-none-eabi/10.3.1/../../../../arm-none-eabi/lib/thumb/v7e-m+dp/hard/crt0.o (exit)
c:/st/stm32cubeide_1.12.0/stm32cubeide/plugins/com.st.stm32cube.ide.mcu.externaltools.gnu-tools-for-stm32.10.3-2021.10.win32_1.0.200.202301161003/tools/bin/../lib/gcc/arm-none-eabi/10.3.1/../../../../arm-none-eabi/lib/thumb/v7e-m+dp/hard\libc_nano.a(lib_a-impure.o)
                              c:/st/stm32cubeide_1.12.0/stm32cubeide/plugins/com.st.stm32cube.ide.mcu.externaltools.gnu-tools-for-stm32.10.3-2021.10.win32_1.0.200.202301161003/tools/bin/../lib/gcc/arm-none-eabi/10.3.1/../../../../arm-none-eabi/lib/thumb/v7e-m+dp/hard\libc_nano.a(lib_a-exit.o) (_global_impure_ptr)
c:/st/stm32cubeide_1.12.0/stm32cubeide/plugins/com.st.stm32cube.ide.mcu.externaltools.gnu-tools-for-stm32.10.3-2021.10.win32_1.0.200.202301161003/tools/bin/../lib/gcc/arm-none-eabi/10.3.1/../../../../arm-none-eabi/lib/thumb/v7e-m+dp/hard\libc_nano.a(lib_a-init.o)
                              c:/st/stm32cubeide_1.12.0/stm32cubeide/plugins/com.st.stm32cube.ide.mcu.externaltools.gnu-tools-for-stm32.10.3-2021.10.win32_1.0.200.202301161003/tools/bin/../lib/gcc/arm-none-eabi/10.3.1/../../../../arm-none-eabi/lib/thumb/v7e-m+dp/hard/crt0.o (__libc_init_array)
c:/st/stm32cubeide_1.12.0/stm32cubeide/plugins/com.st.stm32cube.ide.mcu.externaltools.gnu-tools-for-stm32.10.3-2021.10.win32_1.0.200.202301161003/tools/bin/../lib/gcc/arm-none-eabi/10.3.1/../../../../arm-none-eabi/lib/thumb/v7e-m+dp/hard\libc_nano.a(lib_a-memset.o)
                              c:/st/stm32cubeide_1.12.0/stm32cubeide/plugins/com.st.stm32cube.ide.mcu.externaltools.gnu-tools-for-stm32.10.3-2021.10.win32_1.0.200.202301161003/tools/bin/../lib/gcc/arm-none-eabi/10.3.1/../../../../arm-none-eabi/lib/thumb/v7e-m+dp/hard/crt0.o (memset)
c:/st/stm32cubeide_1.12.0/stm32cubeide/plugins/com.st.stm32cube.ide.mcu.externaltools.gnu-tools-for-stm32.10.3-2021.10.win32_1.0.200.202301161003/tools/bin/../lib/gcc/arm-none-eabi/10.3.1/thumb/v7e-m+dp/hard\libgcc.a(_aeabi_uldivmod.o)
                              ./Drivers/STM32H7xx_HAL_Driver/Src/stm32h7xx_hal_uart.o (__aeabi_uldivmod)
c:/st/stm32cubeide_1.12.0/stm32cubeide/plugins/com.st.stm32cube.ide.mcu.externaltools.gnu-tools-for-stm32.10.3-2021.10.win32_1.0.200.202301161003/tools/bin/../lib/gcc/arm-none-eabi/10.3.1/thumb/v7e-m+dp/hard\libgcc.a(_udivmoddi4.o)
                              c:/st/stm32cubeide_1.12.0/stm32cubeide/plugins/com.st.stm32cube.ide.mcu.externaltools.gnu-tools-for-stm32.10.3-2021.10.win32_1.0.200.202301161003/tools/bin/../lib/gcc/arm-none-eabi/10.3.1/thumb/v7e-m+dp/hard\libgcc.a(_aeabi_uldivmod.o) (__udivmoddi4)
c:/st/stm32cubeide_1.12.0/stm32cubeide/plugins/com.st.stm32cube.ide.mcu.externaltools.gnu-tools-for-stm32.10.3-2021.10.win32_1.0.200.202301161003/tools/bin/../lib/gcc/arm-none-eabi/10.3.1/thumb/v7e-m+dp/hard\libgcc.a(_dvmd_tls.o)
                              c:/st/stm32cubeide_1.12.0/stm32cubeide/plugins/com.st.stm32cube.ide.mcu.externaltools.gnu-tools-for-stm32.10.3-2021.10.win32_1.0.200.202301161003/tools/bin/../lib/gcc/arm-none-eabi/10.3.1/thumb/v7e-m+dp/hard\libgcc.a(_aeabi_uldivmod.o) (__aeabi_ldiv0)

Discarded input sections

 .text          0x0000000000000000        0x0 c:/st/stm32cubeide_1.12.0/stm32cubeide/plugins/com.st.stm32cube.ide.mcu.externaltools.gnu-tools-for-stm32.10.3-2021.10.win32_1.0.200.202301161003/tools/bin/../lib/gcc/arm-none-eabi/10.3.1/thumb/v7e-m+dp/hard/crti.o
 .data          0x0000000000000000        0x0 c:/st/stm32cubeide_1.12.0/stm32cubeide/plugins/com.st.stm32cube.ide.mcu.externaltools.gnu-tools-for-stm32.10.3-2021.10.win32_1.0.200.202301161003/tools/bin/../lib/gcc/arm-none-eabi/10.3.1/thumb/v7e-m+dp/hard/crti.o
 .bss           0x0000000000000000        0x0 c:/st/stm32cubeide_1.12.0/stm32cubeide/plugins/com.st.stm32cube.ide.mcu.externaltools.gnu-tools-for-stm32.10.3-2021.10.win32_1.0.200.202301161003/tools/bin/../lib/gcc/arm-none-eabi/10.3.1/thumb/v7e-m+dp/hard/crti.o
[...]
Memory Configuration

Name             Origin             Length             Attributes
FLASH            0x0000000008000000 0x0000000000200000 xr
DTCMRAM          0x0000000020000000 0x0000000000020000 xrw
RAM_D1           0x0000000024000000 0x0000000000080000 xrw
RAM_D2           0x0000000030000000 0x0000000000048000 xrw
RAM_D3           0x0000000038000000 0x0000000000010000 xrw
ITCMRAM          0x0000000000000000 0x0000000000010000 xrw
*default*        0x0000000000000000 0xffffffffffffffff

Linker script and memory map

LOAD c:/st/stm32cubeide_1.12.0/stm32cubeide/plugins/com.st.stm32cube.ide.mcu.externaltools.gnu-tools-for-stm32.10.3-2021.10.win32_1.0.200.202301161003/tools/bin/../lib/gcc/arm-none-eabi/10.3.1/thumb/v7e-m+dp/hard/crti.o
LOAD c:/st/stm32cubeide_1.12.0/stm32cubeide/plugins/com.st.stm32cube.ide.mcu.externaltools.gnu-tools-for-stm32.10.3-2021.10.win32_1.0.200.202301161003/tools/bin/../lib/gcc/arm-none-eabi/10.3.1/thumb/v7e-m+dp/hard/crtbegin.o
LOAD c:/st/stm32cubeide_1.12.0/stm32cubeide/plugins/com.st.stm32cube.ide.mcu.externaltools.gnu-tools-for-stm32.10.3-2021.10.win32_1.0.200.202301161003/tools/bin/../lib/gcc/arm-none-eabi/10.3.1/../../../../arm-none-eabi/lib/thumb/v7e-m+dp/hard/crt0.o
LOAD ./Core/Src/main.o
LOAD ./Core/Src/stm32h7xx_hal_msp.o
LOAD ./Core/Src/stm32h7xx_it.o
LOAD ./Core/Src/syscalls.o
LOAD ./Core/Src/sysmem.o
LOAD ./Core/Src/system_stm32h7xx.o
LOAD ./Core/Startup/startup_stm32h753zitx.o
LOAD ./Drivers/STM32H7xx_HAL_Driver/Src/stm32h7xx_hal.o
LOAD ./Drivers/STM32H7xx_HAL_Driver/Src/stm32h7xx_hal_adc.o
LOAD ./Drivers/STM32H7xx_HAL_Driver/Src/stm32h7xx_hal_adc_ex.o
LOAD ./Drivers/STM32H7xx_HAL_Driver/Src/stm32h7xx_hal_cortex.o
LOAD ./Drivers/STM32H7xx_HAL_Driver/Src/stm32h7xx_hal_dac.o
LOAD ./Drivers/STM32H7xx_HAL_Driver/Src/stm32h7xx_hal_dac_ex.o
LOAD ./Drivers/STM32H7xx_HAL_Driver/Src/stm32h7xx_hal_dma.o
LOAD ./Drivers/STM32H7xx_HAL_Driver/Src/stm32h7xx_hal_dma_ex.o
LOAD ./Drivers/STM32H7xx_HAL_Driver/Src/stm32h7xx_hal_exti.o
LOAD ./Drivers/STM32H7xx_HAL_Driver/Src/stm32h7xx_hal_flash.o
LOAD ./Drivers/STM32H7xx_HAL_Driver/Src/stm32h7xx_hal_flash_ex.o
LOAD ./Drivers/STM32H7xx_HAL_Driver/Src/stm32h7xx_hal_gpio.o
LOAD ./Drivers/STM32H7xx_HAL_Driver/Src/stm32h7xx_hal_hsem.o
LOAD ./Drivers/STM32H7xx_HAL_Driver/Src/stm32h7xx_hal_i2c.o
LOAD ./Drivers/STM32H7xx_HAL_Driver/Src/stm32h7xx_hal_i2c_ex.o
LOAD ./Drivers/STM32H7xx_HAL_Driver/Src/stm32h7xx_hal_mdma.o
LOAD ./Drivers/STM32H7xx_HAL_Driver/Src/stm32h7xx_hal_pwr.o
LOAD ./Drivers/STM32H7xx_HAL_Driver/Src/stm32h7xx_hal_pwr_ex.o
LOAD ./Drivers/STM32H7xx_HAL_Driver/Src/stm32h7xx_hal_rcc.o
LOAD ./Drivers/STM32H7xx_HAL_Driver/Src/stm32h7xx_hal_rcc_ex.o
LOAD ./Drivers/STM32H7xx_HAL_Driver/Src/stm32h7xx_hal_spi.o
LOAD ./Drivers/STM32H7xx_HAL_Driver/Src/stm32h7xx_hal_spi_ex.o
LOAD ./Drivers/STM32H7xx_HAL_Driver/Src/stm32h7xx_hal_tim.o
LOAD ./Drivers/STM32H7xx_HAL_Driver/Src/stm32h7xx_hal_tim_ex.o
LOAD ./Drivers/STM32H7xx_HAL_Driver/Src/stm32h7xx_hal_uart.o
LOAD ./Drivers/STM32H7xx_HAL_Driver/Src/stm32h7xx_hal_uart_ex.o
START GROUP
LOAD c:/st/stm32cubeide_1.12.0/stm32cubeide/plugins/com.st.stm32cube.ide.mcu.externaltools.gnu-tools-for-stm32.10.3-2021.10.win32_1.0.200.202301161003/tools/bin/../lib/gcc/arm-none-eabi/10.3.1/../../../../arm-none-eabi/lib/thumb/v7e-m+dp/hard\libc_nano.a
LOAD c:/st/stm32cubeide_1.12.0/stm32cubeide/plugins/com.st.stm32cube.ide.mcu.externaltools.gnu-tools-for-stm32.10.3-2021.10.win32_1.0.200.202301161003/tools/bin/../lib/gcc/arm-none-eabi/10.3.1/../../../../arm-none-eabi/lib/thumb/v7e-m+dp/hard\libm.a
END GROUP
START GROUP
LOAD c:/st/stm32cubeide_1.12.0/stm32cubeide/plugins/com.st.stm32cube.ide.mcu.externaltools.gnu-tools-for-stm32.10.3-2021.10.win32_1.0.200.202301161003/tools/bin/../lib/gcc/arm-none-eabi/10.3.1/thumb/v7e-m+dp/hard\libgcc.a
LOAD c:/st/stm32cubeide_1.12.0/stm32cubeide/plugins/com.st.stm32cube.ide.mcu.externaltools.gnu-tools-for-stm32.10.3-2021.10.win32_1.0.200.202301161003/tools/bin/../lib/gcc/arm-none-eabi/10.3.1/../../../../arm-none-eabi/lib/thumb/v7e-m+dp/hard\libc_nano.a
END GROUP
START GROUP
LOAD c:/st/stm32cubeide_1.12.0/stm32cubeide/plugins/com.st.stm32cube.ide.mcu.externaltools.gnu-tools-for-stm32.10.3-2021.10.win32_1.0.200.202301161003/tools/bin/../lib/gcc/arm-none-eabi/10.3.1/thumb/v7e-m+dp/hard\libgcc.a
LOAD c:/st/stm32cubeide_1.12.0/stm32cubeide/plugins/com.st.stm32cube.ide.mcu.externaltools.gnu-tools-for-stm32.10.3-2021.10.win32_1.0.200.202301161003/tools/bin/../lib/gcc/arm-none-eabi/10.3.1/../../../../arm-none-eabi/lib/thumb/v7e-m+dp/hard\libc_nano.a
LOAD c:/st/stm32cubeide_1.12.0/stm32cubeide/plugins/com.st.stm32cube.ide.mcu.externaltools.gnu-tools-for-stm32.10.3-2021.10.win32_1.0.200.202301161003/tools/bin/../lib/gcc/arm-none-eabi/10.3.1/../../../../arm-none-eabi/lib/thumb/v7e-m+dp/hard\libnosys.a
END GROUP
START GROUP
LOAD c:/st/stm32cubeide_1.12.0/stm32cubeide/plugins/com.st.stm32cube.ide.mcu.externaltools.gnu-tools-for-stm32.10.3-2021.10.win32_1.0.200.202301161003/tools/bin/../lib/gcc/arm-none-eabi/10.3.1/thumb/v7e-m+dp/hard\libgcc.a
LOAD c:/st/stm32cubeide_1.12.0/stm32cubeide/plugins/com.st.stm32cube.ide.mcu.externaltools.gnu-tools-for-stm32.10.3-2021.10.win32_1.0.200.202301161003/tools/bin/../lib/gcc/arm-none-eabi/10.3.1/../../../../arm-none-eabi/lib/thumb/v7e-m+dp/hard\libc_nano.a
LOAD c:/st/stm32cubeide_1.12.0/stm32cubeide/plugins/com.st.stm32cube.ide.mcu.externaltools.gnu-tools-for-stm32.10.3-2021.10.win32_1.0.200.202301161003/tools/bin/../lib/gcc/arm-none-eabi/10.3.1/../../../../arm-none-eabi/lib/thumb/v7e-m+dp/hard\libnosys.a
END GROUP
LOAD c:/st/stm32cubeide_1.12.0/stm32cubeide/plugins/com.st.stm32cube.ide.mcu.externaltools.gnu-tools-for-stm32.10.3-2021.10.win32_1.0.200.202301161003/tools/bin/../lib/gcc/arm-none-eabi/10.3.1/thumb/v7e-m+dp/hard/crtend.o
LOAD c:/st/stm32cubeide_1.12.0/stm32cubeide/plugins/com.st.stm32cube.ide.mcu.externaltools.gnu-tools-for-stm32.10.3-2021.10.win32_1.0.200.202301161003/tools/bin/../lib/gcc/arm-none-eabi/10.3.1/thumb/v7e-m+dp/hard/crtn.o
                0x0000000024080000                _estack = (ORIGIN (RAM_D1) + LENGTH (RAM_D1))
                0x0000000000000200                _Min_Heap_Size = 0x200
                0x0000000000000400                _Min_Stack_Size = 0x400

.isr_vector     0x0000000008000000      0x298
                0x0000000008000000                . = ALIGN (0x4)
 *(.isr_vector)
 .isr_vector    0x0000000008000000      0x298 ./Core/Startup/startup_stm32h753zitx.o
                0x0000000008000000                g_pfnVectors
                0x0000000008000298                . = ALIGN (0x4)

.text           0x0000000008000298     0xdcf4
                0x0000000008000298                . = ALIGN (0x4)
 *(.text)
 .text          0x0000000008000298       0x40 c:/st/stm32cubeide_1.12.0/stm32cubeide/plugins/com.st.stm32cube.ide.mcu.externaltools.gnu-tools-for-stm32.10.3-2021.10.win32_1.0.200.202301161003/tools/bin/../lib/gcc/arm-none-eabi/10.3.1/thumb/v7e-m+dp/hard/crtbegin.o
 .text          0x00000000080002d8       0x30 c:/st/stm32cubeide_1.12.0/stm32cubeide/plugins/com.st.stm32cube.ide.mcu.externaltools.gnu-tools-for-stm32.10.3-2021.10.win32_1.0.200.202301161003/tools/bin/../lib/gcc/arm-none-eabi/10.3.1/thumb/v7e-m+dp/hard\libgcc.a(_aeabi_uldivmod.o)
                0x00000000080002d8                __aeabi_uldivmod
 .text          0x0000000008000308      0x2d0 c:/st/stm32cubeide_1.12.0/stm32cubeide/plugins/com.st.stm32cube.ide.mcu.externaltools.gnu-tools-for-stm32.10.3-2021.10.win32_1.0.200.202301161003/tools/bin/../lib/gcc/arm-none-eabi/10.3.1/thumb/v7e-m+dp/hard\libgcc.a(_udivmoddi4.o)
                0x0000000008000308                __udivmoddi4
 .text          0x00000000080005d8        0x4 c:/st/stm32cubeide_1.12.0/stm32cubeide/plugins/com.st.stm32cube.ide.mcu.externaltools.gnu-tools-for-stm32.10.3-2021.10.win32_1.0.200.202301161003/tools/bin/../lib/gcc/arm-none-eabi/10.3.1/thumb/v7e-m+dp/hard\libgcc.a(_dvmd_tls.o)
                0x00000000080005d8                __aeabi_idiv0
                0x00000000080005d8                __aeabi_ldiv0
 *(.text*)
 .text.__NVIC_SystemReset
                0x00000000080005dc       0x2c ./Core/Src/main.o
 .text.HAL_TIM_OC_DelayElapsedCallback
                0x0000000008000608      0x68c ./Core/Src/main.o
                0x0000000008000608                HAL_TIM_OC_DelayElapsedCallback
 .text.HAL_UART_RxCpltCallback
                0x0000000008000c94      0x268 ./Core/Src/main.o
                0x0000000008000c94                HAL_UART_RxCpltCallback
 .text.main     0x0000000008000efc       0xf0 ./Core/Src/main.o
                0x0000000008000efc                main
 .text.SystemClock_Config
                0x0000000008000fec      0x10c ./Core/Src/main.o
                0x0000000008000fec                SystemClock_Config
 .text.PeriphCommonClock_Config
                0x00000000080010f8       0x5a ./Core/Src/main.o
                0x00000000080010f8                PeriphCommonClock_Config
 *fill*         0x0000000008001152        0x2 
 .text.MX_ADC1_Init
                0x0000000008001154      0x284 ./Core/Src/main.o
 .text.MX_ADC3_Init
                0x00000000080013d8      0x124 ./Core/Src/main.o
 .text.MX_DAC1_Init
                0x00000000080014fc       0x64 ./Core/Src/main.o
 .text.MX_I2C1_Init
                0x0000000008001560       0x80 ./Core/Src/main.o
 .text.MX_SPI1_Init
                0x00000000080015e0       0xb0 ./Core/Src/main.o
 .text.MX_SPI2_Init
                0x0000000008001690       0xb0 ./Core/Src/main.o
 .text.MX_TIM1_Init
                0x0000000008001740      0x120 ./Core/Src/main.o
 .text.MX_TIM2_Init
                0x0000000008001860       0xb4 ./Core/Src/main.o
 .text.MX_USART1_UART_Init
                0x0000000008001914       0x98 ./Core/Src/main.o
 .text.MX_DMA_Init
                0x00000000080019ac       0x50 ./Core/Src/main.o
 .text.MX_GPIO_Init
                0x00000000080019fc      0x17c ./Core/Src/main.o
 .text.Error_Handler
                0x0000000008001b78        0xa ./Core/Src/main.o
                0x0000000008001b78                Error_Handler
 *fill*         0x0000000008001b82        0x2 
 .text.HAL_MspInit
                0x0000000008001b84       0x34 ./Core/Src/stm32h7xx_hal_msp.o
                0x0000000008001b84                HAL_MspInit
 .text.HAL_ADC_MspInit
                0x0000000008001bb8      0x260 ./Core/Src/stm32h7xx_hal_msp.o
                0x0000000008001bb8                HAL_ADC_MspInit
 .text.HAL_DAC_MspInit
                0x0000000008001e18       0x8c ./Core/Src/stm32h7xx_hal_msp.o
                0x0000000008001e18                HAL_DAC_MspInit
 .text.HAL_I2C_MspInit
                0x0000000008001ea4       0xcc ./Core/Src/stm32h7xx_hal_msp.o
                0x0000000008001ea4                HAL_I2C_MspInit
 .text.HAL_SPI_MspInit
                0x0000000008001f70      0x160 ./Core/Src/stm32h7xx_hal_msp.o
                0x0000000008001f70                HAL_SPI_MspInit
 .text.HAL_TIM_PWM_MspInit
                0x00000000080020d0       0xbc ./Core/Src/stm32h7xx_hal_msp.o
                0x00000000080020d0                HAL_TIM_PWM_MspInit
 .text.HAL_TIM_MspPostInit
                0x000000000800218c       0xc8 ./Core/Src/stm32h7xx_hal_msp.o
                0x000000000800218c                HAL_TIM_MspPostInit
 .text.HAL_UART_MspInit
                0x0000000008002254       0xcc ./Core/Src/stm32h7xx_hal_msp.o
                0x0000000008002254                HAL_UART_MspInit
 .text.NMI_Handler
                0x0000000008002320        0x6 ./Core/Src/stm32h7xx_it.o
                0x0000000008002320                NMI_Handler
 .text.HardFault_Handler
                0x0000000008002326        0x6 ./Core/Src/stm32h7xx_it.o
                0x0000000008002326                HardFault_Handler
 .text.MemManage_Handler
                0x000000000800232c        0x6 ./Core/Src/stm32h7xx_it.o
                0x000000000800232c                MemManage_Handler
 .text.BusFault_Handler
                0x0000000008002332        0x6 ./Core/Src/stm32h7xx_it.o
                0x0000000008002332                BusFault_Handler
 .text.UsageFault_Handler
                0x0000000008002338        0x6 ./Core/Src/stm32h7xx_it.o
                0x0000000008002338                UsageFault_Handler
 .text.SVC_Handler
                0x000000000800233e        0xe ./Core/Src/stm32h7xx_it.o
                0x000000000800233e                SVC_Handler
 .text.DebugMon_Handler
                0x000000000800234c        0xe ./Core/Src/stm32h7xx_it.o
                0x000000000800234c                DebugMon_Handler
 .text.PendSV_Handler
                0x000000000800235a        0xe ./Core/Src/stm32h7xx_it.o
                0x000000000800235a                PendSV_Handler
 .text.SysTick_Handler
                0x0000000008002368        0xc ./Core/Src/stm32h7xx_it.o
                0x0000000008002368                SysTick_Handler
 .text.DMA1_Stream0_IRQHandler
                0x0000000008002374       0x14 ./Core/Src/stm32h7xx_it.o
                0x0000000008002374                DMA1_Stream0_IRQHandler
 .text.DMA1_Stream1_IRQHandler
                0x0000000008002388       0x14 ./Core/Src/stm32h7xx_it.o
                0x0000000008002388                DMA1_Stream1_IRQHandler
 .text.TIM1_BRK_IRQHandler
                0x000000000800239c       0x14 ./Core/Src/stm32h7xx_it.o
                0x000000000800239c                TIM1_BRK_IRQHandler
 .text.TIM1_UP_IRQHandler
                0x00000000080023b0       0x14 ./Core/Src/stm32h7xx_it.o
                0x00000000080023b0                TIM1_UP_IRQHandler
 .text.TIM1_TRG_COM_IRQHandler
                0x00000000080023c4       0x14 ./Core/Src/stm32h7xx_it.o
                0x00000000080023c4                TIM1_TRG_COM_IRQHandler
 .text.TIM1_CC_IRQHandler
                0x00000000080023d8       0x14 ./Core/Src/stm32h7xx_it.o
                0x00000000080023d8                TIM1_CC_IRQHandler
 .text.TIM2_IRQHandler
                0x00000000080023ec       0x14 ./Core/Src/stm32h7xx_it.o
                0x00000000080023ec                TIM2_IRQHandler
 .text.SystemInit
                0x0000000008002400      0x110 ./Core/Src/system_stm32h7xx.o
                0x0000000008002400                SystemInit
 .text.Reset_Handler
                0x0000000008002510       0x50 ./Core/Startup/startup_stm32h753zitx.o
                0x0000000008002510                Reset_Handler
 .text.Default_Handler
                0x0000000008002560        0x2 ./Core/Startup/startup_stm32h753zitx.o
                0x0000000008002560                RTC_Alarm_IRQHandler
                0x0000000008002560                HASH_RNG_IRQHandler
                0x0000000008002560                EXTI2_IRQHandler
                0x0000000008002560                TIM8_CC_IRQHandler
                0x0000000008002560                HRTIM1_Master_IRQHandler
                0x0000000008002560                UART8_IRQHandler
                0x0000000008002560                SPI4_IRQHandler
                0x0000000008002560                BDMA_Channel6_IRQHandler
                0x0000000008002560                DMA2_Stream5_IRQHandler
                0x0000000008002560                HRTIM1_FLT_IRQHandler
                0x0000000008002560                JPEG_IRQHandler
                0x0000000008002560                DMA1_Stream5_IRQHandler
                0x0000000008002560                BDMA_Channel1_IRQHandler
                0x0000000008002560                HRTIM1_TIMD_IRQHandler
                0x0000000008002560                TAMP_STAMP_IRQHandler
                0x0000000008002560                EXTI3_IRQHandler
                0x0000000008002560                LPTIM4_IRQHandler
                0x0000000008002560                TIM8_TRG_COM_TIM14_IRQHandler
                0x0000000008002560                LPTIM2_IRQHandler
                0x0000000008002560                DFSDM1_FLT1_IRQHandler
                0x0000000008002560                DMAMUX2_OVR_IRQHandler
                0x0000000008002560                TIM8_UP_TIM13_IRQHandler
                0x0000000008002560                I2C3_ER_IRQHandler
                0x0000000008002560                DFSDM1_FLT2_IRQHandler
                0x0000000008002560                MDMA_IRQHandler
                0x0000000008002560                LPTIM3_IRQHandler
                0x0000000008002560                HSEM1_IRQHandler
                0x0000000008002560                EXTI0_IRQHandler
                0x0000000008002560                I2C2_EV_IRQHandler
                0x0000000008002560                DMA1_Stream2_IRQHandler
                0x0000000008002560                FPU_IRQHandler
                0x0000000008002560                OTG_HS_WKUP_IRQHandler
                0x0000000008002560                FDCAN1_IT1_IRQHandler
                0x0000000008002560                LTDC_ER_IRQHandler
                0x0000000008002560                DMA2_Stream2_IRQHandler
                0x0000000008002560                HRTIM1_TIME_IRQHandler
                0x0000000008002560                SPI1_IRQHandler
                0x0000000008002560                TIM6_DAC_IRQHandler
                0x0000000008002560                DCMI_IRQHandler
                0x0000000008002560                HRTIM1_TIMC_IRQHandler
                0x0000000008002560                DMA2_Stream3_IRQHandler
                0x0000000008002560                SAI2_IRQHandler
                0x0000000008002560                DFSDM1_FLT3_IRQHandler
                0x0000000008002560                USART6_IRQHandler
                0x0000000008002560                TIM17_IRQHandler
                0x0000000008002560                USART3_IRQHandler
                0x0000000008002560                BDMA_Channel7_IRQHandler
                0x0000000008002560                CRYP_IRQHandler
                0x0000000008002560                LPTIM5_IRQHandler
                0x0000000008002560                UART5_IRQHandler
                0x0000000008002560                ADC3_IRQHandler
                0x0000000008002560                DMA2_Stream0_IRQHandler
                0x0000000008002560                TIM4_IRQHandler
                0x0000000008002560                BDMA_Channel2_IRQHandler
                0x0000000008002560                QUADSPI_IRQHandler
                0x0000000008002560                I2C1_EV_IRQHandler
                0x0000000008002560                DMA1_Stream6_IRQHandler
                0x0000000008002560                DMAMUX1_OVR_IRQHandler
                0x0000000008002560                TIM16_IRQHandler
                0x0000000008002560                UART4_IRQHandler
                0x0000000008002560                BDMA_Channel5_IRQHandler
                0x0000000008002560                TIM3_IRQHandler
                0x0000000008002560                RCC_IRQHandler
                0x0000000008002560                TIM8_BRK_TIM12_IRQHandler
                0x0000000008002560                Default_Handler
                0x0000000008002560                ECC_IRQHandler
                0x0000000008002560                CEC_IRQHandler
                0x0000000008002560                EXTI15_10_IRQHandler
                0x0000000008002560                BDMA_Channel0_IRQHandler
                0x0000000008002560                ADC_IRQHandler
                0x0000000008002560                DMA1_Stream7_IRQHandler
                0x0000000008002560                HRTIM1_TIMA_IRQHandler
                0x0000000008002560                SPI5_IRQHandler
                0x0000000008002560                TIM7_IRQHandler
                0x0000000008002560                SDMMC1_IRQHandler
                0x0000000008002560                TIM5_IRQHandler
                0x0000000008002560                DMA2_Stream7_IRQHandler
                0x0000000008002560                TIM15_IRQHandler
                0x0000000008002560                PVD_AVD_IRQHandler
                0x0000000008002560                I2C3_EV_IRQHandler
                0x0000000008002560                EXTI9_5_IRQHandler
                0x0000000008002560                RTC_WKUP_IRQHandler
                0x0000000008002560                LTDC_IRQHandler
                0x0000000008002560                SAI3_IRQHandler
                0x0000000008002560                ETH_WKUP_IRQHandler
                0x0000000008002560                SPDIF_RX_IRQHandler
                0x0000000008002560                SPI2_IRQHandler
                0x0000000008002560                OTG_HS_EP1_IN_IRQHandler
                0x0000000008002560                CRS_IRQHandler
                0x0000000008002560                EXTI4_IRQHandler
                0x0000000008002560                HRTIM1_TIMB_IRQHandler
                0x0000000008002560                FDCAN2_IT1_IRQHandler
                0x0000000008002560                ETH_IRQHandler
                0x0000000008002560                BDMA_Channel4_IRQHandler
                0x0000000008002560                OTG_HS_EP1_OUT_IRQHandler
                0x0000000008002560                WWDG_IRQHandler
                0x0000000008002560                SPI6_IRQHandler
                0x0000000008002560                MDIOS_IRQHandler
                0x0000000008002560                I2C4_EV_IRQHandler
                0x0000000008002560                FDCAN2_IT0_IRQHandler
                0x0000000008002560                LPUART1_IRQHandler
                0x0000000008002560                FDCAN1_IT0_IRQHandler
                0x0000000008002560                OTG_FS_WKUP_IRQHandler
                0x0000000008002560                OTG_HS_IRQHandler
                0x0000000008002560                DMA2D_IRQHandler
                0x0000000008002560                EXTI1_IRQHandler
                0x0000000008002560                SDMMC2_IRQHandler
                0x0000000008002560                OTG_FS_EP1_OUT_IRQHandler
                0x0000000008002560                BDMA_Channel3_IRQHandler
                0x0000000008002560                UART7_IRQHandler
                0x0000000008002560                MDIOS_WKUP_IRQHandler
                0x0000000008002560                USART2_IRQHandler
                0x0000000008002560                DFSDM1_FLT0_IRQHandler
                0x0000000008002560                SAI4_IRQHandler
                0x0000000008002560                I2C2_ER_IRQHandler
                0x0000000008002560                DMA2_Stream1_IRQHandler
                0x0000000008002560                FLASH_IRQHandler
                0x0000000008002560                DMA2_Stream4_IRQHandler
                0x0000000008002560                USART1_IRQHandler
                0x0000000008002560                OTG_FS_IRQHandler
                0x0000000008002560                SPI3_IRQHandler
                0x0000000008002560                WAKEUP_PIN_IRQHandler
                0x0000000008002560                DMA1_Stream4_IRQHandler
                0x0000000008002560                OTG_FS_EP1_IN_IRQHandler
                0x0000000008002560                I2C1_ER_IRQHandler
                0x0000000008002560                FMC_IRQHandler
                0x0000000008002560                FDCAN_CAL_IRQHandler
                0x0000000008002560                SWPMI1_IRQHandler
                0x0000000008002560                COMP1_IRQHandler
                0x0000000008002560                LPTIM1_IRQHandler
                0x0000000008002560                I2C4_ER_IRQHandler
                0x0000000008002560                DMA2_Stream6_IRQHandler
                0x0000000008002560                SAI1_IRQHandler
                0x0000000008002560                DMA1_Stream3_IRQHandler
 *fill*         0x0000000008002562        0x2 
 .text.HAL_Init
                0x0000000008002564       0x78 ./Drivers/STM32H7xx_HAL_Driver/Src/stm32h7xx_hal.o
                0x0000000008002564                HAL_Init
 .text.HAL_InitTick
                0x00000000080025dc       0x6c ./Drivers/STM32H7xx_HAL_Driver/Src/stm32h7xx_hal.o
                0x00000000080025dc                HAL_InitTick
 .text.HAL_IncTick
                0x0000000008002648       0x28 ./Drivers/STM32H7xx_HAL_Driver/Src/stm32h7xx_hal.o
                0x0000000008002648                HAL_IncTick
 .text.HAL_GetTick
                0x0000000008002670       0x18 ./Drivers/STM32H7xx_HAL_Driver/Src/stm32h7xx_hal.o
                0x0000000008002670                HAL_GetTick
 .text.HAL_Delay
                0x0000000008002688       0x48 ./Drivers/STM32H7xx_HAL_Driver/Src/stm32h7xx_hal.o
                0x0000000008002688                HAL_Delay
 .text.HAL_SuspendTick
                0x00000000080026d0       0x20 ./Drivers/STM32H7xx_HAL_Driver/Src/stm32h7xx_hal.o
                0x00000000080026d0                HAL_SuspendTick
 .text.HAL_GetREVID
                0x00000000080026f0       0x18 ./Drivers/STM32H7xx_HAL_Driver/Src/stm32h7xx_hal.o
                0x00000000080026f0                HAL_GetREVID
 .text.HAL_SYSCFG_AnalogSwitchConfig
                0x0000000008002708       0x2c ./Drivers/STM32H7xx_HAL_Driver/Src/stm32h7xx_hal.o
                0x0000000008002708                HAL_SYSCFG_AnalogSwitchConfig
 .text.LL_ADC_SetCommonClock
                0x0000000008002734       0x26 ./Drivers/STM32H7xx_HAL_Driver/Src/stm32h7xx_hal_adc.o
 .text.LL_ADC_SetCommonPathInternalCh
                0x000000000800275a       0x26 ./Drivers/STM32H7xx_HAL_Driver/Src/stm32h7xx_hal_adc.o
 .text.LL_ADC_GetCommonPathInternalCh
                0x0000000008002780       0x1c ./Drivers/STM32H7xx_HAL_Driver/Src/stm32h7xx_hal_adc.o
 .text.LL_ADC_SetOffset
                0x000000000800279c       0x40 ./Drivers/STM32H7xx_HAL_Driver/Src/stm32h7xx_hal_adc.o
 .text.LL_ADC_SetDataRightShift
                0x00000000080027dc       0x32 ./Drivers/STM32H7xx_HAL_Driver/Src/stm32h7xx_hal_adc.o
 .text.LL_ADC_SetOffsetSignedSaturation
                0x000000000800280e       0x36 ./Drivers/STM32H7xx_HAL_Driver/Src/stm32h7xx_hal_adc.o
 .text.LL_ADC_REG_IsTriggerSourceSWStart
                0x0000000008002844       0x26 ./Drivers/STM32H7xx_HAL_Driver/Src/stm32h7xx_hal_adc.o
 .text.LL_ADC_REG_SetSequencerRanks
                0x000000000800286a       0x58 ./Drivers/STM32H7xx_HAL_Driver/Src/stm32h7xx_hal_adc.o
 .text.LL_ADC_REG_SetDataTransferMode
                0x00000000080028c2       0x26 ./Drivers/STM32H7xx_HAL_Driver/Src/stm32h7xx_hal_adc.o
 .text.LL_ADC_SetChannelSamplingTime
                0x00000000080028e8       0x56 ./Drivers/STM32H7xx_HAL_Driver/Src/stm32h7xx_hal_adc.o
 *fill*         0x000000000800293e        0x2 
 .text.LL_ADC_SetChannelSingleDiff
                0x0000000008002940       0x48 ./Drivers/STM32H7xx_HAL_Driver/Src/stm32h7xx_hal_adc.o
 .text.LL_ADC_GetMultimode
                0x0000000008002988       0x1c ./Drivers/STM32H7xx_HAL_Driver/Src/stm32h7xx_hal_adc.o
 .text.LL_ADC_DisableDeepPowerDown
                0x00000000080029a4       0x24 ./Drivers/STM32H7xx_HAL_Driver/Src/stm32h7xx_hal_adc.o
 .text.LL_ADC_IsDeepPowerDownEnabled
                0x00000000080029c8       0x28 ./Drivers/STM32H7xx_HAL_Driver/Src/stm32h7xx_hal_adc.o
 .text.LL_ADC_EnableInternalRegulator
                0x00000000080029f0       0x28 ./Drivers/STM32H7xx_HAL_Driver/Src/stm32h7xx_hal_adc.o
 .text.LL_ADC_IsInternalRegulatorEnabled
                0x0000000008002a18       0x28 ./Drivers/STM32H7xx_HAL_Driver/Src/stm32h7xx_hal_adc.o
 .text.LL_ADC_Enable
                0x0000000008002a40       0x28 ./Drivers/STM32H7xx_HAL_Driver/Src/stm32h7xx_hal_adc.o
 .text.LL_ADC_IsEnabled
                0x0000000008002a68       0x26 ./Drivers/STM32H7xx_HAL_Driver/Src/stm32h7xx_hal_adc.o
 *fill*         0x0000000008002a8e        0x2 
 .text.LL_ADC_REG_StartConversion
                0x0000000008002a90       0x28 ./Drivers/STM32H7xx_HAL_Driver/Src/stm32h7xx_hal_adc.o
 .text.LL_ADC_REG_IsConversionOngoing
                0x0000000008002ab8       0x26 ./Drivers/STM32H7xx_HAL_Driver/Src/stm32h7xx_hal_adc.o
 .text.LL_ADC_INJ_IsConversionOngoing
                0x0000000008002ade       0x26 ./Drivers/STM32H7xx_HAL_Driver/Src/stm32h7xx_hal_adc.o
 .text.HAL_ADC_Init
                0x0000000008002b04      0x344 ./Drivers/STM32H7xx_HAL_Driver/Src/stm32h7xx_hal_adc.o
                0x0000000008002b04                HAL_ADC_Init
 .text.HAL_ADC_Start_DMA
                0x0000000008002e48      0x188 ./Drivers/STM32H7xx_HAL_Driver/Src/stm32h7xx_hal_adc.o
                0x0000000008002e48                HAL_ADC_Start_DMA
 .text.HAL_ADC_ConvCpltCallback
                0x0000000008002fd0       0x14 ./Drivers/STM32H7xx_HAL_Driver/Src/stm32h7xx_hal_adc.o
                0x0000000008002fd0                HAL_ADC_ConvCpltCallback
 .text.HAL_ADC_ConvHalfCpltCallback
                0x0000000008002fe4       0x14 ./Drivers/STM32H7xx_HAL_Driver/Src/stm32h7xx_hal_adc.o
                0x0000000008002fe4                HAL_ADC_ConvHalfCpltCallback
 .text.HAL_ADC_ErrorCallback
                0x0000000008002ff8       0x14 ./Drivers/STM32H7xx_HAL_Driver/Src/stm32h7xx_hal_adc.o
                0x0000000008002ff8                HAL_ADC_ErrorCallback
 .text.HAL_ADC_ConfigChannel
                0x000000000800300c      0x6a0 ./Drivers/STM32H7xx_HAL_Driver/Src/stm32h7xx_hal_adc.o
                0x000000000800300c                HAL_ADC_ConfigChannel
 .text.ADC_Enable
                0x00000000080036ac      0x114 ./Drivers/STM32H7xx_HAL_Driver/Src/stm32h7xx_hal_adc.o
                0x00000000080036ac                ADC_Enable
 .text.ADC_DMAConvCplt
                0x00000000080037c0       0xd8 ./Drivers/STM32H7xx_HAL_Driver/Src/stm32h7xx_hal_adc.o
                0x00000000080037c0                ADC_DMAConvCplt
 .text.ADC_DMAHalfConvCplt
                0x0000000008003898       0x1c ./Drivers/STM32H7xx_HAL_Driver/Src/stm32h7xx_hal_adc.o
                0x0000000008003898                ADC_DMAHalfConvCplt
 .text.ADC_DMAError
                0x00000000080038b4       0x34 ./Drivers/STM32H7xx_HAL_Driver/Src/stm32h7xx_hal_adc.o
                0x00000000080038b4                ADC_DMAError
 .text.ADC_ConfigureBoostMode
                0x00000000080038e8      0x214 ./Drivers/STM32H7xx_HAL_Driver/Src/stm32h7xx_hal_adc.o
                0x00000000080038e8                ADC_ConfigureBoostMode
 .text.LL_ADC_IsEnabled
                0x0000000008003afc       0x26 ./Drivers/STM32H7xx_HAL_Driver/Src/stm32h7xx_hal_adc_ex.o
 .text.LL_ADC_REG_IsConversionOngoing
                0x0000000008003b22       0x26 ./Drivers/STM32H7xx_HAL_Driver/Src/stm32h7xx_hal_adc_ex.o
 .text.HAL_ADCEx_MultiModeConfigChannel
                0x0000000008003b48      0x1bc ./Drivers/STM32H7xx_HAL_Driver/Src/stm32h7xx_hal_adc_ex.o
                0x0000000008003b48                HAL_ADCEx_MultiModeConfigChannel
 .text.__NVIC_SetPriorityGrouping
                0x0000000008003d04       0x48 ./Drivers/STM32H7xx_HAL_Driver/Src/stm32h7xx_hal_cortex.o
 .text.__NVIC_GetPriorityGrouping
                0x0000000008003d4c       0x1c ./Drivers/STM32H7xx_HAL_Driver/Src/stm32h7xx_hal_cortex.o
 .text.__NVIC_EnableIRQ
                0x0000000008003d68       0x3c ./Drivers/STM32H7xx_HAL_Driver/Src/stm32h7xx_hal_cortex.o
 .text.__NVIC_SetPriority
                0x0000000008003da4       0x54 ./Drivers/STM32H7xx_HAL_Driver/Src/stm32h7xx_hal_cortex.o
 .text.NVIC_EncodePriority
                0x0000000008003df8       0x66 ./Drivers/STM32H7xx_HAL_Driver/Src/stm32h7xx_hal_cortex.o
 *fill*         0x0000000008003e5e        0x2 
 .text.SysTick_Config
                0x0000000008003e60       0x44 ./Drivers/STM32H7xx_HAL_Driver/Src/stm32h7xx_hal_cortex.o
 .text.HAL_NVIC_SetPriorityGrouping
                0x0000000008003ea4       0x16 ./Drivers/STM32H7xx_HAL_Driver/Src/stm32h7xx_hal_cortex.o
                0x0000000008003ea4                HAL_NVIC_SetPriorityGrouping
 .text.HAL_NVIC_SetPriority
                0x0000000008003eba       0x34 ./Drivers/STM32H7xx_HAL_Driver/Src/stm32h7xx_hal_cortex.o
                0x0000000008003eba                HAL_NVIC_SetPriority
 .text.HAL_NVIC_EnableIRQ
                0x0000000008003eee       0x1c ./Drivers/STM32H7xx_HAL_Driver/Src/stm32h7xx_hal_cortex.o
                0x0000000008003eee                HAL_NVIC_EnableIRQ
 .text.HAL_SYSTICK_Config
                0x0000000008003f0a       0x18 ./Drivers/STM32H7xx_HAL_Driver/Src/stm32h7xx_hal_cortex.o
                0x0000000008003f0a                HAL_SYSTICK_Config
 .text.HAL_DAC_Init
                0x0000000008003f22       0x44 ./Drivers/STM32H7xx_HAL_Driver/Src/stm32h7xx_hal_dac.o
                0x0000000008003f22                HAL_DAC_Init
 .text.HAL_DAC_Start
                0x0000000008003f66       0xa4 ./Drivers/STM32H7xx_HAL_Driver/Src/stm32h7xx_hal_dac.o
                0x0000000008003f66                HAL_DAC_Start
 *fill*         0x000000000800400a        0x2 
 .text.HAL_DAC_ConfigChannel
                0x000000000800400c      0x260 ./Drivers/STM32H7xx_HAL_Driver/Src/stm32h7xx_hal_dac.o
                0x000000000800400c                HAL_DAC_ConfigChannel
 .text.HAL_DMA_Init
                0x000000000800426c      0x6b8 ./Drivers/STM32H7xx_HAL_Driver/Src/stm32h7xx_hal_dma.o
                0x000000000800426c                HAL_DMA_Init
 .text.HAL_DMA_Start_IT
                0x0000000008004924      0x4d4 ./Drivers/STM32H7xx_HAL_Driver/Src/stm32h7xx_hal_dma.o
                0x0000000008004924                HAL_DMA_Start_IT
 .text.HAL_DMA_IRQHandler
                0x0000000008004df8      0xe54 ./Drivers/STM32H7xx_HAL_Driver/Src/stm32h7xx_hal_dma.o
                0x0000000008004df8                HAL_DMA_IRQHandler
 .text.DMA_SetConfig
                0x0000000008005c4c      0x358 ./Drivers/STM32H7xx_HAL_Driver/Src/stm32h7xx_hal_dma.o
 .text.DMA_CalcBaseAndBitshift
                0x0000000008005fa4      0x164 ./Drivers/STM32H7xx_HAL_Driver/Src/stm32h7xx_hal_dma.o
 .text.DMA_CheckFifoParam
                0x0000000008006108       0xf8 ./Drivers/STM32H7xx_HAL_Driver/Src/stm32h7xx_hal_dma.o
 .text.DMA_CalcDMAMUXChannelBaseAndMask
                0x0000000008006200      0x134 ./Drivers/STM32H7xx_HAL_Driver/Src/stm32h7xx_hal_dma.o
 .text.DMA_CalcDMAMUXRequestGenBaseAndMask
                0x0000000008006334       0xe8 ./Drivers/STM32H7xx_HAL_Driver/Src/stm32h7xx_hal_dma.o
 .text.HAL_GPIO_Init
                0x000000000800641c      0x360 ./Drivers/STM32H7xx_HAL_Driver/Src/stm32h7xx_hal_gpio.o
                0x000000000800641c                HAL_GPIO_Init
 .text.HAL_GPIO_ReadPin
                0x000000000800677c       0x30 ./Drivers/STM32H7xx_HAL_Driver/Src/stm32h7xx_hal_gpio.o
                0x000000000800677c                HAL_GPIO_ReadPin
 .text.HAL_GPIO_WritePin
                0x00000000080067ac       0x32 ./Drivers/STM32H7xx_HAL_Driver/Src/stm32h7xx_hal_gpio.o
                0x00000000080067ac                HAL_GPIO_WritePin
 *fill*         0x00000000080067de        0x2 
 .text.HAL_I2C_Init
                0x00000000080067e0      0x120 ./Drivers/STM32H7xx_HAL_Driver/Src/stm32h7xx_hal_i2c.o
                0x00000000080067e0                HAL_I2C_Init
 .text.HAL_I2C_Master_Transmit
                0x0000000008006900      0x1e8 ./Drivers/STM32H7xx_HAL_Driver/Src/stm32h7xx_hal_i2c.o
                0x0000000008006900                HAL_I2C_Master_Transmit
 .text.HAL_I2C_Master_Receive
                0x0000000008006ae8      0x1ec ./Drivers/STM32H7xx_HAL_Driver/Src/stm32h7xx_hal_i2c.o
                0x0000000008006ae8                HAL_I2C_Master_Receive
 .text.I2C_Flush_TXDR
                0x0000000008006cd4       0x48 ./Drivers/STM32H7xx_HAL_Driver/Src/stm32h7xx_hal_i2c.o
 .text.I2C_WaitOnFlagUntilTimeout
                0x0000000008006d1c       0x80 ./Drivers/STM32H7xx_HAL_Driver/Src/stm32h7xx_hal_i2c.o
 .text.I2C_WaitOnTXISFlagUntilTimeout
                0x0000000008006d9c       0x80 ./Drivers/STM32H7xx_HAL_Driver/Src/stm32h7xx_hal_i2c.o
 .text.I2C_WaitOnSTOPFlagUntilTimeout
                0x0000000008006e1c       0x78 ./Drivers/STM32H7xx_HAL_Driver/Src/stm32h7xx_hal_i2c.o
 .text.I2C_WaitOnRXNEFlagUntilTimeout
                0x0000000008006e94       0xf4 ./Drivers/STM32H7xx_HAL_Driver/Src/stm32h7xx_hal_i2c.o
 .text.I2C_IsErrorOccurred
                0x0000000008006f88      0x1d8 ./Drivers/STM32H7xx_HAL_Driver/Src/stm32h7xx_hal_i2c.o
 .text.I2C_TransferConfig
                0x0000000008007160       0x64 ./Drivers/STM32H7xx_HAL_Driver/Src/stm32h7xx_hal_i2c.o
 .text.HAL_I2CEx_ConfigAnalogFilter
                0x00000000080071c4       0x96 ./Drivers/STM32H7xx_HAL_Driver/Src/stm32h7xx_hal_i2c_ex.o
                0x00000000080071c4                HAL_I2CEx_ConfigAnalogFilter
 .text.HAL_I2CEx_ConfigDigitalFilter
                0x000000000800725a       0x98 ./Drivers/STM32H7xx_HAL_Driver/Src/stm32h7xx_hal_i2c_ex.o
                0x000000000800725a                HAL_I2CEx_ConfigDigitalFilter
 *fill*         0x00000000080072f2        0x2 
 .text.HAL_PWR_EnterSTOPMode
                0x00000000080072f4       0x78 ./Drivers/STM32H7xx_HAL_Driver/Src/stm32h7xx_hal_pwr.o
                0x00000000080072f4                HAL_PWR_EnterSTOPMode
 .text.HAL_PWREx_ConfigSupply
                0x000000000800736c       0x74 ./Drivers/STM32H7xx_HAL_Driver/Src/stm32h7xx_hal_pwr_ex.o
                0x000000000800736c                HAL_PWREx_ConfigSupply
 .text.HAL_RCC_OscConfig
                0x00000000080073e0      0x85c ./Drivers/STM32H7xx_HAL_Driver/Src/stm32h7xx_hal_rcc.o
                0x00000000080073e0                HAL_RCC_OscConfig
 .text.HAL_RCC_ClockConfig
                0x0000000008007c3c      0x36c ./Drivers/STM32H7xx_HAL_Driver/Src/stm32h7xx_hal_rcc.o
                0x0000000008007c3c                HAL_RCC_ClockConfig
 .text.HAL_RCC_GetSysClockFreq
                0x0000000008007fa8      0x2f4 ./Drivers/STM32H7xx_HAL_Driver/Src/stm32h7xx_hal_rcc.o
                0x0000000008007fa8                HAL_RCC_GetSysClockFreq
 .text.HAL_RCC_GetHCLKFreq
                0x000000000800829c       0x60 ./Drivers/STM32H7xx_HAL_Driver/Src/stm32h7xx_hal_rcc.o
                0x000000000800829c                HAL_RCC_GetHCLKFreq
 .text.HAL_RCC_GetPCLK1Freq
                0x00000000080082fc       0x2c ./Drivers/STM32H7xx_HAL_Driver/Src/stm32h7xx_hal_rcc.o
                0x00000000080082fc                HAL_RCC_GetPCLK1Freq
 .text.HAL_RCC_GetPCLK2Freq
                0x0000000008008328       0x2c ./Drivers/STM32H7xx_HAL_Driver/Src/stm32h7xx_hal_rcc.o
                0x0000000008008328                HAL_RCC_GetPCLK2Freq
 .text.HAL_RCCEx_PeriphCLKConfig
                0x0000000008008354      0xe8c ./Drivers/STM32H7xx_HAL_Driver/Src/stm32h7xx_hal_rcc_ex.o
                0x0000000008008354                HAL_RCCEx_PeriphCLKConfig
 .text.HAL_RCCEx_GetPeriphCLKFreq
                0x00000000080091e0      0x9a4 ./Drivers/STM32H7xx_HAL_Driver/Src/stm32h7xx_hal_rcc_ex.o
                0x00000000080091e0                HAL_RCCEx_GetPeriphCLKFreq
 .text.HAL_RCCEx_GetD3PCLK1Freq
                0x0000000008009b84       0x2c ./Drivers/STM32H7xx_HAL_Driver/Src/stm32h7xx_hal_rcc_ex.o
                0x0000000008009b84                HAL_RCCEx_GetD3PCLK1Freq
 .text.HAL_RCCEx_GetPLL2ClockFreq
                0x0000000008009bb0      0x2a8 ./Drivers/STM32H7xx_HAL_Driver/Src/stm32h7xx_hal_rcc_ex.o
                0x0000000008009bb0                HAL_RCCEx_GetPLL2ClockFreq
 .text.HAL_RCCEx_GetPLL3ClockFreq
                0x0000000008009e58      0x2a8 ./Drivers/STM32H7xx_HAL_Driver/Src/stm32h7xx_hal_rcc_ex.o
                0x0000000008009e58                HAL_RCCEx_GetPLL3ClockFreq
 .text.HAL_RCCEx_GetPLL1ClockFreq
                0x000000000800a100      0x2a4 ./Drivers/STM32H7xx_HAL_Driver/Src/stm32h7xx_hal_rcc_ex.o
                0x000000000800a100                HAL_RCCEx_GetPLL1ClockFreq
 .text.RCCEx_PLL2_Config
                0x000000000800a3a4      0x164 ./Drivers/STM32H7xx_HAL_Driver/Src/stm32h7xx_hal_rcc_ex.o
 .text.RCCEx_PLL3_Config
                0x000000000800a508      0x164 ./Drivers/STM32H7xx_HAL_Driver/Src/stm32h7xx_hal_rcc_ex.o
 .text.HAL_SPI_Init
                0x000000000800a66c      0x20c ./Drivers/STM32H7xx_HAL_Driver/Src/stm32h7xx_hal_spi.o
                0x000000000800a66c                HAL_SPI_Init
 .text.HAL_SPI_Transmit
                0x000000000800a878      0x3e4 ./Drivers/STM32H7xx_HAL_Driver/Src/stm32h7xx_hal_spi.o
                0x000000000800a878                HAL_SPI_Transmit
 .text.SPI_CloseTransfer
                0x000000000800ac5c      0x140 ./Drivers/STM32H7xx_HAL_Driver/Src/stm32h7xx_hal_spi.o
 .text.SPI_WaitOnFlagUntilTimeout
                0x000000000800ad9c       0x5c ./Drivers/STM32H7xx_HAL_Driver/Src/stm32h7xx_hal_spi.o
 .text.SPI_GetPacketSize
                0x000000000800adf8       0x36 ./Drivers/STM32H7xx_HAL_Driver/Src/stm32h7xx_hal_spi.o
 *fill*         0x000000000800ae2e        0x2 
 .text.HAL_TIM_OC_Start_IT
                0x000000000800ae30      0x2b4 ./Drivers/STM32H7xx_HAL_Driver/Src/stm32h7xx_hal_tim.o
                0x000000000800ae30                HAL_TIM_OC_Start_IT
 .text.HAL_TIM_PWM_Init
                0x000000000800b0e4       0xae ./Drivers/STM32H7xx_HAL_Driver/Src/stm32h7xx_hal_tim.o
                0x000000000800b0e4                HAL_TIM_PWM_Init
 .text.HAL_TIM_IRQHandler
                0x000000000800b192      0x23e ./Drivers/STM32H7xx_HAL_Driver/Src/stm32h7xx_hal_tim.o
                0x000000000800b192                HAL_TIM_IRQHandler
 .text.HAL_TIM_PWM_ConfigChannel
                0x000000000800b3d0      0x228 ./Drivers/STM32H7xx_HAL_Driver/Src/stm32h7xx_hal_tim.o
                0x000000000800b3d0                HAL_TIM_PWM_ConfigChannel
 .text.HAL_TIM_PeriodElapsedCallback
                0x000000000800b5f8       0x14 ./Drivers/STM32H7xx_HAL_Driver/Src/stm32h7xx_hal_tim.o
                0x000000000800b5f8                HAL_TIM_PeriodElapsedCallback
 .text.HAL_TIM_IC_CaptureCallback
                0x000000000800b60c       0x14 ./Drivers/STM32H7xx_HAL_Driver/Src/stm32h7xx_hal_tim.o
                0x000000000800b60c                HAL_TIM_IC_CaptureCallback
 .text.HAL_TIM_PWM_PulseFinishedCallback
                0x000000000800b620       0x14 ./Drivers/STM32H7xx_HAL_Driver/Src/stm32h7xx_hal_tim.o
                0x000000000800b620                HAL_TIM_PWM_PulseFinishedCallback
 .text.HAL_TIM_TriggerCallback
                0x000000000800b634       0x14 ./Drivers/STM32H7xx_HAL_Driver/Src/stm32h7xx_hal_tim.o
                0x000000000800b634                HAL_TIM_TriggerCallback
 .text.TIM_Base_SetConfig
                0x000000000800b648      0x134 ./Drivers/STM32H7xx_HAL_Driver/Src/stm32h7xx_hal_tim.o
                0x000000000800b648                TIM_Base_SetConfig
 .text.TIM_OC1_SetConfig
                0x000000000800b77c      0x120 ./Drivers/STM32H7xx_HAL_Driver/Src/stm32h7xx_hal_tim.o
 .text.TIM_OC2_SetConfig
                0x000000000800b89c      0x114 ./Drivers/STM32H7xx_HAL_Driver/Src/stm32h7xx_hal_tim.o
                0x000000000800b89c                TIM_OC2_SetConfig
 .text.TIM_OC3_SetConfig
                0x000000000800b9b0      0x110 ./Drivers/STM32H7xx_HAL_Driver/Src/stm32h7xx_hal_tim.o
 .text.TIM_OC4_SetConfig
                0x000000000800bac0       0xd4 ./Drivers/STM32H7xx_HAL_Driver/Src/stm32h7xx_hal_tim.o
 .text.TIM_OC5_SetConfig
                0x000000000800bb94       0xc8 ./Drivers/STM32H7xx_HAL_Driver/Src/stm32h7xx_hal_tim.o
 .text.TIM_OC6_SetConfig
                0x000000000800bc5c       0xcc ./Drivers/STM32H7xx_HAL_Driver/Src/stm32h7xx_hal_tim.o
 .text.TIM_CCxChannelCmd
                0x000000000800bd28       0x4a ./Drivers/STM32H7xx_HAL_Driver/Src/stm32h7xx_hal_tim.o
                0x000000000800bd28                TIM_CCxChannelCmd
 *fill*         0x000000000800bd72        0x2 
 .text.HAL_TIMEx_MasterConfigSynchronization
                0x000000000800bd74      0x11c ./Drivers/STM32H7xx_HAL_Driver/Src/stm32h7xx_hal_tim_ex.o
                0x000000000800bd74                HAL_TIMEx_MasterConfigSynchronization
 .text.HAL_TIMEx_ConfigBreakDeadTime
                0x000000000800be90       0xfc ./Drivers/STM32H7xx_HAL_Driver/Src/stm32h7xx_hal_tim_ex.o
                0x000000000800be90                HAL_TIMEx_ConfigBreakDeadTime
 .text.HAL_TIMEx_CommutCallback
                0x000000000800bf8c       0x14 ./Drivers/STM32H7xx_HAL_Driver/Src/stm32h7xx_hal_tim_ex.o
                0x000000000800bf8c                HAL_TIMEx_CommutCallback
 .text.HAL_TIMEx_BreakCallback
                0x000000000800bfa0       0x14 ./Drivers/STM32H7xx_HAL_Driver/Src/stm32h7xx_hal_tim_ex.o
                0x000000000800bfa0                HAL_TIMEx_BreakCallback
 .text.HAL_TIMEx_Break2Callback
                0x000000000800bfb4       0x14 ./Drivers/STM32H7xx_HAL_Driver/Src/stm32h7xx_hal_tim_ex.o
                0x000000000800bfb4                HAL_TIMEx_Break2Callback
 .text.HAL_UART_Init
                0x000000000800bfc8       0xa0 ./Drivers/STM32H7xx_HAL_Driver/Src/stm32h7xx_hal_uart.o
                0x000000000800bfc8                HAL_UART_Init
 .text.HAL_UART_Transmit
                0x000000000800c068      0x12c ./Drivers/STM32H7xx_HAL_Driver/Src/stm32h7xx_hal_uart.o
                0x000000000800c068                HAL_UART_Transmit
 .text.HAL_UART_Receive_IT
                0x000000000800c194       0xac ./Drivers/STM32H7xx_HAL_Driver/Src/stm32h7xx_hal_uart.o
                0x000000000800c194                HAL_UART_Receive_IT
 .text.HAL_UART_ErrorCallback
                0x000000000800c240       0x14 ./Drivers/STM32H7xx_HAL_Driver/Src/stm32h7xx_hal_uart.o
                0x000000000800c240                HAL_UART_ErrorCallback
 .text.HAL_UARTEx_RxEventCallback
                0x000000000800c254       0x18 ./Drivers/STM32H7xx_HAL_Driver/Src/stm32h7xx_hal_uart.o
                0x000000000800c254                HAL_UARTEx_RxEventCallback
 .text.UART_SetConfig
                0x000000000800c26c      0xad0 ./Drivers/STM32H7xx_HAL_Driver/Src/stm32h7xx_hal_uart.o
                0x000000000800c26c                UART_SetConfig
 .text.UART_AdvFeatureConfig
                0x000000000800cd3c      0x144 ./Drivers/STM32H7xx_HAL_Driver/Src/stm32h7xx_hal_uart.o
                0x000000000800cd3c                UART_AdvFeatureConfig
 .text.UART_CheckIdleState
                0x000000000800ce80       0x96 ./Drivers/STM32H7xx_HAL_Driver/Src/stm32h7xx_hal_uart.o
                0x000000000800ce80                UART_CheckIdleState
 .text.UART_WaitOnFlagUntilTimeout
                0x000000000800cf16      0x190 ./Drivers/STM32H7xx_HAL_Driver/Src/stm32h7xx_hal_uart.o
                0x000000000800cf16                UART_WaitOnFlagUntilTimeout
 *fill*         0x000000000800d0a6        0x2 
 .text.UART_Start_Receive_IT
                0x000000000800d0a8      0x254 ./Drivers/STM32H7xx_HAL_Driver/Src/stm32h7xx_hal_uart.o
                0x000000000800d0a8                UART_Start_Receive_IT
 .text.UART_RxISR_8BIT
                0x000000000800d2fc      0x160 ./Drivers/STM32H7xx_HAL_Driver/Src/stm32h7xx_hal_uart.o
 .text.UART_RxISR_16BIT
                0x000000000800d45c      0x160 ./Drivers/STM32H7xx_HAL_Driver/Src/stm32h7xx_hal_uart.o
 .text.UART_RxISR_8BIT_FIFOEN
                0x000000000800d5bc      0x2f8 ./Drivers/STM32H7xx_HAL_Driver/Src/stm32h7xx_hal_uart.o
 .text.UART_RxISR_16BIT_FIFOEN
                0x000000000800d8b4      0x300 ./Drivers/STM32H7xx_HAL_Driver/Src/stm32h7xx_hal_uart.o
 .text.HAL_UARTEx_StopModeWakeUpSourceConfig
                0x000000000800dbb4       0xb6 ./Drivers/STM32H7xx_HAL_Driver/Src/stm32h7xx_hal_uart_ex.o
                0x000000000800dbb4                HAL_UARTEx_StopModeWakeUpSourceConfig
 .text.HAL_UARTEx_EnableStopMode
                0x000000000800dc6a       0x66 ./Drivers/STM32H7xx_HAL_Driver/Src/stm32h7xx_hal_uart_ex.o
                0x000000000800dc6a                HAL_UARTEx_EnableStopMode
 .text.HAL_UARTEx_DisableFifoMode
                0x000000000800dcd0       0x72 ./Drivers/STM32H7xx_HAL_Driver/Src/stm32h7xx_hal_uart_ex.o
                0x000000000800dcd0                HAL_UARTEx_DisableFifoMode
 .text.HAL_UARTEx_SetTxFifoThreshold
                0x000000000800dd42       0x7c ./Drivers/STM32H7xx_HAL_Driver/Src/stm32h7xx_hal_uart_ex.o
                0x000000000800dd42                HAL_UARTEx_SetTxFifoThreshold
 .text.HAL_UARTEx_SetRxFifoThreshold
                0x000000000800ddbe       0x7c ./Drivers/STM32H7xx_HAL_Driver/Src/stm32h7xx_hal_uart_ex.o
                0x000000000800ddbe                HAL_UARTEx_SetRxFifoThreshold
 .text.UARTEx_Wakeup_AddressConfig
                0x000000000800de3a       0x46 ./Drivers/STM32H7xx_HAL_Driver/Src/stm32h7xx_hal_uart_ex.o
 .text.UARTEx_SetNbDataToProcess
                0x000000000800de80       0x9c ./Drivers/STM32H7xx_HAL_Driver/Src/stm32h7xx_hal_uart_ex.o
 .text.__libc_init_array
                0x000000000800df1c       0x48 c:/st/stm32cubeide_1.12.0/stm32cubeide/plugins/com.st.stm32cube.ide.mcu.externaltools.gnu-tools-for-stm32.10.3-2021.10.win32_1.0.200.202301161003/tools/bin/../lib/gcc/arm-none-eabi/10.3.1/../../../../arm-none-eabi/lib/thumb/v7e-m+dp/hard\libc_nano.a(lib_a-init.o)
                0x000000000800df1c                __libc_init_array
 .text.memset   0x000000000800df64       0x10 c:/st/stm32cubeide_1.12.0/stm32cubeide/plugins/com.st.stm32cube.ide.mcu.externaltools.gnu-tools-for-stm32.10.3-2021.10.win32_1.0.200.202301161003/tools/bin/../lib/gcc/arm-none-eabi/10.3.1/../../../../arm-none-eabi/lib/thumb/v7e-m+dp/hard\libc_nano.a(lib_a-memset.o)
                0x000000000800df64                memset
 *(.glue_7)
 .glue_7        0x000000000800df74        0x0 linker stubs
 *(.glue_7t)
 .glue_7t       0x000000000800df74        0x0 linker stubs
 *(.eh_frame)
 .eh_frame      0x000000000800df74        0x0 c:/st/stm32cubeide_1.12.0/stm32cubeide/plugins/com.st.stm32cube.ide.mcu.externaltools.gnu-tools-for-stm32.10.3-2021.10.win32_1.0.200.202301161003/tools/bin/../lib/gcc/arm-none-eabi/10.3.1/thumb/v7e-m+dp/hard/crtbegin.o
 *(.init)
 .init          0x000000000800df74        0x4 c:/st/stm32cubeide_1.12.0/stm32cubeide/plugins/com.st.stm32cube.ide.mcu.externaltools.gnu-tools-for-stm32.10.3-2021.10.win32_1.0.200.202301161003/tools/bin/../lib/gcc/arm-none-eabi/10.3.1/thumb/v7e-m+dp/hard/crti.o
                0x000000000800df74                _init
 .init          0x000000000800df78        0x8 c:/st/stm32cubeide_1.12.0/stm32cubeide/plugins/com.st.stm32cube.ide.mcu.externaltools.gnu-tools-for-stm32.10.3-2021.10.win32_1.0.200.202301161003/tools/bin/../lib/gcc/arm-none-eabi/10.3.1/thumb/v7e-m+dp/hard/crtn.o
 *(.fini)
 .fini          0x000000000800df80        0x4 c:/st/stm32cubeide_1.12.0/stm32cubeide/plugins/com.st.stm32cube.ide.mcu.externaltools.gnu-tools-for-stm32.10.3-2021.10.win32_1.0.200.202301161003/tools/bin/../lib/gcc/arm-none-eabi/10.3.1/thumb/v7e-m+dp/hard/crti.o
                0x000000000800df80                _fini
 .fini          0x000000000800df84        0x8 c:/st/stm32cubeide_1.12.0/stm32cubeide/plugins/com.st.stm32cube.ide.mcu.externaltools.gnu-tools-for-stm32.10.3-2021.10.win32_1.0.200.202301161003/tools/bin/../lib/gcc/arm-none-eabi/10.3.1/thumb/v7e-m+dp/hard/crtn.o
                0x000000000800df8c                . = ALIGN (0x4)
                0x000000000800df8c                _etext = .

.vfp11_veneer   0x000000000800df8c        0x0
 .vfp11_veneer  0x000000000800df8c        0x0 linker stubs

.v4_bx          0x000000000800df8c        0x0
 .v4_bx         0x000000000800df8c        0x0 linker stubs

.iplt           0x000000000800df8c        0x0
 .iplt          0x000000000800df8c        0x0 c:/st/stm32cubeide_1.12.0/stm32cubeide/plugins/com.st.stm32cube.ide.mcu.externaltools.gnu-tools-for-stm32.10.3-2021.10.win32_1.0.200.202301161003/tools/bin/../lib/gcc/arm-none-eabi/10.3.1/thumb/v7e-m+dp/hard/crtbegin.o

.rodata         0x000000000800df8c       0x5c
                0x000000000800df8c                . = ALIGN (0x4)
 *(.rodata)
 .rodata        0x000000000800df8c       0x17 ./Core/Src/main.o
 *(.rodata*)
 *fill*         0x000000000800dfa3        0x1 
 .rodata.WRITE  0x000000000800dfa4        0x4 ./Core/Src/main.o
                0x000000000800dfa4                WRITE
 .rodata.D1CorePrescTable
                0x000000000800dfa8       0x10 ./Core/Src/system_stm32h7xx.o
                0x000000000800dfa8                D1CorePrescTable
 .rodata.flagBitshiftOffset.0
                0x000000000800dfb8        0x8 ./Drivers/STM32H7xx_HAL_Driver/Src/stm32h7xx_hal_dma.o
 .rodata.UARTPrescTable
                0x000000000800dfc0       0x18 ./Drivers/STM32H7xx_HAL_Driver/Src/stm32h7xx_hal_uart.o
                0x000000000800dfc0                UARTPrescTable
 .rodata.numerator.1
                0x000000000800dfd8        0x8 ./Drivers/STM32H7xx_HAL_Driver/Src/stm32h7xx_hal_uart_ex.o
 .rodata.denominator.0
                0x000000000800dfe0        0x8 ./Drivers/STM32H7xx_HAL_Driver/Src/stm32h7xx_hal_uart_ex.o
                0x000000000800dfe8                . = ALIGN (0x4)

.ARM.extab
 *(.ARM.extab* .gnu.linkonce.armextab.*)

.ARM            0x000000000800dfe8        0x8
                0x000000000800dfe8                __exidx_start = .
 *(.ARM.exidx*)
 .ARM.exidx     0x000000000800dfe8        0x8 c:/st/stm32cubeide_1.12.0/stm32cubeide/plugins/com.st.stm32cube.ide.mcu.externaltools.gnu-tools-for-stm32.10.3-2021.10.win32_1.0.200.202301161003/tools/bin/../lib/gcc/arm-none-eabi/10.3.1/thumb/v7e-m+dp/hard\libgcc.a(_udivmoddi4.o)
                0x000000000800dff0                __exidx_end = .

.rel.dyn        0x000000000800dff0        0x0
 .rel.iplt      0x000000000800dff0        0x0 c:/st/stm32cubeide_1.12.0/stm32cubeide/plugins/com.st.stm32cube.ide.mcu.externaltools.gnu-tools-for-stm32.10.3-2021.10.win32_1.0.200.202301161003/tools/bin/../lib/gcc/arm-none-eabi/10.3.1/thumb/v7e-m+dp/hard/crtbegin.o

.preinit_array  0x000000000800dff0        0x0
                0x000000000800dff0                PROVIDE (__preinit_array_start = .)
 *(.preinit_array*)
                0x000000000800dff0                PROVIDE (__preinit_array_end = .)

.init_array     0x000000000800dff0        0x4
                0x000000000800dff0                PROVIDE (__init_array_start = .)
 *(SORT_BY_NAME(.init_array.*))
 *(.init_array*)
 .init_array    0x000000000800dff0        0x4 c:/st/stm32cubeide_1.12.0/stm32cubeide/plugins/com.st.stm32cube.ide.mcu.externaltools.gnu-tools-for-stm32.10.3-2021.10.win32_1.0.200.202301161003/tools/bin/../lib/gcc/arm-none-eabi/10.3.1/thumb/v7e-m+dp/hard/crtbegin.o
                0x000000000800dff4                PROVIDE (__init_array_end = .)

.fini_array     0x000000000800dff4        0x4
                [!provide]                        PROVIDE (__fini_array_start = .)
 *(SORT_BY_NAME(.fini_array.*))
 *(.fini_array*)
 .fini_array    0x000000000800dff4        0x4 c:/st/stm32cubeide_1.12.0/stm32cubeide/plugins/com.st.stm32cube.ide.mcu.externaltools.gnu-tools-for-stm32.10.3-2021.10.win32_1.0.200.202301161003/tools/bin/../lib/gcc/arm-none-eabi/10.3.1/thumb/v7e-m+dp/hard/crtbegin.o
                [!provide]                        PROVIDE (__fini_array_end = .)
                0x000000000800dff8                _sidata = LOADADDR (.data)

.data           0x0000000024000000       0x34 load address 0x000000000800dff8
                0x0000000024000000                . = ALIGN (0x4)
                0x0000000024000000                _sdata = .
 *(.data)
 *(.data*)
 .data.DAC_OUT  0x0000000024000000       0x20 ./Core/Src/main.o
                0x0000000024000000                DAC_OUT
 .data.PMT_ON   0x0000000024000020        0x1 ./Core/Src/main.o
                0x0000000024000020                PMT_ON
 .data.ERPA_ON  0x0000000024000021        0x1 ./Core/Src/main.o
                0x0000000024000021                ERPA_ON
 .data.HK_ON    0x0000000024000022        0x1 ./Core/Src/main.o
                0x0000000024000022                HK_ON
 *fill*         0x0000000024000023        0x1 
 .data.SystemCoreClock
                0x0000000024000024        0x4 ./Core/Src/system_stm32h7xx.o
                0x0000000024000024                SystemCoreClock
 .data.SystemD2Clock
                0x0000000024000028        0x4 ./Core/Src/system_stm32h7xx.o
                0x0000000024000028                SystemD2Clock
 .data.uwTickPrio
                0x000000002400002c        0x4 ./Drivers/STM32H7xx_HAL_Driver/Src/stm32h7xx_hal.o
                0x000000002400002c                uwTickPrio
 .data.uwTickFreq
                0x0000000024000030        0x1 ./Drivers/STM32H7xx_HAL_Driver/Src/stm32h7xx_hal.o
                0x0000000024000030                uwTickFreq
 *(.RamFunc)
 *(.RamFunc*)
                0x0000000024000034                . = ALIGN (0x4)
 *fill*         0x0000000024000031        0x3 
                0x0000000024000034                _edata = .

.igot.plt       0x0000000024000034        0x0 load address 0x000000000800e02c
 .igot.plt      0x0000000024000034        0x0 c:/st/stm32cubeide_1.12.0/stm32cubeide/plugins/com.st.stm32cube.ide.mcu.externaltools.gnu-tools-for-stm32.10.3-2021.10.win32_1.0.200.202301161003/tools/bin/../lib/gcc/arm-none-eabi/10.3.1/thumb/v7e-m+dp/hard/crtbegin.o
                0x0000000024000034                . = ALIGN (0x4)

.bss            0x0000000024000034      0x54c load address 0x000000000800e02c
                0x0000000024000034                _sbss = .
                0x0000000024000034                __bss_start__ = _sbss
 *(.bss)
 .bss           0x0000000024000034       0x1c c:/st/stm32cubeide_1.12.0/stm32cubeide/plugins/com.st.stm32cube.ide.mcu.externaltools.gnu-tools-for-stm32.10.3-2021.10.win32_1.0.200.202301161003/tools/bin/../lib/gcc/arm-none-eabi/10.3.1/thumb/v7e-m+dp/hard/crtbegin.o
 *(.bss*)
 .bss.hadc1     0x0000000024000050       0x64 ./Core/Src/main.o
                0x0000000024000050                hadc1
 .bss.hadc3     0x00000000240000b4       0x64 ./Core/Src/main.o
                0x00000000240000b4                hadc3
 .bss.hdma_adc1
                0x0000000024000118       0x78 ./Core/Src/main.o
                0x0000000024000118                hdma_adc1
 .bss.hdma_adc3
                0x0000000024000190       0x78 ./Core/Src/main.o
                0x0000000024000190                hdma_adc3
 .bss.hdac1     0x0000000024000208       0x14 ./Core/Src/main.o
                0x0000000024000208                hdac1
 .bss.hi2c1     0x000000002400021c       0x4c ./Core/Src/main.o
                0x000000002400021c                hi2c1
 .bss.hspi1     0x0000000024000268       0x88 ./Core/Src/main.o
                0x0000000024000268                hspi1
 .bss.hspi2     0x00000000240002f0       0x88 ./Core/Src/main.o
                0x00000000240002f0                hspi2
 .bss.htim1     0x0000000024000378       0x4c ./Core/Src/main.o
                0x0000000024000378                htim1
 .bss.htim2     0x00000000240003c4       0x4c ./Core/Src/main.o
                0x00000000240003c4                htim2
 .bss.huart1    0x0000000024000410       0x90 ./Core/Src/main.o
                0x0000000024000410                huart1
 .bss.rx_buf    0x00000000240004a0       0x64 ./Core/Src/main.o
                0x00000000240004a0                rx_buf
 .bss.WakeUpSelection
                0x0000000024000504        0x8 ./Core/Src/main.o
                0x0000000024000504                WakeUpSelection
 .bss.adcResultsDMA
                0x000000002400050c       0x22 ./Core/Src/main.o
                0x000000002400050c                adcResultsDMA
 .bss.step      0x000000002400052e        0x1 ./Core/Src/main.o
                0x000000002400052e                step
 *fill*         0x000000002400052f        0x1 
 .bss.pmt_raw   0x0000000024000530        0x4 ./Core/Src/main.o
                0x0000000024000530                pmt_raw
 .bss.erpa_raw  0x0000000024000534        0x4 ./Core/Src/main.o
                0x0000000024000534                erpa_raw
 .bss.erpa_buf  0x0000000024000538        0xe ./Core/Src/main.o
                0x0000000024000538                erpa_buf
 .bss.erpa_seq  0x0000000024000546        0x2 ./Core/Src/main.o
                0x0000000024000546                erpa_seq
 .bss.pmt_buf   0x0000000024000548        0x6 ./Core/Src/main.o
                0x0000000024000548                pmt_buf
 .bss.pmt_seq   0x000000002400054e        0x2 ./Core/Src/main.o
                0x000000002400054e                pmt_seq
 .bss.hk_buf    0x0000000024000550       0x26 ./Core/Src/main.o
                0x0000000024000550                hk_buf
 .bss.hk_seq    0x0000000024000576        0x2 ./Core/Src/main.o
                0x0000000024000576                hk_seq
 .bss.hk_counter
                0x0000000024000578        0x4 ./Core/Src/main.o
                0x0000000024000578                hk_counter
 .bss.uwTick    0x000000002400057c        0x4 ./Drivers/STM32H7xx_HAL_Driver/Src/stm32h7xx_hal.o
                0x000000002400057c                uwTick
 *(COMMON)
                0x0000000024000580                . = ALIGN (0x4)
                0x0000000024000580                _ebss = .
                0x0000000024000580                __bss_end__ = _ebss

._user_heap_stack
                0x0000000024000580      0x600 load address 0x000000000800e02c
                0x0000000024000580                . = ALIGN (0x8)
                [!provide]                        PROVIDE (end = .)
                0x0000000024000580                PROVIDE (_end = .)
                0x0000000024000780                . = (. + _Min_Heap_Size)
 *fill*         0x0000000024000580      0x200 
                0x0000000024000b80                . = (. + _Min_Stack_Size)
 *fill*         0x0000000024000780      0x400 
                0x0000000024000b80                . = ALIGN (0x8)

/DISCARD/
 libc.a(*)
 libm.a(*)
 libgcc.a(*)

.ARM.attributes
                0x0000000000000000       0x2e
 *(.ARM.attributes)
 .ARM.attributes
                0x0000000000000000       0x1e c:/st/stm32cubeide_1.12.0/stm32cubeide/plugins/com.st.stm32cube.ide.mcu.externaltools.gnu-tools-for-stm32.10.3-2021.10.win32_1.0.200.202301161003/tools/bin/../lib/gcc/arm-none-eabi/10.3.1/thumb/v7e-m+dp/hard/crti.o
 .ARM.attributes
                0x000000000000001e       0x32 c:/st/stm32cubeide_1.12.0/stm32cubeide/plugins/com.st.stm32cube.ide.mcu.externaltools.gnu-tools-for-stm32.10.3-2021.10.win32_1.0.200.202301161003/tools/bin/../lib/gcc/arm-none-eabi/10.3.1/thumb/v7e-m+dp/hard/crtbegin.o
 .ARM.attributes
                0x0000000000000050       0x32 ./Core/Src/main.o
 .ARM.attributes
                0x0000000000000082       0x32 ./Core/Src/stm32h7xx_hal_msp.o
 .ARM.attributes
                0x00000000000000b4       0x32 ./Core/Src/stm32h7xx_it.o
 .ARM.attributes
                0x00000000000000e6       0x32 ./Core/Src/system_stm32h7xx.o
 .ARM.attributes
                0x0000000000000118       0x21 ./Core/Startup/startup_stm32h753zitx.o
 .ARM.attributes
                0x0000000000000139       0x32 ./Drivers/STM32H7xx_HAL_Driver/Src/stm32h7xx_hal.o
 .ARM.attributes
                0x000000000000016b       0x32 ./Drivers/STM32H7xx_HAL_Driver/Src/stm32h7xx_hal_adc.o
 .ARM.attributes
                0x000000000000019d       0x32 ./Drivers/STM32H7xx_HAL_Driver/Src/stm32h7xx_hal_adc_ex.o
 .ARM.attributes
                0x00000000000001cf       0x32 ./Drivers/STM32H7xx_HAL_Driver/Src/stm32h7xx_hal_cortex.o
 .ARM.attributes
                0x0000000000000201       0x32 ./Drivers/STM32H7xx_HAL_Driver/Src/stm32h7xx_hal_dac.o
 .ARM.attributes
                0x0000000000000233       0x32 ./Drivers/STM32H7xx_HAL_Driver/Src/stm32h7xx_hal_dma.o
 .ARM.attributes
                0x0000000000000265       0x32 ./Drivers/STM32H7xx_HAL_Driver/Src/stm32h7xx_hal_gpio.o
 .ARM.attributes
                0x0000000000000297       0x32 ./Drivers/STM32H7xx_HAL_Driver/Src/stm32h7xx_hal_i2c.o
 .ARM.attributes
                0x00000000000002c9       0x32 ./Drivers/STM32H7xx_HAL_Driver/Src/stm32h7xx_hal_i2c_ex.o
 .ARM.attributes
                0x00000000000002fb       0x32 ./Drivers/STM32H7xx_HAL_Driver/Src/stm32h7xx_hal_pwr.o
 .ARM.attributes
                0x000000000000032d       0x32 ./Drivers/STM32H7xx_HAL_Driver/Src/stm32h7xx_hal_pwr_ex.o
 .ARM.attributes
                0x000000000000035f       0x32 ./Drivers/STM32H7xx_HAL_Driver/Src/stm32h7xx_hal_rcc.o
 .ARM.attributes
                0x0000000000000391       0x32 ./Drivers/STM32H7xx_HAL_Driver/Src/stm32h7xx_hal_rcc_ex.o
 .ARM.attributes
                0x00000000000003c3       0x32 ./Drivers/STM32H7xx_HAL_Driver/Src/stm32h7xx_hal_spi.o
 .ARM.attributes
                0x00000000000003f5       0x32 ./Drivers/STM32H7xx_HAL_Driver/Src/stm32h7xx_hal_tim.o
 .ARM.attributes
                0x0000000000000427       0x32 ./Drivers/STM32H7xx_HAL_Driver/Src/stm32h7xx_hal_tim_ex.o
 .ARM.attributes
                0x0000000000000459       0x32 ./Drivers/STM32H7xx_HAL_Driver/Src/stm32h7xx_hal_uart.o
 .ARM.attributes
                0x000000000000048b       0x32 ./Drivers/STM32H7xx_HAL_Driver/Src/stm32h7xx_hal_uart_ex.o
 .ARM.attributes
                0x00000000000004bd       0x32 c:/st/stm32cubeide_1.12.0/stm32cubeide/plugins/com.st.stm32cube.ide.mcu.externaltools.gnu-tools-for-stm32.10.3-2021.10.win32_1.0.200.202301161003/tools/bin/../lib/gcc/arm-none-eabi/10.3.1/../../../../arm-none-eabi/lib/thumb/v7e-m+dp/hard\libc_nano.a(lib_a-init.o)
 .ARM.attributes
                0x00000000000004ef       0x32 c:/st/stm32cubeide_1.12.0/stm32cubeide/plugins/com.st.stm32cube.ide.mcu.externaltools.gnu-tools-for-stm32.10.3-2021.10.win32_1.0.200.202301161003/tools/bin/../lib/gcc/arm-none-eabi/10.3.1/../../../../arm-none-eabi/lib/thumb/v7e-m+dp/hard\libc_nano.a(lib_a-memset.o)
 .ARM.attributes
                0x0000000000000521       0x1e c:/st/stm32cubeide_1.12.0/stm32cubeide/plugins/com.st.stm32cube.ide.mcu.externaltools.gnu-tools-for-stm32.10.3-2021.10.win32_1.0.200.202301161003/tools/bin/../lib/gcc/arm-none-eabi/10.3.1/thumb/v7e-m+dp/hard\libgcc.a(_aeabi_uldivmod.o)
 .ARM.attributes
                0x000000000000053f       0x32 c:/st/stm32cubeide_1.12.0/stm32cubeide/plugins/com.st.stm32cube.ide.mcu.externaltools.gnu-tools-for-stm32.10.3-2021.10.win32_1.0.200.202301161003/tools/bin/../lib/gcc/arm-none-eabi/10.3.1/thumb/v7e-m+dp/hard\libgcc.a(_udivmoddi4.o)
 .ARM.attributes
                0x0000000000000571       0x1e c:/st/stm32cubeide_1.12.0/stm32cubeide/plugins/com.st.stm32cube.ide.mcu.externaltools.gnu-tools-for-stm32.10.3-2021.10.win32_1.0.200.202301161003/tools/bin/../lib/gcc/arm-none-eabi/10.3.1/thumb/v7e-m+dp/hard\libgcc.a(_dvmd_tls.o)
 .ARM.attributes
                0x000000000000058f       0x1e c:/st/stm32cubeide_1.12.0/stm32cubeide/plugins/com.st.stm32cube.ide.mcu.externaltools.gnu-tools-for-stm32.10.3-2021.10.win32_1.0.200.202301161003/tools/bin/../lib/gcc/arm-none-eabi/10.3.1/thumb/v7e-m+dp/hard/crtn.o
OUTPUT(H7-Test-Firmware.elf elf32-littlearm)
LOAD linker stubs
LOAD c:/st/stm32cubeide_1.12.0/stm32cubeide/plugins/com.st.stm32cube.ide.mcu.externaltools.gnu-tools-for-stm32.10.3-2021.10.win32_1.0.200.202301161003/tools/bin/../lib/gcc/arm-none-eabi/10.3.1/../../../../arm-none-eabi/lib/thumb/v7e-m+dp/hard\libc.a
LOAD c:/st/stm32cubeide_1.12.0/stm32cubeide/plugins/com.st.stm32cube.ide.mcu.externaltools.gnu-tools-for-stm32.10.3-2021.10.win32_1.0.200.202301161003/tools/bin/../lib/gcc/arm-none-eabi/10.3.1/../../../../arm-none-eabi/lib/thumb/v7e-m+dp/hard\libm.a
LOAD c:/st/stm32cubeide_1.12.0/stm32cubeide/plugins/com.st.stm32cube.ide.mcu.externaltools.gnu-tools-for-stm32.10.3-2021.10.win32_1.0.200.202301161003/tools/bin/../lib/gcc/arm-none-eabi/10.3.1/thumb/v7e-m+dp/hard\libgcc.a

.debug_info     0x0000000000000000    0x23262
 .debug_info    0x0000000000000000     0x3da1 ./Core/Src/main.o
 .debug_info    0x0000000000003da1     0x29e4 ./Core/Src/stm32h7xx_hal_msp.o
 .debug_info    0x0000000000006785      0x90b ./Core/Src/stm32h7xx_it.o
 .debug_info    0x0000000000007090      0xd07 ./Core/Src/system_stm32h7xx.o
 .debug_info    0x0000000000007d97       0x22 ./Core/Startup/startup_stm32h753zitx.o
 .debug_info    0x0000000000007db9     0x15dd ./Drivers/STM32H7xx_HAL_Driver/Src/stm32h7xx_hal.o
 .debug_info    0x0000000000009396     0x1f9d ./Drivers/STM32H7xx_HAL_Driver/Src/stm32h7xx_hal_adc.o
 .debug_info    0x000000000000b333     0x20d0 ./Drivers/STM32H7xx_HAL_Driver/Src/stm32h7xx_hal_adc_ex.o
 .debug_info    0x000000000000d403     0x1173 ./Drivers/STM32H7xx_HAL_Driver/Src/stm32h7xx_hal_cortex.o
 .debug_info    0x000000000000e576      0xc27 ./Drivers/STM32H7xx_HAL_Driver/Src/stm32h7xx_hal_dac.o
 .debug_info    0x000000000000f19d      0xcd5 ./Drivers/STM32H7xx_HAL_Driver/Src/stm32h7xx_hal_dma.o
 .debug_info    0x000000000000fe72      0xd28 ./Drivers/STM32H7xx_HAL_Driver/Src/stm32h7xx_hal_gpio.o
 .debug_info    0x0000000000010b9a     0x23b3 ./Drivers/STM32H7xx_HAL_Driver/Src/stm32h7xx_hal_i2c.o
 .debug_info    0x0000000000012f4d      0xe39 ./Drivers/STM32H7xx_HAL_Driver/Src/stm32h7xx_hal_i2c_ex.o
 .debug_info    0x0000000000013d86      0x961 ./Drivers/STM32H7xx_HAL_Driver/Src/stm32h7xx_hal_pwr.o
 .debug_info    0x00000000000146e7     0x109d ./Drivers/STM32H7xx_HAL_Driver/Src/stm32h7xx_hal_pwr_ex.o
 .debug_info    0x0000000000015784      0xf4a ./Drivers/STM32H7xx_HAL_Driver/Src/stm32h7xx_hal_rcc.o
 .debug_info    0x00000000000166ce     0x12b4 ./Drivers/STM32H7xx_HAL_Driver/Src/stm32h7xx_hal_rcc_ex.o
 .debug_info    0x0000000000017982     0x15ce ./Drivers/STM32H7xx_HAL_Driver/Src/stm32h7xx_hal_spi.o
 .debug_info    0x0000000000018f50     0x2dd1 ./Drivers/STM32H7xx_HAL_Driver/Src/stm32h7xx_hal_tim.o
 .debug_info    0x000000000001bd21     0x18f4 ./Drivers/STM32H7xx_HAL_Driver/Src/stm32h7xx_hal_tim_ex.o
 .debug_info    0x000000000001d615     0x4c42 ./Drivers/STM32H7xx_HAL_Driver/Src/stm32h7xx_hal_uart.o
 .debug_info    0x0000000000022257     0x100b ./Drivers/STM32H7xx_HAL_Driver/Src/stm32h7xx_hal_uart_ex.o

.debug_abbrev   0x0000000000000000     0x3553
 .debug_abbrev  0x0000000000000000      0x3be ./Core/Src/main.o
 .debug_abbrev  0x00000000000003be      0x272 ./Core/Src/stm32h7xx_hal_msp.o
 .debug_abbrev  0x0000000000000630      0x19e ./Core/Src/stm32h7xx_it.o
 .debug_abbrev  0x00000000000007ce      0x147 ./Core/Src/system_stm32h7xx.o
 .debug_abbrev  0x0000000000000915       0x12 ./Core/Startup/startup_stm32h753zitx.o
 .debug_abbrev  0x0000000000000927      0x289 ./Drivers/STM32H7xx_HAL_Driver/Src/stm32h7xx_hal.o
 .debug_abbrev  0x0000000000000bb0      0x2bf ./Drivers/STM32H7xx_HAL_Driver/Src/stm32h7xx_hal_adc.o
 .debug_abbrev  0x0000000000000e6f      0x305 ./Drivers/STM32H7xx_HAL_Driver/Src/stm32h7xx_hal_adc_ex.o
 .debug_abbrev  0x0000000000001174      0x329 ./Drivers/STM32H7xx_HAL_Driver/Src/stm32h7xx_hal_cortex.o
 .debug_abbrev  0x000000000000149d      0x209 ./Drivers/STM32H7xx_HAL_Driver/Src/stm32h7xx_hal_dac.o
 .debug_abbrev  0x00000000000016a6      0x239 ./Drivers/STM32H7xx_HAL_Driver/Src/stm32h7xx_hal_dma.o
 .debug_abbrev  0x00000000000018df      0x1ec ./Drivers/STM32H7xx_HAL_Driver/Src/stm32h7xx_hal_gpio.o
 .debug_abbrev  0x0000000000001acb      0x243 ./Drivers/STM32H7xx_HAL_Driver/Src/stm32h7xx_hal_i2c.o
 .debug_abbrev  0x0000000000001d0e      0x1e1 ./Drivers/STM32H7xx_HAL_Driver/Src/stm32h7xx_hal_i2c_ex.o
 .debug_abbrev  0x0000000000001eef      0x182 ./Drivers/STM32H7xx_HAL_Driver/Src/stm32h7xx_hal_pwr.o
 .debug_abbrev  0x0000000000002071      0x28f ./Drivers/STM32H7xx_HAL_Driver/Src/stm32h7xx_hal_pwr_ex.o
 .debug_abbrev  0x0000000000002300      0x2b8 ./Drivers/STM32H7xx_HAL_Driver/Src/stm32h7xx_hal_rcc.o
 .debug_abbrev  0x00000000000025b8      0x25c ./Drivers/STM32H7xx_HAL_Driver/Src/stm32h7xx_hal_rcc_ex.o
 .debug_abbrev  0x0000000000002814      0x29b ./Drivers/STM32H7xx_HAL_Driver/Src/stm32h7xx_hal_spi.o
 .debug_abbrev  0x0000000000002aaf      0x25d ./Drivers/STM32H7xx_HAL_Driver/Src/stm32h7xx_hal_tim.o
 .debug_abbrev  0x0000000000002d0c      0x265 ./Drivers/STM32H7xx_HAL_Driver/Src/stm32h7xx_hal_tim_ex.o
 .debug_abbrev  0x0000000000002f71      0x325 ./Drivers/STM32H7xx_HAL_Driver/Src/stm32h7xx_hal_uart.o
 .debug_abbrev  0x0000000000003296      0x2bd ./Drivers/STM32H7xx_HAL_Driver/Src/stm32h7xx_hal_uart_ex.o

.debug_aranges  0x0000000000000000     0x1ac8
 .debug_aranges
                0x0000000000000000       0xa8 ./Core/Src/main.o
 .debug_aranges
                0x00000000000000a8       0x88 ./Core/Src/stm32h7xx_hal_msp.o
 .debug_aranges
                0x0000000000000130       0x98 ./Core/Src/stm32h7xx_it.o
 .debug_aranges
                0x00000000000001c8       0x28 ./Core/Src/system_stm32h7xx.o
 .debug_aranges
                0x00000000000001f0       0x28 ./Core/Startup/startup_stm32h753zitx.o
 .debug_aranges
                0x0000000000000218      0x198 ./Drivers/STM32H7xx_HAL_Driver/Src/stm32h7xx_hal.o
 .debug_aranges
                0x00000000000003b0      0x228 ./Drivers/STM32H7xx_HAL_Driver/Src/stm32h7xx_hal_adc.o
 .debug_aranges
                0x00000000000005d8      0x1d8 ./Drivers/STM32H7xx_HAL_Driver/Src/stm32h7xx_hal_adc_ex.o
 .debug_aranges
                0x00000000000007b0      0x120 ./Drivers/STM32H7xx_HAL_Driver/Src/stm32h7xx_hal_cortex.o
 .debug_aranges
                0x00000000000008d0       0xc0 ./Drivers/STM32H7xx_HAL_Driver/Src/stm32h7xx_hal_dac.o
 .debug_aranges
                0x0000000000000990       0xa0 ./Drivers/STM32H7xx_HAL_Driver/Src/stm32h7xx_hal_dma.o
 .debug_aranges
                0x0000000000000a30       0x58 ./Drivers/STM32H7xx_HAL_Driver/Src/stm32h7xx_hal_gpio.o
 .debug_aranges
                0x0000000000000a88      0x290 ./Drivers/STM32H7xx_HAL_Driver/Src/stm32h7xx_hal_i2c.o
 .debug_aranges
                0x0000000000000d18       0x48 ./Drivers/STM32H7xx_HAL_Driver/Src/stm32h7xx_hal_i2c_ex.o
 .debug_aranges
                0x0000000000000d60       0xa0 ./Drivers/STM32H7xx_HAL_Driver/Src/stm32h7xx_hal_pwr.o
 .debug_aranges
                0x0000000000000e00      0x158 ./Drivers/STM32H7xx_HAL_Driver/Src/stm32h7xx_hal_pwr_ex.o
 .debug_aranges
                0x0000000000000f58       0x88 ./Drivers/STM32H7xx_HAL_Driver/Src/stm32h7xx_hal_rcc.o
 .debug_aranges
                0x0000000000000fe0       0xf8 ./Drivers/STM32H7xx_HAL_Driver/Src/stm32h7xx_hal_rcc_ex.o
 .debug_aranges
                0x00000000000010d8      0x1a0 ./Drivers/STM32H7xx_HAL_Driver/Src/stm32h7xx_hal_spi.o
 .debug_aranges
                0x0000000000001278      0x3e0 ./Drivers/STM32H7xx_HAL_Driver/Src/stm32h7xx_hal_tim.o
 .debug_aranges
                0x0000000000001658      0x188 ./Drivers/STM32H7xx_HAL_Driver/Src/stm32h7xx_hal_tim_ex.o
 .debug_aranges
                0x00000000000017e0      0x248 ./Drivers/STM32H7xx_HAL_Driver/Src/stm32h7xx_hal_uart.o
 .debug_aranges
                0x0000000000001a28       0xa0 ./Drivers/STM32H7xx_HAL_Driver/Src/stm32h7xx_hal_uart_ex.o

.debug_ranges   0x0000000000000000     0x1990
 .debug_ranges  0x0000000000000000       0x98 ./Core/Src/main.o
 .debug_ranges  0x0000000000000098       0x78 ./Core/Src/stm32h7xx_hal_msp.o
 .debug_ranges  0x0000000000000110       0x88 ./Core/Src/stm32h7xx_it.o
 .debug_ranges  0x0000000000000198       0x18 ./Core/Src/system_stm32h7xx.o
 .debug_ranges  0x00000000000001b0       0x20 ./Core/Startup/startup_stm32h753zitx.o
 .debug_ranges  0x00000000000001d0      0x188 ./Drivers/STM32H7xx_HAL_Driver/Src/stm32h7xx_hal.o
 .debug_ranges  0x0000000000000358      0x218 ./Drivers/STM32H7xx_HAL_Driver/Src/stm32h7xx_hal_adc.o
 .debug_ranges  0x0000000000000570      0x1c8 ./Drivers/STM32H7xx_HAL_Driver/Src/stm32h7xx_hal_adc_ex.o
 .debug_ranges  0x0000000000000738      0x110 ./Drivers/STM32H7xx_HAL_Driver/Src/stm32h7xx_hal_cortex.o
 .debug_ranges  0x0000000000000848       0xb0 ./Drivers/STM32H7xx_HAL_Driver/Src/stm32h7xx_hal_dac.o
 .debug_ranges  0x00000000000008f8       0x90 ./Drivers/STM32H7xx_HAL_Driver/Src/stm32h7xx_hal_dma.o
 .debug_ranges  0x0000000000000988       0x48 ./Drivers/STM32H7xx_HAL_Driver/Src/stm32h7xx_hal_gpio.o
 .debug_ranges  0x00000000000009d0      0x280 ./Drivers/STM32H7xx_HAL_Driver/Src/stm32h7xx_hal_i2c.o
 .debug_ranges  0x0000000000000c50       0x38 ./Drivers/STM32H7xx_HAL_Driver/Src/stm32h7xx_hal_i2c_ex.o
 .debug_ranges  0x0000000000000c88       0x90 ./Drivers/STM32H7xx_HAL_Driver/Src/stm32h7xx_hal_pwr.o
 .debug_ranges  0x0000000000000d18      0x148 ./Drivers/STM32H7xx_HAL_Driver/Src/stm32h7xx_hal_pwr_ex.o
 .debug_ranges  0x0000000000000e60       0x78 ./Drivers/STM32H7xx_HAL_Driver/Src/stm32h7xx_hal_rcc.o
 .debug_ranges  0x0000000000000ed8       0xe8 ./Drivers/STM32H7xx_HAL_Driver/Src/stm32h7xx_hal_rcc_ex.o
 .debug_ranges  0x0000000000000fc0      0x190 ./Drivers/STM32H7xx_HAL_Driver/Src/stm32h7xx_hal_spi.o
 .debug_ranges  0x0000000000001150      0x3d0 ./Drivers/STM32H7xx_HAL_Driver/Src/stm32h7xx_hal_tim.o
 .debug_ranges  0x0000000000001520      0x178 ./Drivers/STM32H7xx_HAL_Driver/Src/stm32h7xx_hal_tim_ex.o
 .debug_ranges  0x0000000000001698      0x268 ./Drivers/STM32H7xx_HAL_Driver/Src/stm32h7xx_hal_uart.o
 .debug_ranges  0x0000000000001900       0x90 ./Drivers/STM32H7xx_HAL_Driver/Src/stm32h7xx_hal_uart_ex.o

.debug_macro    0x0000000000000000    0x3ada1
 .debug_macro   0x0000000000000000      0x30e ./Core/Src/main.o
 .debug_macro   0x000000000000030e      0xa90 ./Core/Src/main.o
 .debug_macro   0x0000000000000d9e      0x24a ./Core/Src/main.o
 .debug_macro   0x0000000000000fe8       0x2e ./Core/Src/main.o
 .debug_macro   0x0000000000001016       0x3b ./Core/Src/main.o
 .debug_macro   0x0000000000001051       0x22 ./Core/Src/main.o
 .debug_macro   0x0000000000001073       0x8e ./Core/Src/main.o
 .debug_macro   0x0000000000001101       0x51 ./Core/Src/main.o
 .debug_macro   0x0000000000001152      0x103 ./Core/Src/main.o
 .debug_macro   0x0000000000001255       0x6a ./Core/Src/main.o
 .debug_macro   0x00000000000012bf      0x1df ./Core/Src/main.o
 .debug_macro   0x000000000000149e       0x1c ./Core/Src/main.o
 .debug_macro   0x00000000000014ba       0x22 ./Core/Src/main.o
 .debug_macro   0x00000000000014dc       0xfb ./Core/Src/main.o
 .debug_macro   0x00000000000015d7     0x1305 ./Core/Src/main.o
 .debug_macro   0x00000000000028dc      0x11f ./Core/Src/main.o
 .debug_macro   0x00000000000029fb       0x27 ./Core/Src/main.o
 .debug_macro   0x0000000000002a22    0x25ea4 ./Core/Src/main.o
 .debug_macro   0x00000000000288c6       0x6d ./Core/Src/main.o
 .debug_macro   0x0000000000028933     0x3d22 ./Core/Src/main.o
 .debug_macro   0x000000000002c655      0x174 ./Core/Src/main.o
 .debug_macro   0x000000000002c7c9       0x52 ./Core/Src/main.o
 .debug_macro   0x000000000002c81b       0x1d ./Core/Src/main.o
 .debug_macro   0x000000000002c838       0x3c ./Core/Src/main.o
 .debug_macro   0x000000000002c874       0x34 ./Core/Src/main.o
 .debug_macro   0x000000000002c8a8       0x16 ./Core/Src/main.o
 .debug_macro   0x000000000002c8be       0x43 ./Core/Src/main.o
 .debug_macro   0x000000000002c901       0x34 ./Core/Src/main.o
 .debug_macro   0x000000000002c935       0x10 ./Core/Src/main.o
 .debug_macro   0x000000000002c945       0x58 ./Core/Src/main.o
 .debug_macro   0x000000000002c99d       0x71 ./Core/Src/main.o
 .debug_macro   0x000000000002ca0e       0x1c ./Core/Src/main.o
 .debug_macro   0x000000000002ca2a      0x12a ./Core/Src/main.o
 .debug_macro   0x000000000002cb54      0x341 ./Core/Src/main.o
 .debug_macro   0x000000000002ce95      0x19b ./Core/Src/main.o
 .debug_macro   0x000000000002d030       0x5d ./Core/Src/main.o
 .debug_macro   0x000000000002d08d     0x240e ./Core/Src/main.o
 .debug_macro   0x000000000002f49b     0x1002 ./Core/Src/main.o
 .debug_macro   0x000000000003049d      0x14d ./Core/Src/main.o
 .debug_macro   0x00000000000305ea      0x114 ./Core/Src/main.o
 .debug_macro   0x00000000000306fe      0x3b2 ./Core/Src/main.o
 .debug_macro   0x0000000000030ab0       0xac ./Core/Src/main.o
 .debug_macro   0x0000000000030b5c      0x72d ./Core/Src/main.o
 .debug_macro   0x0000000000031289      0x228 ./Core/Src/main.o
 .debug_macro   0x00000000000314b1       0x66 ./Core/Src/main.o
 .debug_macro   0x0000000000031517      0x3bb ./Core/Src/main.o
 .debug_macro   0x00000000000318d2      0x3e4 ./Core/Src/main.o
 .debug_macro   0x0000000000031cb6      0x275 ./Core/Src/main.o
 .debug_macro   0x0000000000031f2b     0x1036 ./Core/Src/main.o
 .debug_macro   0x0000000000032f61      0x6c5 ./Core/Src/main.o
 .debug_macro   0x0000000000033626      0x36e ./Core/Src/main.o
 .debug_macro   0x0000000000033994      0x184 ./Core/Src/main.o
 .debug_macro   0x0000000000033b18       0xd8 ./Core/Src/main.o
 .debug_macro   0x0000000000033bf0      0x3ca ./Core/Src/main.o
 .debug_macro   0x0000000000033fba      0x408 ./Core/Src/main.o
 .debug_macro   0x00000000000343c2       0x51 ./Core/Src/main.o
 .debug_macro   0x0000000000034413       0x4a ./Core/Src/main.o
 .debug_macro   0x000000000003445d      0x22c ./Core/Src/main.o
 .debug_macro   0x0000000000034689       0x67 ./Core/Src/main.o
 .debug_macro   0x00000000000346f0       0xa5 ./Core/Src/main.o
 .debug_macro   0x0000000000034795      0x1c4 ./Core/Src/main.o
 .debug_macro   0x0000000000034959      0x25e ./Core/Src/main.o
 .debug_macro   0x0000000000034bb7       0x35 ./Core/Src/main.o
 .debug_macro   0x0000000000034bec      0x5e4 ./Core/Src/main.o
 .debug_macro   0x00000000000351d0       0x9e ./Core/Src/main.o
 .debug_macro   0x000000000003526e      0xaec ./Core/Src/main.o
 .debug_macro   0x0000000000035d5a      0x29f ./Core/Src/main.o
 .debug_macro   0x0000000000035ff9      0x67e ./Core/Src/main.o
 .debug_macro   0x0000000000036677       0xa6 ./Core/Src/main.o
 .debug_macro   0x000000000003671d      0x5a0 ./Core/Src/main.o
 .debug_macro   0x0000000000036cbd      0x302 ./Core/Src/stm32h7xx_hal_msp.o
 .debug_macro   0x0000000000036fbf      0x30c ./Core/Src/stm32h7xx_it.o
 .debug_macro   0x00000000000372cb      0x2f8 ./Core/Src/system_stm32h7xx.o
 .debug_macro   0x00000000000375c3      0x322 ./Drivers/STM32H7xx_HAL_Driver/Src/stm32h7xx_hal.o
 .debug_macro   0x00000000000378e5      0x31c ./Drivers/STM32H7xx_HAL_Driver/Src/stm32h7xx_hal_adc.o
 .debug_macro   0x0000000000037c01      0x304 ./Drivers/STM32H7xx_HAL_Driver/Src/stm32h7xx_hal_adc_ex.o
 .debug_macro   0x0000000000037f05      0x2f8 ./Drivers/STM32H7xx_HAL_Driver/Src/stm32h7xx_hal_cortex.o
 .debug_macro   0x00000000000381fd      0x300 ./Drivers/STM32H7xx_HAL_Driver/Src/stm32h7xx_hal_dac.o
 .debug_macro   0x00000000000384fd      0x34b ./Drivers/STM32H7xx_HAL_Driver/Src/stm32h7xx_hal_dma.o
 .debug_macro   0x0000000000038848      0x2ff ./Drivers/STM32H7xx_HAL_Driver/Src/stm32h7xx_hal_gpio.o
 .debug_macro   0x0000000000038b47      0x3c4 ./Drivers/STM32H7xx_HAL_Driver/Src/stm32h7xx_hal_i2c.o
 .debug_macro   0x0000000000038f0b      0x2f8 ./Drivers/STM32H7xx_HAL_Driver/Src/stm32h7xx_hal_i2c_ex.o
 .debug_macro   0x0000000000039203      0x31c ./Drivers/STM32H7xx_HAL_Driver/Src/stm32h7xx_hal_pwr.o
 .debug_macro   0x000000000003951f      0x331 ./Drivers/STM32H7xx_HAL_Driver/Src/stm32h7xx_hal_pwr_ex.o
 .debug_macro   0x0000000000039850      0x31c ./Drivers/STM32H7xx_HAL_Driver/Src/stm32h7xx_hal_rcc.o
 .debug_macro   0x0000000000039b6c      0x316 ./Drivers/STM32H7xx_HAL_Driver/Src/stm32h7xx_hal_rcc_ex.o
 .debug_macro   0x0000000000039e82      0x307 ./Drivers/STM32H7xx_HAL_Driver/Src/stm32h7xx_hal_spi.o
 .debug_macro   0x000000000003a189      0x2f9 ./Drivers/STM32H7xx_HAL_Driver/Src/stm32h7xx_hal_tim.o
 .debug_macro   0x000000000003a482      0x2f8 ./Drivers/STM32H7xx_HAL_Driver/Src/stm32h7xx_hal_tim_ex.o
 .debug_macro   0x000000000003a77a      0x323 ./Drivers/STM32H7xx_HAL_Driver/Src/stm32h7xx_hal_uart.o
 .debug_macro   0x000000000003aa9d      0x304 ./Drivers/STM32H7xx_HAL_Driver/Src/stm32h7xx_hal_uart_ex.o

.debug_line     0x0000000000000000    0x233dd
 .debug_line    0x0000000000000000     0x1225 ./Core/Src/main.o
 .debug_line    0x0000000000001225      0xc39 ./Core/Src/stm32h7xx_hal_msp.o
 .debug_line    0x0000000000001e5e      0xa69 ./Core/Src/stm32h7xx_it.o
 .debug_line    0x00000000000028c7      0xaae ./Core/Src/system_stm32h7xx.o
 .debug_line    0x0000000000003375       0x88 ./Core/Startup/startup_stm32h753zitx.o
 .debug_line    0x00000000000033fd      0xeac ./Drivers/STM32H7xx_HAL_Driver/Src/stm32h7xx_hal.o
 .debug_line    0x00000000000042a9     0x2404 ./Drivers/STM32H7xx_HAL_Driver/Src/stm32h7xx_hal_adc.o
 .debug_line    0x00000000000066ad     0x1fca ./Drivers/STM32H7xx_HAL_Driver/Src/stm32h7xx_hal_adc_ex.o
 .debug_line    0x0000000000008677      0xeb2 ./Drivers/STM32H7xx_HAL_Driver/Src/stm32h7xx_hal_cortex.o
 .debug_line    0x0000000000009529      0xdc9 ./Drivers/STM32H7xx_HAL_Driver/Src/stm32h7xx_hal_dac.o
 .debug_line    0x000000000000a2f2     0x27fb ./Drivers/STM32H7xx_HAL_Driver/Src/stm32h7xx_hal_dma.o
 .debug_line    0x000000000000caed      0xd6f ./Drivers/STM32H7xx_HAL_Driver/Src/stm32h7xx_hal_gpio.o
 .debug_line    0x000000000000d85c     0x38c4 ./Drivers/STM32H7xx_HAL_Driver/Src/stm32h7xx_hal_i2c.o
 .debug_line    0x0000000000011120      0xb1c ./Drivers/STM32H7xx_HAL_Driver/Src/stm32h7xx_hal_i2c_ex.o
 .debug_line    0x0000000000011c3c      0xb17 ./Drivers/STM32H7xx_HAL_Driver/Src/stm32h7xx_hal_pwr.o
 .debug_line    0x0000000000012753      0xfc6 ./Drivers/STM32H7xx_HAL_Driver/Src/stm32h7xx_hal_pwr_ex.o
 .debug_line    0x0000000000013719     0x141a ./Drivers/STM32H7xx_HAL_Driver/Src/stm32h7xx_hal_rcc.o
 .debug_line    0x0000000000014b33     0x1bd4 ./Drivers/STM32H7xx_HAL_Driver/Src/stm32h7xx_hal_rcc_ex.o
 .debug_line    0x0000000000016707     0x207c ./Drivers/STM32H7xx_HAL_Driver/Src/stm32h7xx_hal_spi.o
 .debug_line    0x0000000000018783     0x3f79 ./Drivers/STM32H7xx_HAL_Driver/Src/stm32h7xx_hal_tim.o
 .debug_line    0x000000000001c6fc     0x1e52 ./Drivers/STM32H7xx_HAL_Driver/Src/stm32h7xx_hal_tim_ex.o
 .debug_line    0x000000000001e54e     0x3f05 ./Drivers/STM32H7xx_HAL_Driver/Src/stm32h7xx_hal_uart.o
 .debug_line    0x0000000000022453      0xf8a ./Drivers/STM32H7xx_HAL_Driver/Src/stm32h7xx_hal_uart_ex.o

.debug_str      0x0000000000000000   0x17fea7
 .debug_str     0x0000000000000000   0x178eae ./Core/Src/main.o
                                     0x179897 (size before relaxing)
 .debug_str     0x0000000000178eae      0x190 ./Core/Src/stm32h7xx_hal_msp.o
                                     0x178d8f (size before relaxing)
 .debug_str     0x000000000017903e      0x142 ./Core/Src/stm32h7xx_it.o
                                     0x1773c4 (size before relaxing)
 .debug_str     0x0000000000179180      0x237 ./Core/Src/system_stm32h7xx.o
                                     0x17716e (size before relaxing)
 .debug_str     0x00000000001793b7       0x71 ./Core/Startup/startup_stm32h753zitx.o
 .debug_str     0x0000000000179428      0x7bd ./Drivers/STM32H7xx_HAL_Driver/Src/stm32h7xx_hal.o
                                     0x178093 (size before relaxing)
 .debug_str     0x0000000000179be5      0xb18 ./Drivers/STM32H7xx_HAL_Driver/Src/stm32h7xx_hal_adc.o
                                     0x177ef9 (size before relaxing)
 .debug_str     0x000000000017a6fd      0x7c4 ./Drivers/STM32H7xx_HAL_Driver/Src/stm32h7xx_hal_adc_ex.o
                                     0x177f4c (size before relaxing)
 .debug_str     0x000000000017aec1      0x326 ./Drivers/STM32H7xx_HAL_Driver/Src/stm32h7xx_hal_cortex.o
                                     0x177a96 (size before relaxing)
 .debug_str     0x000000000017b1e7      0x210 ./Drivers/STM32H7xx_HAL_Driver/Src/stm32h7xx_hal_dac.o
                                     0x177412 (size before relaxing)
 .debug_str     0x000000000017b3f7      0x828 ./Drivers/STM32H7xx_HAL_Driver/Src/stm32h7xx_hal_dma.o
                                     0x1778a8 (size before relaxing)
 .debug_str     0x000000000017bc1f       0xdb ./Drivers/STM32H7xx_HAL_Driver/Src/stm32h7xx_hal_gpio.o
                                     0x177125 (size before relaxing)
 .debug_str     0x000000000017bcfa      0xd61 ./Drivers/STM32H7xx_HAL_Driver/Src/stm32h7xx_hal_i2c.o
                                     0x17818a (size before relaxing)
 .debug_str     0x000000000017ca5b       0xb8 ./Drivers/STM32H7xx_HAL_Driver/Src/stm32h7xx_hal_i2c_ex.o
                                     0x17757e (size before relaxing)
 .debug_str     0x000000000017cb13      0x27e ./Drivers/STM32H7xx_HAL_Driver/Src/stm32h7xx_hal_pwr.o
                                     0x1770ec (size before relaxing)
 .debug_str     0x000000000017cd91      0x5fa ./Drivers/STM32H7xx_HAL_Driver/Src/stm32h7xx_hal_pwr_ex.o
                                     0x1775e6 (size before relaxing)
 .debug_str     0x000000000017d38b      0x21a ./Drivers/STM32H7xx_HAL_Driver/Src/stm32h7xx_hal_rcc.o
                                     0x177509 (size before relaxing)
 .debug_str     0x000000000017d5a5      0x61e ./Drivers/STM32H7xx_HAL_Driver/Src/stm32h7xx_hal_rcc_ex.o
                                     0x1779c1 (size before relaxing)
 .debug_str     0x000000000017dbc3      0x508 ./Drivers/STM32H7xx_HAL_Driver/Src/stm32h7xx_hal_spi.o
                                     0x17781f (size before relaxing)
 .debug_str     0x000000000017e0cb      0xdbe ./Drivers/STM32H7xx_HAL_Driver/Src/stm32h7xx_hal_tim.o
                                     0x178298 (size before relaxing)
 .debug_str     0x000000000017ee89      0x4ad ./Drivers/STM32H7xx_HAL_Driver/Src/stm32h7xx_hal_tim_ex.o
                                     0x177bd0 (size before relaxing)
 .debug_str     0x000000000017f336      0x9a2 ./Drivers/STM32H7xx_HAL_Driver/Src/stm32h7xx_hal_uart.o
                                     0x178022 (size before relaxing)
 .debug_str     0x000000000017fcd8      0x1cf ./Drivers/STM32H7xx_HAL_Driver/Src/stm32h7xx_hal_uart_ex.o
                                     0x1775c8 (size before relaxing)

.comment        0x0000000000000000       0x50
 .comment       0x0000000000000000       0x50 ./Core/Src/main.o
                                         0x51 (size before relaxing)
 .comment       0x0000000000000050       0x51 ./Core/Src/stm32h7xx_hal_msp.o
 .comment       0x0000000000000050       0x51 ./Core/Src/stm32h7xx_it.o
 .comment       0x0000000000000050       0x51 ./Core/Src/system_stm32h7xx.o
 .comment       0x0000000000000050       0x51 ./Drivers/STM32H7xx_HAL_Driver/Src/stm32h7xx_hal.o
 .comment       0x0000000000000050       0x51 ./Drivers/STM32H7xx_HAL_Driver/Src/stm32h7xx_hal_adc.o
 .comment       0x0000000000000050       0x51 ./Drivers/STM32H7xx_HAL_Driver/Src/stm32h7xx_hal_adc_ex.o
 .comment       0x0000000000000050       0x51 ./Drivers/STM32H7xx_HAL_Driver/Src/stm32h7xx_hal_cortex.o
 .comment       0x0000000000000050       0x51 ./Drivers/STM32H7xx_HAL_Driver/Src/stm32h7xx_hal_dac.o
 .comment       0x0000000000000050       0x51 ./Drivers/STM32H7xx_HAL_Driver/Src/stm32h7xx_hal_dma.o
 .comment       0x0000000000000050       0x51 ./Drivers/STM32H7xx_HAL_Driver/Src/stm32h7xx_hal_gpio.o
 .comment       0x0000000000000050       0x51 ./Drivers/STM32H7xx_HAL_Driver/Src/stm32h7xx_hal_i2c.o
 .comment       0x0000000000000050       0x51 ./Drivers/STM32H7xx_HAL_Driver/Src/stm32h7xx_hal_i2c_ex.o
 .comment       0x0000000000000050       0x51 ./Drivers/STM32H7xx_HAL_Driver/Src/stm32h7xx_hal_pwr.o
 .comment       0x0000000000000050       0x51 ./Drivers/STM32H7xx_HAL_Driver/Src/stm32h7xx_hal_pwr_ex.o
 .comment       0x0000000000000050       0x51 ./Drivers/STM32H7xx_HAL_Driver/Src/stm32h7xx_hal_rcc.o
 .comment       0x0000000000000050       0x51 ./Drivers/STM32H7xx_HAL_Driver/Src/stm32h7xx_hal_rcc_ex.o
 .comment       0x0000000000000050       0x51 ./Drivers/STM32H7xx_HAL_Driver/Src/stm32h7xx_hal_spi.o
 .comment       0x0000000000000050       0x51 ./Drivers/STM32H7xx_HAL_Driver/Src/stm32h7xx_hal_tim.o
 .comment       0x0000000000000050       0x51 ./Drivers/STM32H7xx_HAL_Driver/Src/stm32h7xx_hal_tim_ex.o
 .comment       0x0000000000000050       0x51 ./Drivers/STM32H7xx_HAL_Driver/Src/stm32h7xx_hal_uart.o
 .comment       0x0000000000000050       0x51 ./Drivers/STM32H7xx_HAL_Driver/Src/stm32h7xx_hal_uart_ex.o

.debug_frame    0x0000000000000000     0x74cc
 .debug_frame   0x0000000000000000      0x264 ./Core/Src/main.o
 .debug_frame   0x0000000000000264      0x21c ./Core/Src/stm32h7xx_hal_msp.o
 .debug_frame   0x0000000000000480      0x1c8 ./Core/Src/stm32h7xx_it.o
 .debug_frame   0x0000000000000648       0x58 ./Core/Src/system_stm32h7xx.o
 .debug_frame   0x00000000000006a0      0x690 ./Drivers/STM32H7xx_HAL_Driver/Src/stm32h7xx_hal.o
 .debug_frame   0x0000000000000d30      0xa28 ./Drivers/STM32H7xx_HAL_Driver/Src/stm32h7xx_hal_adc.o
 .debug_frame   0x0000000000001758      0x88c ./Drivers/STM32H7xx_HAL_Driver/Src/stm32h7xx_hal_adc_ex.o
 .debug_frame   0x0000000000001fe4      0x4b8 ./Drivers/STM32H7xx_HAL_Driver/Src/stm32h7xx_hal_cortex.o
 .debug_frame   0x000000000000249c      0x338 ./Drivers/STM32H7xx_HAL_Driver/Src/stm32h7xx_hal_dac.o
 .debug_frame   0x00000000000027d4      0x2b4 ./Drivers/STM32H7xx_HAL_Driver/Src/stm32h7xx_hal_dma.o
 .debug_frame   0x0000000000002a88      0x14c ./Drivers/STM32H7xx_HAL_Driver/Src/stm32h7xx_hal_gpio.o
 .debug_frame   0x0000000000002bd4      0xbf0 ./Drivers/STM32H7xx_HAL_Driver/Src/stm32h7xx_hal_i2c.o
 .debug_frame   0x00000000000037c4      0x100 ./Drivers/STM32H7xx_HAL_Driver/Src/stm32h7xx_hal_i2c_ex.o
 .debug_frame   0x00000000000038c4      0x254 ./Drivers/STM32H7xx_HAL_Driver/Src/stm32h7xx_hal_pwr.o
 .debug_frame   0x0000000000003b18      0x580 ./Drivers/STM32H7xx_HAL_Driver/Src/stm32h7xx_hal_pwr_ex.o
 .debug_frame   0x0000000000004098      0x1f8 ./Drivers/STM32H7xx_HAL_Driver/Src/stm32h7xx_hal_rcc.o
 .debug_frame   0x0000000000004290      0x3f4 ./Drivers/STM32H7xx_HAL_Driver/Src/stm32h7xx_hal_rcc_ex.o
 .debug_frame   0x0000000000004684      0x778 ./Drivers/STM32H7xx_HAL_Driver/Src/stm32h7xx_hal_spi.o
 .debug_frame   0x0000000000004dfc     0x121c ./Drivers/STM32H7xx_HAL_Driver/Src/stm32h7xx_hal_tim.o
 .debug_frame   0x0000000000006018      0x6d8 ./Drivers/STM32H7xx_HAL_Driver/Src/stm32h7xx_hal_tim_ex.o
 .debug_frame   0x00000000000066f0      0xa94 ./Drivers/STM32H7xx_HAL_Driver/Src/stm32h7xx_hal_uart.o
 .debug_frame   0x0000000000007184      0x29c ./Drivers/STM32H7xx_HAL_Driver/Src/stm32h7xx_hal_uart_ex.o
 .debug_frame   0x0000000000007420       0x2c c:/st/stm32cubeide_1.12.0/stm32cubeide/plugins/com.st.stm32cube.ide.mcu.externaltools.gnu-tools-for-stm32.10.3-2021.10.win32_1.0.200.202301161003/tools/bin/../lib/gcc/arm-none-eabi/10.3.1/../../../../arm-none-eabi/lib/thumb/v7e-m+dp/hard\libc_nano.a(lib_a-init.o)